Archive member included to satisfy reference by file (symbol)

c:/st/stm32cubeide_1.5.1/stm32cubeide/plugins/com.st.stm32cube.ide.mcu.externaltools.gnu-tools-for-stm32.7-2018-q2-update.win32_1.5.0.202011040924/tools/bin/../lib/gcc/arm-none-eabi/7.3.1/../../../../arm-none-eabi/lib/thumb/v7e-m/fpv5/hard\libc_nano.a(lib_a-errno.o)
                              Core/Src/syscalls.o (__errno)
c:/st/stm32cubeide_1.5.1/stm32cubeide/plugins/com.st.stm32cube.ide.mcu.externaltools.gnu-tools-for-stm32.7-2018-q2-update.win32_1.5.0.202011040924/tools/bin/../lib/gcc/arm-none-eabi/7.3.1/../../../../arm-none-eabi/lib/thumb/v7e-m/fpv5/hard\libc_nano.a(lib_a-exit.o)
                              c:/st/stm32cubeide_1.5.1/stm32cubeide/plugins/com.st.stm32cube.ide.mcu.externaltools.gnu-tools-for-stm32.7-2018-q2-update.win32_1.5.0.202011040924/tools/bin/../lib/gcc/arm-none-eabi/7.3.1/../../../../arm-none-eabi/lib/thumb/v7e-m/fpv5/hard/crt0.o (exit)
c:/st/stm32cubeide_1.5.1/stm32cubeide/plugins/com.st.stm32cube.ide.mcu.externaltools.gnu-tools-for-stm32.7-2018-q2-update.win32_1.5.0.202011040924/tools/bin/../lib/gcc/arm-none-eabi/7.3.1/../../../../arm-none-eabi/lib/thumb/v7e-m/fpv5/hard\libc_nano.a(lib_a-impure.o)
                              c:/st/stm32cubeide_1.5.1/stm32cubeide/plugins/com.st.stm32cube.ide.mcu.externaltools.gnu-tools-for-stm32.7-2018-q2-update.win32_1.5.0.202011040924/tools/bin/../lib/gcc/arm-none-eabi/7.3.1/../../../../arm-none-eabi/lib/thumb/v7e-m/fpv5/hard\libc_nano.a(lib_a-exit.o) (_global_impure_ptr)
c:/st/stm32cubeide_1.5.1/stm32cubeide/plugins/com.st.stm32cube.ide.mcu.externaltools.gnu-tools-for-stm32.7-2018-q2-update.win32_1.5.0.202011040924/tools/bin/../lib/gcc/arm-none-eabi/7.3.1/../../../../arm-none-eabi/lib/thumb/v7e-m/fpv5/hard\libc_nano.a(lib_a-init.o)
                              c:/st/stm32cubeide_1.5.1/stm32cubeide/plugins/com.st.stm32cube.ide.mcu.externaltools.gnu-tools-for-stm32.7-2018-q2-update.win32_1.5.0.202011040924/tools/bin/../lib/gcc/arm-none-eabi/7.3.1/../../../../arm-none-eabi/lib/thumb/v7e-m/fpv5/hard/crt0.o (__libc_init_array)
c:/st/stm32cubeide_1.5.1/stm32cubeide/plugins/com.st.stm32cube.ide.mcu.externaltools.gnu-tools-for-stm32.7-2018-q2-update.win32_1.5.0.202011040924/tools/bin/../lib/gcc/arm-none-eabi/7.3.1/../../../../arm-none-eabi/lib/thumb/v7e-m/fpv5/hard\libc_nano.a(lib_a-memcpy-stub.o)
                              Middlewares/Third_Party/FreeRTOS/Source/CMSIS_RTOS_V2/cmsis_os2.o (memcpy)
c:/st/stm32cubeide_1.5.1/stm32cubeide/plugins/com.st.stm32cube.ide.mcu.externaltools.gnu-tools-for-stm32.7-2018-q2-update.win32_1.5.0.202011040924/tools/bin/../lib/gcc/arm-none-eabi/7.3.1/../../../../arm-none-eabi/lib/thumb/v7e-m/fpv5/hard\libc_nano.a(lib_a-memset.o)
                              c:/st/stm32cubeide_1.5.1/stm32cubeide/plugins/com.st.stm32cube.ide.mcu.externaltools.gnu-tools-for-stm32.7-2018-q2-update.win32_1.5.0.202011040924/tools/bin/../lib/gcc/arm-none-eabi/7.3.1/../../../../arm-none-eabi/lib/thumb/v7e-m/fpv5/hard/crt0.o (memset)
c:/st/stm32cubeide_1.5.1/stm32cubeide/plugins/com.st.stm32cube.ide.mcu.externaltools.gnu-tools-for-stm32.7-2018-q2-update.win32_1.5.0.202011040924/tools/bin/../lib/gcc/arm-none-eabi/7.3.1/../../../../arm-none-eabi/lib/thumb/v7e-m/fpv5/hard\libc_nano.a(lib_a-nano-vfprintf_float.o)
                              (_printf_float)
c:/st/stm32cubeide_1.5.1/stm32cubeide/plugins/com.st.stm32cube.ide.mcu.externaltools.gnu-tools-for-stm32.7-2018-q2-update.win32_1.5.0.202011040924/tools/bin/../lib/gcc/arm-none-eabi/7.3.1/../../../../arm-none-eabi/lib/thumb/v7e-m/fpv5/hard\libc_nano.a(lib_a-nano-vfprintf_i.o)
                              c:/st/stm32cubeide_1.5.1/stm32cubeide/plugins/com.st.stm32cube.ide.mcu.externaltools.gnu-tools-for-stm32.7-2018-q2-update.win32_1.5.0.202011040924/tools/bin/../lib/gcc/arm-none-eabi/7.3.1/../../../../arm-none-eabi/lib/thumb/v7e-m/fpv5/hard\libc_nano.a(lib_a-nano-vfprintf_float.o) (_printf_common)
c:/st/stm32cubeide_1.5.1/stm32cubeide/plugins/com.st.stm32cube.ide.mcu.externaltools.gnu-tools-for-stm32.7-2018-q2-update.win32_1.5.0.202011040924/tools/bin/../lib/gcc/arm-none-eabi/7.3.1/../../../../arm-none-eabi/lib/thumb/v7e-m/fpv5/hard\libc_nano.a(lib_a-nano-vfscanf_float.o)
                              (_scanf_float)
c:/st/stm32cubeide_1.5.1/stm32cubeide/plugins/com.st.stm32cube.ide.mcu.externaltools.gnu-tools-for-stm32.7-2018-q2-update.win32_1.5.0.202011040924/tools/bin/../lib/gcc/arm-none-eabi/7.3.1/../../../../arm-none-eabi/lib/thumb/v7e-m/fpv5/hard\libc_nano.a(lib_a-sf_nan.o)
                              c:/st/stm32cubeide_1.5.1/stm32cubeide/plugins/com.st.stm32cube.ide.mcu.externaltools.gnu-tools-for-stm32.7-2018-q2-update.win32_1.5.0.202011040924/tools/bin/../lib/gcc/arm-none-eabi/7.3.1/../../../../arm-none-eabi/lib/thumb/v7e-m/fpv5/hard\libc_nano.a(lib_a-nano-vfscanf_float.o) (nanf)
[...]
Memory Configuration

Name             Origin             Length             Attributes
RAM              0x0000000020000000 0x0000000000080000 xrw
FLASH            0x0000000008000000 0x0000000000200000 xr
*default*        0x0000000000000000 0xffffffffffffffff

Linker script and memory map

LOAD c:/st/stm32cubeide_1.5.1/stm32cubeide/plugins/com.st.stm32cube.ide.mcu.externaltools.gnu-tools-for-stm32.7-2018-q2-update.win32_1.5.0.202011040924/tools/bin/../lib/gcc/arm-none-eabi/7.3.1/thumb/v7e-m/fpv5/hard/crti.o
LOAD c:/st/stm32cubeide_1.5.1/stm32cubeide/plugins/com.st.stm32cube.ide.mcu.externaltools.gnu-tools-for-stm32.7-2018-q2-update.win32_1.5.0.202011040924/tools/bin/../lib/gcc/arm-none-eabi/7.3.1/thumb/v7e-m/fpv5/hard/crtbegin.o
LOAD c:/st/stm32cubeide_1.5.1/stm32cubeide/plugins/com.st.stm32cube.ide.mcu.externaltools.gnu-tools-for-stm32.7-2018-q2-update.win32_1.5.0.202011040924/tools/bin/../lib/gcc/arm-none-eabi/7.3.1/../../../../arm-none-eabi/lib/thumb/v7e-m/fpv5/hard/crt0.o
LOAD Core/Src/freertos.o
LOAD Core/Src/ls027b7dh01.o
LOAD Core/Src/main.o
LOAD Core/Src/stm32f7xx_hal_msp.o
LOAD Core/Src/stm32f7xx_hal_timebase_tim.o
LOAD Core/Src/stm32f7xx_it.o
LOAD Core/Src/syscalls.o
LOAD Core/Src/sysmem.o
LOAD Core/Src/system_stm32f7xx.o
LOAD Core/Startup/startup_stm32f777nihx.o
LOAD Drivers/STM32F7xx_HAL_Driver/Src/stm32f7xx_hal.o
LOAD Drivers/STM32F7xx_HAL_Driver/Src/stm32f7xx_hal_adc.o
LOAD Drivers/STM32F7xx_HAL_Driver/Src/stm32f7xx_hal_adc_ex.o
LOAD Drivers/STM32F7xx_HAL_Driver/Src/stm32f7xx_hal_cortex.o
LOAD Drivers/STM32F7xx_HAL_Driver/Src/stm32f7xx_hal_dma.o
LOAD Drivers/STM32F7xx_HAL_Driver/Src/stm32f7xx_hal_dma_ex.o
LOAD Drivers/STM32F7xx_HAL_Driver/Src/stm32f7xx_hal_exti.o
LOAD Drivers/STM32F7xx_HAL_Driver/Src/stm32f7xx_hal_flash.o
LOAD Drivers/STM32F7xx_HAL_Driver/Src/stm32f7xx_hal_flash_ex.o
LOAD Drivers/STM32F7xx_HAL_Driver/Src/stm32f7xx_hal_gpio.o
LOAD Drivers/STM32F7xx_HAL_Driver/Src/stm32f7xx_hal_i2c.o
LOAD Drivers/STM32F7xx_HAL_Driver/Src/stm32f7xx_hal_i2c_ex.o
LOAD Drivers/STM32F7xx_HAL_Driver/Src/stm32f7xx_hal_pcd.o
LOAD Drivers/STM32F7xx_HAL_Driver/Src/stm32f7xx_hal_pcd_ex.o
LOAD Drivers/STM32F7xx_HAL_Driver/Src/stm32f7xx_hal_pwr.o
LOAD Drivers/STM32F7xx_HAL_Driver/Src/stm32f7xx_hal_pwr_ex.o
LOAD Drivers/STM32F7xx_HAL_Driver/Src/stm32f7xx_hal_rcc.o
LOAD Drivers/STM32F7xx_HAL_Driver/Src/stm32f7xx_hal_rcc_ex.o
LOAD Drivers/STM32F7xx_HAL_Driver/Src/stm32f7xx_hal_rtc.o
LOAD Drivers/STM32F7xx_HAL_Driver/Src/stm32f7xx_hal_rtc_ex.o
LOAD Drivers/STM32F7xx_HAL_Driver/Src/stm32f7xx_hal_spi.o
LOAD Drivers/STM32F7xx_HAL_Driver/Src/stm32f7xx_hal_spi_ex.o
LOAD Drivers/STM32F7xx_HAL_Driver/Src/stm32f7xx_hal_tim.o
LOAD Drivers/STM32F7xx_HAL_Driver/Src/stm32f7xx_hal_tim_ex.o
LOAD Drivers/STM32F7xx_HAL_Driver/Src/stm32f7xx_hal_uart.o
LOAD Drivers/STM32F7xx_HAL_Driver/Src/stm32f7xx_hal_uart_ex.o
LOAD Drivers/STM32F7xx_HAL_Driver/Src/stm32f7xx_ll_usb.o
LOAD Middlewares/Third_Party/FreeRTOS/Source/CMSIS_RTOS_V2/cmsis_os2.o
LOAD Middlewares/Third_Party/FreeRTOS/Source/croutine.o
LOAD Middlewares/Third_Party/FreeRTOS/Source/event_groups.o
LOAD Middlewares/Third_Party/FreeRTOS/Source/list.o
LOAD Middlewares/Third_Party/FreeRTOS/Source/queue.o
LOAD Middlewares/Third_Party/FreeRTOS/Source/stream_buffer.o
LOAD Middlewares/Third_Party/FreeRTOS/Source/tasks.o
LOAD Middlewares/Third_Party/FreeRTOS/Source/timers.o
LOAD Middlewares/Third_Party/FreeRTOS/Source/portable/GCC/ARM_CM7/r0p1/port.o
LOAD Middlewares/Third_Party/FreeRTOS/Source/portable/MemMang/heap_4.o
START GROUP
LOAD c:/st/stm32cubeide_1.5.1/stm32cubeide/plugins/com.st.stm32cube.ide.mcu.externaltools.gnu-tools-for-stm32.7-2018-q2-update.win32_1.5.0.202011040924/tools/bin/../lib/gcc/arm-none-eabi/7.3.1/../../../../arm-none-eabi/lib/thumb/v7e-m/fpv5/hard\libc_nano.a
LOAD c:/st/stm32cubeide_1.5.1/stm32cubeide/plugins/com.st.stm32cube.ide.mcu.externaltools.gnu-tools-for-stm32.7-2018-q2-update.win32_1.5.0.202011040924/tools/bin/../lib/gcc/arm-none-eabi/7.3.1/../../../../arm-none-eabi/lib/thumb/v7e-m/fpv5/hard\libm.a
END GROUP
START GROUP
LOAD c:/st/stm32cubeide_1.5.1/stm32cubeide/plugins/com.st.stm32cube.ide.mcu.externaltools.gnu-tools-for-stm32.7-2018-q2-update.win32_1.5.0.202011040924/tools/bin/../lib/gcc/arm-none-eabi/7.3.1/thumb/v7e-m/fpv5/hard\libgcc.a
LOAD c:/st/stm32cubeide_1.5.1/stm32cubeide/plugins/com.st.stm32cube.ide.mcu.externaltools.gnu-tools-for-stm32.7-2018-q2-update.win32_1.5.0.202011040924/tools/bin/../lib/gcc/arm-none-eabi/7.3.1/../../../../arm-none-eabi/lib/thumb/v7e-m/fpv5/hard\libc_nano.a
END GROUP
START GROUP
LOAD c:/st/stm32cubeide_1.5.1/stm32cubeide/plugins/com.st.stm32cube.ide.mcu.externaltools.gnu-tools-for-stm32.7-2018-q2-update.win32_1.5.0.202011040924/tools/bin/../lib/gcc/arm-none-eabi/7.3.1/thumb/v7e-m/fpv5/hard\libgcc.a
LOAD c:/st/stm32cubeide_1.5.1/stm32cubeide/plugins/com.st.stm32cube.ide.mcu.externaltools.gnu-tools-for-stm32.7-2018-q2-update.win32_1.5.0.202011040924/tools/bin/../lib/gcc/arm-none-eabi/7.3.1/../../../../arm-none-eabi/lib/thumb/v7e-m/fpv5/hard\libc_nano.a
LOAD c:/st/stm32cubeide_1.5.1/stm32cubeide/plugins/com.st.stm32cube.ide.mcu.externaltools.gnu-tools-for-stm32.7-2018-q2-update.win32_1.5.0.202011040924/tools/bin/../lib/gcc/arm-none-eabi/7.3.1/../../../../arm-none-eabi/lib/thumb/v7e-m/fpv5/hard\libnosys.a
END GROUP
START GROUP
LOAD c:/st/stm32cubeide_1.5.1/stm32cubeide/plugins/com.st.stm32cube.ide.mcu.externaltools.gnu-tools-for-stm32.7-2018-q2-update.win32_1.5.0.202011040924/tools/bin/../lib/gcc/arm-none-eabi/7.3.1/thumb/v7e-m/fpv5/hard\libgcc.a
LOAD c:/st/stm32cubeide_1.5.1/stm32cubeide/plugins/com.st.stm32cube.ide.mcu.externaltools.gnu-tools-for-stm32.7-2018-q2-update.win32_1.5.0.202011040924/tools/bin/../lib/gcc/arm-none-eabi/7.3.1/../../../../arm-none-eabi/lib/thumb/v7e-m/fpv5/hard\libc_nano.a
LOAD c:/st/stm32cubeide_1.5.1/stm32cubeide/plugins/com.st.stm32cube.ide.mcu.externaltools.gnu-tools-for-stm32.7-2018-q2-update.win32_1.5.0.202011040924/tools/bin/../lib/gcc/arm-none-eabi/7.3.1/../../../../arm-none-eabi/lib/thumb/v7e-m/fpv5/hard\libnosys.a
END GROUP
LOAD c:/st/stm32cubeide_1.5.1/stm32cubeide/plugins/com.st.stm32cube.ide.mcu.externaltools.gnu-tools-for-stm32.7-2018-q2-update.win32_1.5.0.202011040924/tools/bin/../lib/gcc/arm-none-eabi/7.3.1/thumb/v7e-m/fpv5/hard/crtend.o
LOAD c:/st/stm32cubeide_1.5.1/stm32cubeide/plugins/com.st.stm32cube.ide.mcu.externaltools.gnu-tools-for-stm32.7-2018-q2-update.win32_1.5.0.202011040924/tools/bin/../lib/gcc/arm-none-eabi/7.3.1/thumb/v7e-m/fpv5/hard/crtn.o
                0x0000000020080000                _estack = (ORIGIN (RAM) + LENGTH (RAM))
                0x0000000000000200                _Min_Heap_Size = 0x200
                0x0000000000000400                _Min_Stack_Size = 0x400

.isr_vector     0x0000000008000000      0x1f8
                0x0000000008000000                . = ALIGN (0x4)
 *(.isr_vector)
 .isr_vector    0x0000000008000000      0x1f8 Core/Startup/startup_stm32f777nihx.o
                0x0000000008000000                g_pfnVectors
                0x00000000080001f8                . = ALIGN (0x4)

.text           0x0000000008000200    0x10018
                0x0000000008000200                . = ALIGN (0x4)
 *(.text)
 .text          0x0000000008000200       0x40 c:/st/stm32cubeide_1.5.1/stm32cubeide/plugins/com.st.stm32cube.ide.mcu.externaltools.gnu-tools-for-stm32.7-2018-q2-update.win32_1.5.0.202011040924/tools/bin/../lib/gcc/arm-none-eabi/7.3.1/thumb/v7e-m/fpv5/hard/crtbegin.o
 .text          0x0000000008000240       0x10 c:/st/stm32cubeide_1.5.1/stm32cubeide/plugins/com.st.stm32cube.ide.mcu.externaltools.gnu-tools-for-stm32.7-2018-q2-update.win32_1.5.0.202011040924/tools/bin/../lib/gcc/arm-none-eabi/7.3.1/../../../../arm-none-eabi/lib/thumb/v7e-m/fpv5/hard\libc_nano.a(lib_a-strlen.o)
                0x0000000008000240                strlen
 .text          0x0000000008000250       0xa0 c:/st/stm32cubeide_1.5.1/stm32cubeide/plugins/com.st.stm32cube.ide.mcu.externaltools.gnu-tools-for-stm32.7-2018-q2-update.win32_1.5.0.202011040924/tools/bin/../lib/gcc/arm-none-eabi/7.3.1/../../../../arm-none-eabi/lib/thumb/v7e-m/fpv5/hard\libc_nano.a(lib_a-memchr.o)
                0x0000000008000250                memchr
 .text          0x00000000080002f0       0x30 c:/st/stm32cubeide_1.5.1/stm32cubeide/plugins/com.st.stm32cube.ide.mcu.externaltools.gnu-tools-for-stm32.7-2018-q2-update.win32_1.5.0.202011040924/tools/bin/../lib/gcc/arm-none-eabi/7.3.1/thumb/v7e-m/fpv5/hard\libgcc.a(_aeabi_uldivmod.o)
                0x00000000080002f0                __aeabi_uldivmod
 .text          0x0000000008000320      0x2cc c:/st/stm32cubeide_1.5.1/stm32cubeide/plugins/com.st.stm32cube.ide.mcu.externaltools.gnu-tools-for-stm32.7-2018-q2-update.win32_1.5.0.202011040924/tools/bin/../lib/gcc/arm-none-eabi/7.3.1/thumb/v7e-m/fpv5/hard\libgcc.a(_udivmoddi4.o)
                0x0000000008000320                __udivmoddi4
 .text          0x00000000080005ec        0x4 c:/st/stm32cubeide_1.5.1/stm32cubeide/plugins/com.st.stm32cube.ide.mcu.externaltools.gnu-tools-for-stm32.7-2018-q2-update.win32_1.5.0.202011040924/tools/bin/../lib/gcc/arm-none-eabi/7.3.1/thumb/v7e-m/fpv5/hard\libgcc.a(_dvmd_tls.o)
                0x00000000080005ec                __aeabi_idiv0
                0x00000000080005ec                __aeabi_ldiv0
 *(.text*)
 .text.SMLCD_InitGPIO
                0x00000000080005f0       0x24 Core/Src/ls027b7dh01.o
                0x00000000080005f0                SMLCD_InitGPIO
 .text.SMLCD_Init
                0x0000000008000614       0x18 Core/Src/ls027b7dh01.o
                0x0000000008000614                SMLCD_Init
 .text.SMLCD_Clear
                0x000000000800062c       0x3c Core/Src/ls027b7dh01.o
                0x000000000800062c                SMLCD_Clear
 .text.SMLCD_Flush
                0x0000000008000668       0xc0 Core/Src/ls027b7dh01.o
                0x0000000008000668                SMLCD_Flush
 .text.SMLCD_Orientation
                0x0000000008000728       0x50 Core/Src/ls027b7dh01.o
                0x0000000008000728                SMLCD_Orientation
 .text.LCD_Clear
                0x0000000008000778       0x4c Core/Src/ls027b7dh01.o
                0x0000000008000778                LCD_Clear
 .text.LCD_Pixel
                0x00000000080007c4       0xc0 Core/Src/ls027b7dh01.o
                0x00000000080007c4                LCD_Pixel
 .text.LCD_Circle
                0x0000000008000884      0x270 Core/Src/ls027b7dh01.o
                0x0000000008000884                LCD_Circle
 .text.SMLCD_Enable
                0x0000000008000af4       0x18 Core/Src/main.o
 .text.main     0x0000000008000b0c      0x2e0 Core/Src/main.o
                0x0000000008000b0c                main
 .text.SystemClock_Config
                0x0000000008000dec      0x150 Core/Src/main.o
                0x0000000008000dec                SystemClock_Config
 .text.MX_ADC1_Init
                0x0000000008000f3c      0x1bc Core/Src/main.o
 .text.MX_ADC2_Init
                0x00000000080010f8       0xf8 Core/Src/main.o
 .text.MX_ADC3_Init
                0x00000000080011f0      0x130 Core/Src/main.o
 .text.MX_I2C1_Init
                0x0000000008001320       0x80 Core/Src/main.o
 .text.MX_I2C2_Init
                0x00000000080013a0       0x80 Core/Src/main.o
 .text.MX_I2C3_Init
                0x0000000008001420       0x80 Core/Src/main.o
 .text.MX_I2C4_Init
                0x00000000080014a0       0x80 Core/Src/main.o
 .text.MX_RTC_Init
                0x0000000008001520       0x4c Core/Src/main.o
 .text.MX_SPI4_Init
                0x000000000800156c       0x7c Core/Src/main.o
 .text.MX_SPI5_Init
                0x00000000080015e8       0x7c Core/Src/main.o
 .text.MX_TIM4_Init
                0x0000000008001664       0xf0 Core/Src/main.o
 .text.MX_TIM5_Init
                0x0000000008001754      0x104 Core/Src/main.o
 .text.MX_UART4_Init
                0x0000000008001858       0x60 Core/Src/main.o
 .text.MX_UART5_Init
                0x00000000080018b8       0x60 Core/Src/main.o
 .text.MX_UART7_Init
                0x0000000008001918       0x60 Core/Src/main.o
 .text.MX_USB_OTG_FS_PCD_Init
                0x0000000008001978       0x5c Core/Src/main.o
 .text.MX_DMA_Init
                0x00000000080019d4       0x84 Core/Src/main.o
 .text.MX_GPIO_Init
                0x0000000008001a58      0x340 Core/Src/main.o
 .text.outputGPIOBufInitialization
                0x0000000008001d98       0x18 Core/Src/main.o
                0x0000000008001d98                outputGPIOBufInitialization
 .text.uartTransmitChar
                0x0000000008001db0       0x40 Core/Src/main.o
                0x0000000008001db0                uartTransmitChar
 .text.uartTransmitInt
                0x0000000008001df0       0x40 Core/Src/main.o
                0x0000000008001df0                uartTransmitInt
 .text.readI2CRegister
                0x0000000008001e30      0x164 Core/Src/main.o
                0x0000000008001e30                readI2CRegister
 .text.writeI2CRegister
                0x0000000008001f94      0x118 Core/Src/main.o
                0x0000000008001f94                writeI2CRegister
 .text.configureLEDDriver
                0x00000000080020ac      0x118 Core/Src/main.o
                0x00000000080020ac                configureLEDDriver
 .text.setErrorLED
                0x00000000080021c4      0x238 Core/Src/main.o
                0x00000000080021c4                setErrorLED
 .text.getADCValues
                0x00000000080023fc      0x874 Core/Src/main.o
                0x00000000080023fc                getADCValues
 .text.HAL_ADC_ConvCpltCallback
                0x0000000008002c70       0x14 Core/Src/main.o
                0x0000000008002c70                HAL_ADC_ConvCpltCallback
 .text.startHeartbeat
                0x0000000008002c84       0x20 Core/Src/main.o
                0x0000000008002c84                startHeartbeat
 .text.startADCRead
                0x0000000008002ca4       0x80 Core/Src/main.o
                0x0000000008002ca4                startADCRead
 .text.GetDaScreenBlink
                0x0000000008002d24       0x90 Core/Src/main.o
                0x0000000008002d24                GetDaScreenBlink
 .text.startGpioInputRead
                0x0000000008002db4      0x12c Core/Src/main.o
                0x0000000008002db4                startGpioInputRead
 .text.HAL_TIM_PeriodElapsedCallback
                0x0000000008002ee0       0x24 Core/Src/main.o
                0x0000000008002ee0                HAL_TIM_PeriodElapsedCallback
 .text.Error_Handler
                0x0000000008002f04        0x8 Core/Src/main.o
                0x0000000008002f04                Error_Handler
 .text.HAL_MspInit
                0x0000000008002f0c       0x50 Core/Src/stm32f7xx_hal_msp.o
                0x0000000008002f0c                HAL_MspInit
 .text.HAL_ADC_MspInit
                0x0000000008002f5c      0x3d8 Core/Src/stm32f7xx_hal_msp.o
                0x0000000008002f5c                HAL_ADC_MspInit
 .text.HAL_I2C_MspInit
                0x0000000008003334      0x1f4 Core/Src/stm32f7xx_hal_msp.o
                0x0000000008003334                HAL_I2C_MspInit
 .text.HAL_RTC_MspInit
                0x0000000008003528       0x34 Core/Src/stm32f7xx_hal_msp.o
                0x0000000008003528                HAL_RTC_MspInit
 .text.HAL_SPI_MspInit
                0x000000000800355c      0x138 Core/Src/stm32f7xx_hal_msp.o
                0x000000000800355c                HAL_SPI_MspInit
 .text.HAL_TIM_Base_MspInit
                0x0000000008003694       0x68 Core/Src/stm32f7xx_hal_msp.o
                0x0000000008003694                HAL_TIM_Base_MspInit
 .text.HAL_TIM_MspPostInit
                0x00000000080036fc       0xbc Core/Src/stm32f7xx_hal_msp.o
                0x00000000080036fc                HAL_TIM_MspPostInit
 .text.HAL_UART_MspInit
                0x00000000080037b8      0x1f4 Core/Src/stm32f7xx_hal_msp.o
                0x00000000080037b8                HAL_UART_MspInit
 .text.HAL_PCD_MspInit
                0x00000000080039ac       0x9c Core/Src/stm32f7xx_hal_msp.o
                0x00000000080039ac                HAL_PCD_MspInit
 .text.HAL_InitTick
                0x0000000008003a48       0xb0 Core/Src/stm32f7xx_hal_timebase_tim.o
                0x0000000008003a48                HAL_InitTick
 .text.NMI_Handler
                0x0000000008003af8        0x6 Core/Src/stm32f7xx_it.o
                0x0000000008003af8                NMI_Handler
 .text.HardFault_Handler
                0x0000000008003afe        0x6 Core/Src/stm32f7xx_it.o
                0x0000000008003afe                HardFault_Handler
 .text.MemManage_Handler
                0x0000000008003b04        0x6 Core/Src/stm32f7xx_it.o
                0x0000000008003b04                MemManage_Handler
 .text.BusFault_Handler
                0x0000000008003b0a        0x6 Core/Src/stm32f7xx_it.o
                0x0000000008003b0a                BusFault_Handler
 .text.UsageFault_Handler
                0x0000000008003b10        0x6 Core/Src/stm32f7xx_it.o
                0x0000000008003b10                UsageFault_Handler
 .text.DebugMon_Handler
                0x0000000008003b16        0xe Core/Src/stm32f7xx_it.o
                0x0000000008003b16                DebugMon_Handler
 .text.DMA1_Stream0_IRQHandler
                0x0000000008003b24       0x14 Core/Src/stm32f7xx_it.o
                0x0000000008003b24                DMA1_Stream0_IRQHandler
 .text.ADC_IRQHandler
                0x0000000008003b38       0x28 Core/Src/stm32f7xx_it.o
                0x0000000008003b38                ADC_IRQHandler
 .text.TIM6_DAC_IRQHandler
                0x0000000008003b60       0x14 Core/Src/stm32f7xx_it.o
                0x0000000008003b60                TIM6_DAC_IRQHandler
 .text.DMA2_Stream0_IRQHandler
                0x0000000008003b74       0x28 Core/Src/stm32f7xx_it.o
                0x0000000008003b74                DMA2_Stream0_IRQHandler
 .text.DMA2_Stream1_IRQHandler
                0x0000000008003b9c       0x28 Core/Src/stm32f7xx_it.o
                0x0000000008003b9c                DMA2_Stream1_IRQHandler
 .text.DMA2_Stream2_IRQHandler
                0x0000000008003bc4       0x28 Core/Src/stm32f7xx_it.o
                0x0000000008003bc4                DMA2_Stream2_IRQHandler
 .text.SPI4_IRQHandler
                0x0000000008003bec       0x14 Core/Src/stm32f7xx_it.o
                0x0000000008003bec                SPI4_IRQHandler
 .text._sbrk    0x0000000008003c00       0x6c Core/Src/sysmem.o
                0x0000000008003c00                _sbrk
 .text.SystemInit
                0x0000000008003c6c       0x2c Core/Src/system_stm32f7xx.o
                0x0000000008003c6c                SystemInit
 .text.Reset_Handler
                0x0000000008003c98       0x50 Core/Startup/startup_stm32f777nihx.o
                0x0000000008003c98                Reset_Handler
 .text.Default_Handler
                0x0000000008003ce8        0x2 Core/Startup/startup_stm32f777nihx.o
                0x0000000008003ce8                RTC_Alarm_IRQHandler
                0x0000000008003ce8                HASH_RNG_IRQHandler
                0x0000000008003ce8                EXTI2_IRQHandler
                0x0000000008003ce8                TIM8_CC_IRQHandler
                0x0000000008003ce8                UART8_IRQHandler
                0x0000000008003ce8                TIM1_CC_IRQHandler
                0x0000000008003ce8                DMA2_Stream5_IRQHandler
                0x0000000008003ce8                JPEG_IRQHandler
                0x0000000008003ce8                DMA1_Stream5_IRQHandler
                0x0000000008003ce8                CAN3_RX1_IRQHandler
                0x0000000008003ce8                PVD_IRQHandler
                0x0000000008003ce8                TAMP_STAMP_IRQHandler
                0x0000000008003ce8                CAN2_RX1_IRQHandler
                0x0000000008003ce8                EXTI3_IRQHandler
                0x0000000008003ce8                TIM8_TRG_COM_TIM14_IRQHandler
                0x0000000008003ce8                DFSDM1_FLT1_IRQHandler
                0x0000000008003ce8                TIM1_UP_TIM10_IRQHandler
                0x0000000008003ce8                TIM8_UP_TIM13_IRQHandler
                0x0000000008003ce8                I2C3_ER_IRQHandler
                0x0000000008003ce8                DFSDM1_FLT2_IRQHandler
                0x0000000008003ce8                EXTI0_IRQHandler
                0x0000000008003ce8                I2C2_EV_IRQHandler
                0x0000000008003ce8                DMA1_Stream2_IRQHandler
                0x0000000008003ce8                CAN1_RX0_IRQHandler
                0x0000000008003ce8                FPU_IRQHandler
                0x0000000008003ce8                OTG_HS_WKUP_IRQHandler
                0x0000000008003ce8                CAN3_SCE_IRQHandler
                0x0000000008003ce8                LTDC_ER_IRQHandler
                0x0000000008003ce8                CAN2_SCE_IRQHandler
                0x0000000008003ce8                SPI1_IRQHandler
                0x0000000008003ce8                TIM1_BRK_TIM9_IRQHandler
                0x0000000008003ce8                DCMI_IRQHandler
                0x0000000008003ce8                CAN2_RX0_IRQHandler
                0x0000000008003ce8                DMA2_Stream3_IRQHandler
                0x0000000008003ce8                SAI2_IRQHandler
                0x0000000008003ce8                DFSDM1_FLT3_IRQHandler
                0x0000000008003ce8                USART6_IRQHandler
                0x0000000008003ce8                CAN3_RX0_IRQHandler
                0x0000000008003ce8                USART3_IRQHandler
                0x0000000008003ce8                CRYP_IRQHandler
                0x0000000008003ce8                CAN1_RX1_IRQHandler
                0x0000000008003ce8                UART5_IRQHandler
                0x0000000008003ce8                TIM4_IRQHandler
                0x0000000008003ce8                QUADSPI_IRQHandler
                0x0000000008003ce8                I2C1_EV_IRQHandler
                0x0000000008003ce8                DMA1_Stream6_IRQHandler
                0x0000000008003ce8                DMA1_Stream1_IRQHandler
                0x0000000008003ce8                UART4_IRQHandler
                0x0000000008003ce8                TIM3_IRQHandler
                0x0000000008003ce8                RCC_IRQHandler
                0x0000000008003ce8                TIM8_BRK_TIM12_IRQHandler
                0x0000000008003ce8                Default_Handler
                0x0000000008003ce8                CEC_IRQHandler
                0x0000000008003ce8                EXTI15_10_IRQHandler
                0x0000000008003ce8                DMA1_Stream7_IRQHandler
                0x0000000008003ce8                SPI5_IRQHandler
                0x0000000008003ce8                TIM7_IRQHandler
                0x0000000008003ce8                SDMMC1_IRQHandler
                0x0000000008003ce8                CAN2_TX_IRQHandler
                0x0000000008003ce8                TIM5_IRQHandler
                0x0000000008003ce8                DMA2_Stream7_IRQHandler
                0x0000000008003ce8                I2C3_EV_IRQHandler
                0x0000000008003ce8                EXTI9_5_IRQHandler
                0x0000000008003ce8                RTC_WKUP_IRQHandler
                0x0000000008003ce8                LTDC_IRQHandler
                0x0000000008003ce8                ETH_WKUP_IRQHandler
                0x0000000008003ce8                SPDIF_RX_IRQHandler
                0x0000000008003ce8                SPI2_IRQHandler
                0x0000000008003ce8                OTG_HS_EP1_IN_IRQHandler
                0x0000000008003ce8                CAN1_TX_IRQHandler
                0x0000000008003ce8                EXTI4_IRQHandler
                0x0000000008003ce8                ETH_IRQHandler
                0x0000000008003ce8                OTG_HS_EP1_OUT_IRQHandler
                0x0000000008003ce8                WWDG_IRQHandler
                0x0000000008003ce8                SPI6_IRQHandler
                0x0000000008003ce8                MDIOS_IRQHandler
                0x0000000008003ce8                I2C4_EV_IRQHandler
                0x0000000008003ce8                CAN3_TX_IRQHandler
                0x0000000008003ce8                TIM2_IRQHandler
                0x0000000008003ce8                OTG_FS_WKUP_IRQHandler
                0x0000000008003ce8                TIM1_TRG_COM_TIM11_IRQHandler
                0x0000000008003ce8                OTG_HS_IRQHandler
                0x0000000008003ce8                DMA2D_IRQHandler
                0x0000000008003ce8                EXTI1_IRQHandler
                0x0000000008003ce8                SDMMC2_IRQHandler
                0x0000000008003ce8                UART7_IRQHandler
                0x0000000008003ce8                USART2_IRQHandler
                0x0000000008003ce8                DFSDM1_FLT0_IRQHandler
                0x0000000008003ce8                I2C2_ER_IRQHandler
                0x0000000008003ce8                CAN1_SCE_IRQHandler
                0x0000000008003ce8                FLASH_IRQHandler
                0x0000000008003ce8                DMA2_Stream4_IRQHandler
                0x0000000008003ce8                USART1_IRQHandler
                0x0000000008003ce8                OTG_FS_IRQHandler
                0x0000000008003ce8                SPI3_IRQHandler
                0x0000000008003ce8                DMA1_Stream4_IRQHandler
                0x0000000008003ce8                I2C1_ER_IRQHandler
                0x0000000008003ce8                FMC_IRQHandler
                0x0000000008003ce8                LPTIM1_IRQHandler
                0x0000000008003ce8                I2C4_ER_IRQHandler
                0x0000000008003ce8                DMA2_Stream6_IRQHandler
                0x0000000008003ce8                SAI1_IRQHandler
                0x0000000008003ce8                DMA1_Stream3_IRQHandler
 .text.HAL_Init
                0x0000000008003cea       0x1a Drivers/STM32F7xx_HAL_Driver/Src/stm32f7xx_hal.o
                0x0000000008003cea                HAL_Init
 .text.HAL_IncTick
                0x0000000008003d04       0x28 Drivers/STM32F7xx_HAL_Driver/Src/stm32f7xx_hal.o
                0x0000000008003d04                HAL_IncTick
 .text.HAL_GetTick
                0x0000000008003d2c       0x18 Drivers/STM32F7xx_HAL_Driver/Src/stm32f7xx_hal.o
                0x0000000008003d2c                HAL_GetTick
 .text.HAL_Delay
                0x0000000008003d44       0x44 Drivers/STM32F7xx_HAL_Driver/Src/stm32f7xx_hal.o
                0x0000000008003d44                HAL_Delay
 .text.HAL_ADC_Init
                0x0000000008003d88       0x88 Drivers/STM32F7xx_HAL_Driver/Src/stm32f7xx_hal_adc.o
                0x0000000008003d88                HAL_ADC_Init
 .text.HAL_ADC_IRQHandler
                0x0000000008003e10      0x282 Drivers/STM32F7xx_HAL_Driver/Src/stm32f7xx_hal_adc.o
                0x0000000008003e10                HAL_ADC_IRQHandler
 *fill*         0x0000000008004092        0x2 
 .text.HAL_ADC_Start_DMA
                0x0000000008004094      0x1dc Drivers/STM32F7xx_HAL_Driver/Src/stm32f7xx_hal_adc.o
                0x0000000008004094                HAL_ADC_Start_DMA
 .text.HAL_ADC_Stop_DMA
                0x0000000008004270       0x94 Drivers/STM32F7xx_HAL_Driver/Src/stm32f7xx_hal_adc.o
                0x0000000008004270                HAL_ADC_Stop_DMA
 .text.HAL_ADC_ConvHalfCpltCallback
                0x0000000008004304       0x14 Drivers/STM32F7xx_HAL_Driver/Src/stm32f7xx_hal_adc.o
                0x0000000008004304                HAL_ADC_ConvHalfCpltCallback
 .text.HAL_ADC_LevelOutOfWindowCallback
                0x0000000008004318       0x14 Drivers/STM32F7xx_HAL_Driver/Src/stm32f7xx_hal_adc.o
                0x0000000008004318                HAL_ADC_LevelOutOfWindowCallback
 .text.HAL_ADC_ErrorCallback
                0x000000000800432c       0x14 Drivers/STM32F7xx_HAL_Driver/Src/stm32f7xx_hal_adc.o
                0x000000000800432c                HAL_ADC_ErrorCallback
 .text.HAL_ADC_ConfigChannel
                0x0000000008004340      0x294 Drivers/STM32F7xx_HAL_Driver/Src/stm32f7xx_hal_adc.o
                0x0000000008004340                HAL_ADC_ConfigChannel
 .text.ADC_Init
                0x00000000080045d4      0x1f4 Drivers/STM32F7xx_HAL_Driver/Src/stm32f7xx_hal_adc.o
 .text.ADC_DMAConvCplt
                0x00000000080047c8       0xba Drivers/STM32F7xx_HAL_Driver/Src/stm32f7xx_hal_adc.o
 .text.ADC_DMAHalfConvCplt
                0x0000000008004882       0x1c Drivers/STM32F7xx_HAL_Driver/Src/stm32f7xx_hal_adc.o
 .text.ADC_DMAError
                0x000000000800489e       0x2e Drivers/STM32F7xx_HAL_Driver/Src/stm32f7xx_hal_adc.o
 .text.HAL_ADCEx_InjectedConvCpltCallback
                0x00000000080048cc       0x14 Drivers/STM32F7xx_HAL_Driver/Src/stm32f7xx_hal_adc_ex.o
                0x00000000080048cc                HAL_ADCEx_InjectedConvCpltCallback
 .text.__NVIC_SetPriorityGrouping
                0x00000000080048e0       0x48 Drivers/STM32F7xx_HAL_Driver/Src/stm32f7xx_hal_cortex.o
 .text.__NVIC_GetPriorityGrouping
                0x0000000008004928       0x1c Drivers/STM32F7xx_HAL_Driver/Src/stm32f7xx_hal_cortex.o
 .text.__NVIC_EnableIRQ
                0x0000000008004944       0x3c Drivers/STM32F7xx_HAL_Driver/Src/stm32f7xx_hal_cortex.o
 .text.__NVIC_SetPriority
                0x0000000008004980       0x54 Drivers/STM32F7xx_HAL_Driver/Src/stm32f7xx_hal_cortex.o
 .text.NVIC_EncodePriority
                0x00000000080049d4       0x66 Drivers/STM32F7xx_HAL_Driver/Src/stm32f7xx_hal_cortex.o
 .text.HAL_NVIC_SetPriorityGrouping
                0x0000000008004a3a       0x16 Drivers/STM32F7xx_HAL_Driver/Src/stm32f7xx_hal_cortex.o
                0x0000000008004a3a                HAL_NVIC_SetPriorityGrouping
 .text.HAL_NVIC_SetPriority
                0x0000000008004a50       0x38 Drivers/STM32F7xx_HAL_Driver/Src/stm32f7xx_hal_cortex.o
                0x0000000008004a50                HAL_NVIC_SetPriority
 .text.HAL_NVIC_EnableIRQ
                0x0000000008004a88       0x1c Drivers/STM32F7xx_HAL_Driver/Src/stm32f7xx_hal_cortex.o
                0x0000000008004a88                HAL_NVIC_EnableIRQ
 .text.HAL_DMA_Init
                0x0000000008004aa4      0x15c Drivers/STM32F7xx_HAL_Driver/Src/stm32f7xx_hal_dma.o
                0x0000000008004aa4                HAL_DMA_Init
 .text.HAL_DMA_Start_IT
                0x0000000008004c00       0xc0 Drivers/STM32F7xx_HAL_Driver/Src/stm32f7xx_hal_dma.o
                0x0000000008004c00                HAL_DMA_Start_IT
 .text.HAL_DMA_Abort
                0x0000000008004cc0       0xe0 Drivers/STM32F7xx_HAL_Driver/Src/stm32f7xx_hal_dma.o
                0x0000000008004cc0                HAL_DMA_Abort
 .text.HAL_DMA_Abort_IT
                0x0000000008004da0       0x44 Drivers/STM32F7xx_HAL_Driver/Src/stm32f7xx_hal_dma.o
                0x0000000008004da0                HAL_DMA_Abort_IT
 .text.HAL_DMA_IRQHandler
                0x0000000008004de4      0x314 Drivers/STM32F7xx_HAL_Driver/Src/stm32f7xx_hal_dma.o
                0x0000000008004de4                HAL_DMA_IRQHandler
 .text.DMA_SetConfig
                0x00000000080050f8       0x5c Drivers/STM32F7xx_HAL_Driver/Src/stm32f7xx_hal_dma.o
 .text.DMA_CalcBaseAndBitshift
                0x0000000008005154       0x6c Drivers/STM32F7xx_HAL_Driver/Src/stm32f7xx_hal_dma.o
 .text.DMA_CheckFifoParam
                0x00000000080051c0       0xf4 Drivers/STM32F7xx_HAL_Driver/Src/stm32f7xx_hal_dma.o
 .text.HAL_GPIO_Init
                0x00000000080052b4      0x354 Drivers/STM32F7xx_HAL_Driver/Src/stm32f7xx_hal_gpio.o
                0x00000000080052b4                HAL_GPIO_Init
 .text.HAL_GPIO_ReadPin
                0x0000000008005608       0x30 Drivers/STM32F7xx_HAL_Driver/Src/stm32f7xx_hal_gpio.o
                0x0000000008005608                HAL_GPIO_ReadPin
 .text.HAL_GPIO_WritePin
                0x0000000008005638       0x32 Drivers/STM32F7xx_HAL_Driver/Src/stm32f7xx_hal_gpio.o
                0x0000000008005638                HAL_GPIO_WritePin
 .text.HAL_GPIO_TogglePin
                0x000000000800566a       0x34 Drivers/STM32F7xx_HAL_Driver/Src/stm32f7xx_hal_gpio.o
                0x000000000800566a                HAL_GPIO_TogglePin
 *fill*         0x000000000800569e        0x2 
 .text.HAL_I2C_Init
                0x00000000080056a0      0x120 Drivers/STM32F7xx_HAL_Driver/Src/stm32f7xx_hal_i2c.o
                0x00000000080056a0                HAL_I2C_Init
 .text.HAL_I2C_Master_Transmit
                0x00000000080057c0      0x1e8 Drivers/STM32F7xx_HAL_Driver/Src/stm32f7xx_hal_i2c.o
                0x00000000080057c0                HAL_I2C_Master_Transmit
 .text.HAL_I2C_Master_Receive
                0x00000000080059a8      0x1ec Drivers/STM32F7xx_HAL_Driver/Src/stm32f7xx_hal_i2c.o
                0x00000000080059a8                HAL_I2C_Master_Receive
 .text.I2C_Flush_TXDR
                0x0000000008005b94       0x48 Drivers/STM32F7xx_HAL_Driver/Src/stm32f7xx_hal_i2c.o
 .text.I2C_WaitOnFlagUntilTimeout
                0x0000000008005bdc       0x80 Drivers/STM32F7xx_HAL_Driver/Src/stm32f7xx_hal_i2c.o
 .text.I2C_WaitOnTXISFlagUntilTimeout
                0x0000000008005c5c       0x80 Drivers/STM32F7xx_HAL_Driver/Src/stm32f7xx_hal_i2c.o
 .text.I2C_WaitOnSTOPFlagUntilTimeout
                0x0000000008005cdc       0x78 Drivers/STM32F7xx_HAL_Driver/Src/stm32f7xx_hal_i2c.o
 .text.I2C_WaitOnRXNEFlagUntilTimeout
                0x0000000008005d54       0xd8 Drivers/STM32F7xx_HAL_Driver/Src/stm32f7xx_hal_i2c.o
 .text.I2C_IsAcknowledgeFailed
                0x0000000008005e2c       0xcc Drivers/STM32F7xx_HAL_Driver/Src/stm32f7xx_hal_i2c.o
 .text.I2C_TransferConfig
                0x0000000008005ef8       0x5c Drivers/STM32F7xx_HAL_Driver/Src/stm32f7xx_hal_i2c.o
 .text.HAL_I2CEx_ConfigAnalogFilter
                0x0000000008005f54       0x96 Drivers/STM32F7xx_HAL_Driver/Src/stm32f7xx_hal_i2c_ex.o
                0x0000000008005f54                HAL_I2CEx_ConfigAnalogFilter
 .text.HAL_I2CEx_ConfigDigitalFilter
                0x0000000008005fea       0x98 Drivers/STM32F7xx_HAL_Driver/Src/stm32f7xx_hal_i2c_ex.o
                0x0000000008005fea                HAL_I2CEx_ConfigDigitalFilter
 .text.HAL_PCD_Init
                0x0000000008006082      0x248 Drivers/STM32F7xx_HAL_Driver/Src/stm32f7xx_hal_pcd.o
                0x0000000008006082                HAL_PCD_Init
 *fill*         0x00000000080062ca        0x2 
 .text.HAL_PCDEx_ActivateLPM
                0x00000000080062cc       0x48 Drivers/STM32F7xx_HAL_Driver/Src/stm32f7xx_hal_pcd_ex.o
                0x00000000080062cc                HAL_PCDEx_ActivateLPM
 .text.HAL_PWR_EnableBkUpAccess
                0x0000000008006314       0x20 Drivers/STM32F7xx_HAL_Driver/Src/stm32f7xx_hal_pwr.o
                0x0000000008006314                HAL_PWR_EnableBkUpAccess
 .text.HAL_RCC_OscConfig
                0x0000000008006334      0x55c Drivers/STM32F7xx_HAL_Driver/Src/stm32f7xx_hal_rcc.o
                0x0000000008006334                HAL_RCC_OscConfig
 .text.HAL_RCC_ClockConfig
                0x0000000008006890      0x1d8 Drivers/STM32F7xx_HAL_Driver/Src/stm32f7xx_hal_rcc.o
                0x0000000008006890                HAL_RCC_ClockConfig
 .text.HAL_RCC_GetSysClockFreq
                0x0000000008006a68      0x164 Drivers/STM32F7xx_HAL_Driver/Src/stm32f7xx_hal_rcc.o
                0x0000000008006a68                HAL_RCC_GetSysClockFreq
 .text.HAL_RCC_GetHCLKFreq
                0x0000000008006bcc       0x18 Drivers/STM32F7xx_HAL_Driver/Src/stm32f7xx_hal_rcc.o
                0x0000000008006bcc                HAL_RCC_GetHCLKFreq
 .text.HAL_RCC_GetPCLK1Freq
                0x0000000008006be4       0x28 Drivers/STM32F7xx_HAL_Driver/Src/stm32f7xx_hal_rcc.o
                0x0000000008006be4                HAL_RCC_GetPCLK1Freq
 .text.HAL_RCC_GetPCLK2Freq
                0x0000000008006c0c       0x28 Drivers/STM32F7xx_HAL_Driver/Src/stm32f7xx_hal_rcc.o
                0x0000000008006c0c                HAL_RCC_GetPCLK2Freq
 .text.HAL_RCC_GetClockConfig
                0x0000000008006c34       0x64 Drivers/STM32F7xx_HAL_Driver/Src/stm32f7xx_hal_rcc.o
                0x0000000008006c34                HAL_RCC_GetClockConfig
 .text.HAL_RCCEx_PeriphCLKConfig
                0x0000000008006c98      0x84c Drivers/STM32F7xx_HAL_Driver/Src/stm32f7xx_hal_rcc_ex.o
                0x0000000008006c98                HAL_RCCEx_PeriphCLKConfig
 .text.HAL_RTC_Init
                0x00000000080074e4       0xf8 Drivers/STM32F7xx_HAL_Driver/Src/stm32f7xx_hal_rtc.o
                0x00000000080074e4                HAL_RTC_Init
 .text.RTC_EnterInitMode
                0x00000000080075dc       0x58 Drivers/STM32F7xx_HAL_Driver/Src/stm32f7xx_hal_rtc.o
                0x00000000080075dc                RTC_EnterInitMode
 .text.HAL_SPI_Init
                0x0000000008007634      0x124 Drivers/STM32F7xx_HAL_Driver/Src/stm32f7xx_hal_spi.o
                0x0000000008007634                HAL_SPI_Init
 .text.HAL_SPI_Transmit
                0x0000000008007758      0x2cc Drivers/STM32F7xx_HAL_Driver/Src/stm32f7xx_hal_spi.o
                0x0000000008007758                HAL_SPI_Transmit
 .text.HAL_SPI_IRQHandler
                0x0000000008007a24      0x200 Drivers/STM32F7xx_HAL_Driver/Src/stm32f7xx_hal_spi.o
                0x0000000008007a24                HAL_SPI_IRQHandler
 .text.HAL_SPI_ErrorCallback
                0x0000000008007c24       0x14 Drivers/STM32F7xx_HAL_Driver/Src/stm32f7xx_hal_spi.o
                0x0000000008007c24                HAL_SPI_ErrorCallback
 .text.SPI_DMAAbortOnError
                0x0000000008007c38       0x2a Drivers/STM32F7xx_HAL_Driver/Src/stm32f7xx_hal_spi.o
 .text.SPI_WaitFlagStateUntilTimeout
                0x0000000008007c62       0xd4 Drivers/STM32F7xx_HAL_Driver/Src/stm32f7xx_hal_spi.o
 .text.SPI_WaitFifoStateUntilTimeout
                0x0000000008007d36       0xda Drivers/STM32F7xx_HAL_Driver/Src/stm32f7xx_hal_spi.o
 .text.SPI_EndRxTxTransaction
                0x0000000008007e10       0x8c Drivers/STM32F7xx_HAL_Driver/Src/stm32f7xx_hal_spi.o
 .text.HAL_TIM_Base_Init
                0x0000000008007e9c       0x56 Drivers/STM32F7xx_HAL_Driver/Src/stm32f7xx_hal_tim.o
                0x0000000008007e9c                HAL_TIM_Base_Init
 *fill*         0x0000000008007ef2        0x2 
 .text.HAL_TIM_Base_Start_IT
                0x0000000008007ef4       0x54 Drivers/STM32F7xx_HAL_Driver/Src/stm32f7xx_hal_tim.o
                0x0000000008007ef4                HAL_TIM_Base_Start_IT
 .text.HAL_TIM_PWM_Init
                0x0000000008007f48       0x56 Drivers/STM32F7xx_HAL_Driver/Src/stm32f7xx_hal_tim.o
                0x0000000008007f48                HAL_TIM_PWM_Init
 .text.HAL_TIM_PWM_MspInit
                0x0000000008007f9e       0x14 Drivers/STM32F7xx_HAL_Driver/Src/stm32f7xx_hal_tim.o
                0x0000000008007f9e                HAL_TIM_PWM_MspInit
 .text.HAL_TIM_IRQHandler
                0x0000000008007fb2      0x23e Drivers/STM32F7xx_HAL_Driver/Src/stm32f7xx_hal_tim.o
                0x0000000008007fb2                HAL_TIM_IRQHandler
 .text.HAL_TIM_PWM_ConfigChannel
                0x00000000080081f0      0x230 Drivers/STM32F7xx_HAL_Driver/Src/stm32f7xx_hal_tim.o
                0x00000000080081f0                HAL_TIM_PWM_ConfigChannel
 .text.HAL_TIM_ConfigClockSource
                0x0000000008008420      0x174 Drivers/STM32F7xx_HAL_Driver/Src/stm32f7xx_hal_tim.o
                0x0000000008008420                HAL_TIM_ConfigClockSource
 .text.HAL_TIM_OC_DelayElapsedCallback
                0x0000000008008594       0x14 Drivers/STM32F7xx_HAL_Driver/Src/stm32f7xx_hal_tim.o
                0x0000000008008594                HAL_TIM_OC_DelayElapsedCallback
 .text.HAL_TIM_IC_CaptureCallback
                0x00000000080085a8       0x14 Drivers/STM32F7xx_HAL_Driver/Src/stm32f7xx_hal_tim.o
                0x00000000080085a8                HAL_TIM_IC_CaptureCallback
 .text.HAL_TIM_PWM_PulseFinishedCallback
                0x00000000080085bc       0x14 Drivers/STM32F7xx_HAL_Driver/Src/stm32f7xx_hal_tim.o
                0x00000000080085bc                HAL_TIM_PWM_PulseFinishedCallback
 .text.HAL_TIM_TriggerCallback
                0x00000000080085d0       0x14 Drivers/STM32F7xx_HAL_Driver/Src/stm32f7xx_hal_tim.o
                0x00000000080085d0                HAL_TIM_TriggerCallback
 .text.TIM_Base_SetConfig
                0x00000000080085e4      0x140 Drivers/STM32F7xx_HAL_Driver/Src/stm32f7xx_hal_tim.o
                0x00000000080085e4                TIM_Base_SetConfig
 .text.TIM_OC1_SetConfig
                0x0000000008008724       0xe4 Drivers/STM32F7xx_HAL_Driver/Src/stm32f7xx_hal_tim.o
 .text.TIM_OC2_SetConfig
                0x0000000008008808       0xf0 Drivers/STM32F7xx_HAL_Driver/Src/stm32f7xx_hal_tim.o
                0x0000000008008808                TIM_OC2_SetConfig
 .text.TIM_OC3_SetConfig
                0x00000000080088f8       0xec Drivers/STM32F7xx_HAL_Driver/Src/stm32f7xx_hal_tim.o
 .text.TIM_OC4_SetConfig
                0x00000000080089e4       0xb0 Drivers/STM32F7xx_HAL_Driver/Src/stm32f7xx_hal_tim.o
 .text.TIM_OC5_SetConfig
                0x0000000008008a94       0xa4 Drivers/STM32F7xx_HAL_Driver/Src/stm32f7xx_hal_tim.o
 .text.TIM_OC6_SetConfig
                0x0000000008008b38       0xa8 Drivers/STM32F7xx_HAL_Driver/Src/stm32f7xx_hal_tim.o
 .text.TIM_TI1_ConfigInputStage
                0x0000000008008be0       0x5e Drivers/STM32F7xx_HAL_Driver/Src/stm32f7xx_hal_tim.o
 .text.TIM_TI2_ConfigInputStage
                0x0000000008008c3e       0x60 Drivers/STM32F7xx_HAL_Driver/Src/stm32f7xx_hal_tim.o
 .text.TIM_ITRx_SetConfig
                0x0000000008008c9e       0x36 Drivers/STM32F7xx_HAL_Driver/Src/stm32f7xx_hal_tim.o
 .text.TIM_ETR_SetConfig
                0x0000000008008cd4       0x40 Drivers/STM32F7xx_HAL_Driver/Src/stm32f7xx_hal_tim.o
                0x0000000008008cd4                TIM_ETR_SetConfig
 .text.HAL_TIMEx_MasterConfigSynchronization
                0x0000000008008d14      0x11c Drivers/STM32F7xx_HAL_Driver/Src/stm32f7xx_hal_tim_ex.o
                0x0000000008008d14                HAL_TIMEx_MasterConfigSynchronization
 .text.HAL_TIMEx_CommutCallback
                0x0000000008008e30       0x14 Drivers/STM32F7xx_HAL_Driver/Src/stm32f7xx_hal_tim_ex.o
                0x0000000008008e30                HAL_TIMEx_CommutCallback
 .text.HAL_TIMEx_BreakCallback
                0x0000000008008e44       0x14 Drivers/STM32F7xx_HAL_Driver/Src/stm32f7xx_hal_tim_ex.o
                0x0000000008008e44                HAL_TIMEx_BreakCallback
 .text.HAL_TIMEx_Break2Callback
                0x0000000008008e58       0x14 Drivers/STM32F7xx_HAL_Driver/Src/stm32f7xx_hal_tim_ex.o
                0x0000000008008e58                HAL_TIMEx_Break2Callback
 .text.HAL_UART_Init
                0x0000000008008e6c       0x9c Drivers/STM32F7xx_HAL_Driver/Src/stm32f7xx_hal_uart.o
                0x0000000008008e6c                HAL_UART_Init
 .text.HAL_UART_Transmit
                0x0000000008008f08      0x122 Drivers/STM32F7xx_HAL_Driver/Src/stm32f7xx_hal_uart.o
                0x0000000008008f08                HAL_UART_Transmit
 *fill*         0x000000000800902a        0x2 
 .text.UART_SetConfig
                0x000000000800902c      0x554 Drivers/STM32F7xx_HAL_Driver/Src/stm32f7xx_hal_uart.o
                0x000000000800902c                UART_SetConfig
 .text.UART_AdvFeatureConfig
                0x0000000008009580      0x144 Drivers/STM32F7xx_HAL_Driver/Src/stm32f7xx_hal_uart.o
                0x0000000008009580                UART_AdvFeatureConfig
 .text.UART_CheckIdleState
                0x00000000080096c4       0x8a Drivers/STM32F7xx_HAL_Driver/Src/stm32f7xx_hal_uart.o
                0x00000000080096c4                UART_CheckIdleState
 .text.UART_WaitOnFlagUntilTimeout
                0x000000000800974e       0xf6 Drivers/STM32F7xx_HAL_Driver/Src/stm32f7xx_hal_uart.o
                0x000000000800974e                UART_WaitOnFlagUntilTimeout
 .text.USB_CoreInit
                0x0000000008009844       0xb0 Drivers/STM32F7xx_HAL_Driver/Src/stm32f7xx_ll_usb.o
                0x0000000008009844                USB_CoreInit
 .text.USB_DisableGlobalInt
                0x00000000080098f4       0x22 Drivers/STM32F7xx_HAL_Driver/Src/stm32f7xx_ll_usb.o
                0x00000000080098f4                USB_DisableGlobalInt
 .text.USB_SetCurrentMode
                0x0000000008009916       0x54 Drivers/STM32F7xx_HAL_Driver/Src/stm32f7xx_ll_usb.o
                0x0000000008009916                USB_SetCurrentMode
 *fill*         0x000000000800996a        0x2 
 .text.USB_DevInit
                0x000000000800996c      0x2dc Drivers/STM32F7xx_HAL_Driver/Src/stm32f7xx_ll_usb.o
                0x000000000800996c                USB_DevInit
 .text.USB_FlushTxFifo
                0x0000000008009c48       0x4c Drivers/STM32F7xx_HAL_Driver/Src/stm32f7xx_ll_usb.o
                0x0000000008009c48                USB_FlushTxFifo
 .text.USB_FlushRxFifo
                0x0000000008009c94       0x44 Drivers/STM32F7xx_HAL_Driver/Src/stm32f7xx_ll_usb.o
                0x0000000008009c94                USB_FlushRxFifo
 .text.USB_SetDevSpeed
                0x0000000008009cd8       0x32 Drivers/STM32F7xx_HAL_Driver/Src/stm32f7xx_ll_usb.o
                0x0000000008009cd8                USB_SetDevSpeed
 .text.USB_DevDisconnect
                0x0000000008009d0a       0x30 Drivers/STM32F7xx_HAL_Driver/Src/stm32f7xx_ll_usb.o
                0x0000000008009d0a                USB_DevDisconnect
 *fill*         0x0000000008009d3a        0x2 
 .text.USB_CoreReset
                0x0000000008009d3c       0x68 Drivers/STM32F7xx_HAL_Driver/Src/stm32f7xx_ll_usb.o
 .text.SVC_Setup
                0x0000000008009da4        0xe Middlewares/Third_Party/FreeRTOS/Source/CMSIS_RTOS_V2/cmsis_os2.o
 *fill*         0x0000000008009db2        0x2 
 .text.osKernelInitialize
                0x0000000008009db4       0x68 Middlewares/Third_Party/FreeRTOS/Source/CMSIS_RTOS_V2/cmsis_os2.o
                0x0000000008009db4                osKernelInitialize
 .text.osKernelStart
                0x0000000008009e1c       0x6c Middlewares/Third_Party/FreeRTOS/Source/CMSIS_RTOS_V2/cmsis_os2.o
                0x0000000008009e1c                osKernelStart
 .text.osThreadNew
                0x0000000008009e88      0x14c Middlewares/Third_Party/FreeRTOS/Source/CMSIS_RTOS_V2/cmsis_os2.o
                0x0000000008009e88                osThreadNew
 .text.osDelay  0x0000000008009fd4       0x5c Middlewares/Third_Party/FreeRTOS/Source/CMSIS_RTOS_V2/cmsis_os2.o
                0x0000000008009fd4                osDelay
 .text.vApplicationGetIdleTaskMemory
                0x000000000800a030       0x34 Middlewares/Third_Party/FreeRTOS/Source/CMSIS_RTOS_V2/cmsis_os2.o
                0x000000000800a030                vApplicationGetIdleTaskMemory
 .text.vApplicationGetTimerTaskMemory
                0x000000000800a064       0x34 Middlewares/Third_Party/FreeRTOS/Source/CMSIS_RTOS_V2/cmsis_os2.o
                0x000000000800a064                vApplicationGetTimerTaskMemory
 .text.vListInitialise
                0x000000000800a098       0x40 Middlewares/Third_Party/FreeRTOS/Source/list.o
                0x000000000800a098                vListInitialise
 .text.vListInitialiseItem
                0x000000000800a0d8       0x1a Middlewares/Third_Party/FreeRTOS/Source/list.o
                0x000000000800a0d8                vListInitialiseItem
 .text.vListInsertEnd
                0x000000000800a0f2       0x48 Middlewares/Third_Party/FreeRTOS/Source/list.o
                0x000000000800a0f2                vListInsertEnd
 .text.vListInsert
                0x000000000800a13a       0x72 Middlewares/Third_Party/FreeRTOS/Source/list.o
                0x000000000800a13a                vListInsert
 .text.uxListRemove
                0x000000000800a1ac       0x54 Middlewares/Third_Party/FreeRTOS/Source/list.o
                0x000000000800a1ac                uxListRemove
 .text.xQueueGenericReset
                0x000000000800a200       0xd4 Middlewares/Third_Party/FreeRTOS/Source/queue.o
                0x000000000800a200                xQueueGenericReset
 .text.xQueueGenericCreateStatic
                0x000000000800a2d4       0xfa Middlewares/Third_Party/FreeRTOS/Source/queue.o
                0x000000000800a2d4                xQueueGenericCreateStatic
 .text.prvInitialiseNewQueue
                0x000000000800a3ce       0x46 Middlewares/Third_Party/FreeRTOS/Source/queue.o
 .text.xQueueGenericSend
                0x000000000800a414      0x204 Middlewares/Third_Party/FreeRTOS/Source/queue.o
                0x000000000800a414                xQueueGenericSend
 .text.xQueueGenericSendFromISR
                0x000000000800a618      0x138 Middlewares/Third_Party/FreeRTOS/Source/queue.o
                0x000000000800a618                xQueueGenericSendFromISR
 .text.xQueueReceive
                0x000000000800a750      0x1c4 Middlewares/Third_Party/FreeRTOS/Source/queue.o
                0x000000000800a750                xQueueReceive
 .text.prvCopyDataToQueue
                0x000000000800a914       0xd4 Middlewares/Third_Party/FreeRTOS/Source/queue.o
 .text.prvCopyDataFromQueue
                0x000000000800a9e8       0x4c Middlewares/Third_Party/FreeRTOS/Source/queue.o
 .text.prvUnlockQueue
                0x000000000800aa34       0xa4 Middlewares/Third_Party/FreeRTOS/Source/queue.o
 .text.prvIsQueueEmpty
                0x000000000800aad8       0x2c Middlewares/Third_Party/FreeRTOS/Source/queue.o
 .text.prvIsQueueFull
                0x000000000800ab04       0x30 Middlewares/Third_Party/FreeRTOS/Source/queue.o
 .text.vQueueAddToRegistry
                0x000000000800ab34       0x50 Middlewares/Third_Party/FreeRTOS/Source/queue.o
                0x000000000800ab34                vQueueAddToRegistry
 .text.vQueueWaitForMessageRestricted
                0x000000000800ab84       0x68 Middlewares/Third_Party/FreeRTOS/Source/queue.o
                0x000000000800ab84                vQueueWaitForMessageRestricted
 .text.xTaskCreateStatic
                0x000000000800abec       0xc0 Middlewares/Third_Party/FreeRTOS/Source/tasks.o
                0x000000000800abec                xTaskCreateStatic
 .text.xTaskCreate
                0x000000000800acac       0x8a Middlewares/Third_Party/FreeRTOS/Source/tasks.o
                0x000000000800acac                xTaskCreate
 .text.prvInitialiseNewTask
                0x000000000800ad36      0x120 Middlewares/Third_Party/FreeRTOS/Source/tasks.o
 *fill*         0x000000000800ae56        0x2 
 .text.prvAddNewTaskToReadyList
                0x000000000800ae58       0xe0 Middlewares/Third_Party/FreeRTOS/Source/tasks.o
 .text.vTaskDelay
                0x000000000800af38       0x6c Middlewares/Third_Party/FreeRTOS/Source/tasks.o
                0x000000000800af38                vTaskDelay
 .text.vTaskStartScheduler
                0x000000000800afa4       0xd0 Middlewares/Third_Party/FreeRTOS/Source/tasks.o
                0x000000000800afa4                vTaskStartScheduler
 .text.vTaskSuspendAll
                0x000000000800b074       0x1c Middlewares/Third_Party/FreeRTOS/Source/tasks.o
                0x000000000800b074                vTaskSuspendAll
 .text.xTaskResumeAll
                0x000000000800b090      0x13c Middlewares/Third_Party/FreeRTOS/Source/tasks.o
                0x000000000800b090                xTaskResumeAll
 .text.xTaskGetTickCount
                0x000000000800b1cc       0x20 Middlewares/Third_Party/FreeRTOS/Source/tasks.o
                0x000000000800b1cc                xTaskGetTickCount
 .text.xTaskIncrementTick
                0x000000000800b1ec      0x174 Middlewares/Third_Party/FreeRTOS/Source/tasks.o
                0x000000000800b1ec                xTaskIncrementTick
 .text.vTaskSwitchContext
                0x000000000800b360       0xbc Middlewares/Third_Party/FreeRTOS/Source/tasks.o
                0x000000000800b360                vTaskSwitchContext
 .text.vTaskPlaceOnEventList
                0x000000000800b41c       0x4c Middlewares/Third_Party/FreeRTOS/Source/tasks.o
                0x000000000800b41c                vTaskPlaceOnEventList
 .text.vTaskPlaceOnEventListRestricted
                0x000000000800b468       0x58 Middlewares/Third_Party/FreeRTOS/Source/tasks.o
                0x000000000800b468                vTaskPlaceOnEventListRestricted
 .text.xTaskRemoveFromEventList
                0x000000000800b4c0       0xc8 Middlewares/Third_Party/FreeRTOS/Source/tasks.o
                0x000000000800b4c0                xTaskRemoveFromEventList
 .text.vTaskInternalSetTimeOutState
                0x000000000800b588       0x2c Middlewares/Third_Party/FreeRTOS/Source/tasks.o
                0x000000000800b588                vTaskInternalSetTimeOutState
 .text.xTaskCheckForTimeOut
                0x000000000800b5b4       0xc8 Middlewares/Third_Party/FreeRTOS/Source/tasks.o
                0x000000000800b5b4                xTaskCheckForTimeOut
 .text.vTaskMissedYield
                0x000000000800b67c       0x18 Middlewares/Third_Party/FreeRTOS/Source/tasks.o
                0x000000000800b67c                vTaskMissedYield
 .text.prvIdleTask
                0x000000000800b694       0x30 Middlewares/Third_Party/FreeRTOS/Source/tasks.o
 .text.prvInitialiseTaskLists
                0x000000000800b6c4       0x80 Middlewares/Third_Party/FreeRTOS/Source/tasks.o
 .text.prvCheckTasksWaitingTermination
                0x000000000800b744       0x58 Middlewares/Third_Party/FreeRTOS/Source/tasks.o
 .text.prvDeleteTCB
                0x000000000800b79c       0x60 Middlewares/Third_Party/FreeRTOS/Source/tasks.o
 .text.prvResetNextTaskUnblockTime
                0x000000000800b7fc       0x40 Middlewares/Third_Party/FreeRTOS/Source/tasks.o
 .text.xTaskGetSchedulerState
                0x000000000800b83c       0x3c Middlewares/Third_Party/FreeRTOS/Source/tasks.o
                0x000000000800b83c                xTaskGetSchedulerState
 .text.xTaskPriorityDisinherit
                0x000000000800b878       0xe0 Middlewares/Third_Party/FreeRTOS/Source/tasks.o
                0x000000000800b878                xTaskPriorityDisinherit
 .text.prvAddCurrentTaskToDelayedList
                0x000000000800b958       0xa8 Middlewares/Third_Party/FreeRTOS/Source/tasks.o
 .text.xTimerCreateTimerTask
                0x000000000800ba00       0x94 Middlewares/Third_Party/FreeRTOS/Source/timers.o
                0x000000000800ba00                xTimerCreateTimerTask
 .text.xTimerGenericCommand
                0x000000000800ba94       0x9c Middlewares/Third_Party/FreeRTOS/Source/timers.o
                0x000000000800ba94                xTimerGenericCommand
 .text.prvProcessExpiredTimer
                0x000000000800bb30       0x9c Middlewares/Third_Party/FreeRTOS/Source/timers.o
 .text.prvTimerTask
                0x000000000800bbcc       0x24 Middlewares/Third_Party/FreeRTOS/Source/timers.o
 .text.prvProcessTimerOrBlockTask
                0x000000000800bbf0       0x9c Middlewares/Third_Party/FreeRTOS/Source/timers.o
 .text.prvGetNextExpireTime
                0x000000000800bc8c       0x48 Middlewares/Third_Party/FreeRTOS/Source/timers.o
 .text.prvSampleTimeNow
                0x000000000800bcd4       0x40 Middlewares/Third_Party/FreeRTOS/Source/timers.o
 .text.prvInsertTimerInActiveList
                0x000000000800bd14       0x84 Middlewares/Third_Party/FreeRTOS/Source/timers.o
 .text.prvProcessReceivedCommands
                0x000000000800bd98      0x1c4 Middlewares/Third_Party/FreeRTOS/Source/timers.o
 .text.prvSwitchTimerLists
                0x000000000800bf5c       0xcc Middlewares/Third_Party/FreeRTOS/Source/timers.o
 .text.prvCheckForValidListAndQueue
                0x000000000800c028       0x80 Middlewares/Third_Party/FreeRTOS/Source/timers.o
 .text.pxPortInitialiseStack
                0x000000000800c0a8       0x68 Middlewares/Third_Party/FreeRTOS/Source/portable/GCC/ARM_CM7/r0p1/port.o
                0x000000000800c0a8                pxPortInitialiseStack
 .text.prvTaskExitError
                0x000000000800c110       0x5c Middlewares/Third_Party/FreeRTOS/Source/portable/GCC/ARM_CM7/r0p1/port.o
 *fill*         0x000000000800c16c        0x4 
 .text.SVC_Handler
                0x000000000800c170       0x28 Middlewares/Third_Party/FreeRTOS/Source/portable/GCC/ARM_CM7/r0p1/port.o
                0x000000000800c170                SVC_Handler
 .text.prvPortStartFirstTask
                0x000000000800c198       0x28 Middlewares/Third_Party/FreeRTOS/Source/portable/GCC/ARM_CM7/r0p1/port.o
 .text.xPortStartScheduler
                0x000000000800c1c0       0xf8 Middlewares/Third_Party/FreeRTOS/Source/portable/GCC/ARM_CM7/r0p1/port.o
                0x000000000800c1c0                xPortStartScheduler
 .text.vPortEnterCritical
                0x000000000800c2b8       0x64 Middlewares/Third_Party/FreeRTOS/Source/portable/GCC/ARM_CM7/r0p1/port.o
                0x000000000800c2b8                vPortEnterCritical
 .text.vPortExitCritical
                0x000000000800c31c       0x54 Middlewares/Third_Party/FreeRTOS/Source/portable/GCC/ARM_CM7/r0p1/port.o
                0x000000000800c31c                vPortExitCritical
 .text.PendSV_Handler
                0x000000000800c370       0x68 Middlewares/Third_Party/FreeRTOS/Source/portable/GCC/ARM_CM7/r0p1/port.o
                0x000000000800c370                PendSV_Handler
 .text.SysTick_Handler
                0x000000000800c3d8       0x44 Middlewares/Third_Party/FreeRTOS/Source/portable/GCC/ARM_CM7/r0p1/port.o
                0x000000000800c3d8                SysTick_Handler
 .text.vPortSetupTimerInterrupt
                0x000000000800c41c       0x48 Middlewares/Third_Party/FreeRTOS/Source/portable/GCC/ARM_CM7/r0p1/port.o
                0x000000000800c41c                vPortSetupTimerInterrupt
 .text.vPortEnableVFP
                0x000000000800c464       0x14 Middlewares/Third_Party/FreeRTOS/Source/portable/GCC/ARM_CM7/r0p1/port.o
 .text.vPortValidateInterruptPriority
                0x000000000800c478       0x84 Middlewares/Third_Party/FreeRTOS/Source/portable/GCC/ARM_CM7/r0p1/port.o
                0x000000000800c478                vPortValidateInterruptPriority
 .text.pvPortMalloc
                0x000000000800c4fc      0x190 Middlewares/Third_Party/FreeRTOS/Source/portable/MemMang/heap_4.o
                0x000000000800c4fc                pvPortMalloc
 .text.vPortFree
                0x000000000800c68c       0xb8 Middlewares/Third_Party/FreeRTOS/Source/portable/MemMang/heap_4.o
                0x000000000800c68c                vPortFree
 .text.prvHeapInit
                0x000000000800c744       0xc4 Middlewares/Third_Party/FreeRTOS/Source/portable/MemMang/heap_4.o
 .text.prvInsertBlockIntoFreeList
                0x000000000800c808       0xb4 Middlewares/Third_Party/FreeRTOS/Source/portable/MemMang/heap_4.o
 .text.__errno  0x000000000800c8bc        0xc c:/st/stm32cubeide_1.5.1/stm32cubeide/plugins/com.st.stm32cube.ide.mcu.externaltools.gnu-tools-for-stm32.7-2018-q2-update.win32_1.5.0.202011040924/tools/bin/../lib/gcc/arm-none-eabi/7.3.1/../../../../arm-none-eabi/lib/thumb/v7e-m/fpv5/hard\libc_nano.a(lib_a-errno.o)
                0x000000000800c8bc                __errno
 .text.__libc_init_array
                0x000000000800c8c8       0x48 c:/st/stm32cubeide_1.5.1/stm32cubeide/plugins/com.st.stm32cube.ide.mcu.externaltools.gnu-tools-for-stm32.7-2018-q2-update.win32_1.5.0.202011040924/tools/bin/../lib/gcc/arm-none-eabi/7.3.1/../../../../arm-none-eabi/lib/thumb/v7e-m/fpv5/hard\libc_nano.a(lib_a-init.o)
                0x000000000800c8c8                __libc_init_array
 .text.memcpy   0x000000000800c910       0x16 c:/st/stm32cubeide_1.5.1/stm32cubeide/plugins/com.st.stm32cube.ide.mcu.externaltools.gnu-tools-for-stm32.7-2018-q2-update.win32_1.5.0.202011040924/tools/bin/../lib/gcc/arm-none-eabi/7.3.1/../../../../arm-none-eabi/lib/thumb/v7e-m/fpv5/hard\libc_nano.a(lib_a-memcpy-stub.o)
                0x000000000800c910                memcpy
 .text.memset   0x000000000800c926       0x10 c:/st/stm32cubeide_1.5.1/stm32cubeide/plugins/com.st.stm32cube.ide.mcu.externaltools.gnu-tools-for-stm32.7-2018-q2-update.win32_1.5.0.202011040924/tools/bin/../lib/gcc/arm-none-eabi/7.3.1/../../../../arm-none-eabi/lib/thumb/v7e-m/fpv5/hard\libc_nano.a(lib_a-memset.o)
                0x000000000800c926                memset
 .text.__cvt    0x000000000800c936       0xa4 c:/st/stm32cubeide_1.5.1/stm32cubeide/plugins/com.st.stm32cube.ide.mcu.externaltools.gnu-tools-for-stm32.7-2018-q2-update.win32_1.5.0.202011040924/tools/bin/../lib/gcc/arm-none-eabi/7.3.1/../../../../arm-none-eabi/lib/thumb/v7e-m/fpv5/hard\libc_nano.a(lib_a-nano-vfprintf_float.o)
                0x000000000800c936                __cvt
 .text.__exponent
                0x000000000800c9da       0x66 c:/st/stm32cubeide_1.5.1/stm32cubeide/plugins/com.st.stm32cube.ide.mcu.externaltools.gnu-tools-for-stm32.7-2018-q2-update.win32_1.5.0.202011040924/tools/bin/../lib/gcc/arm-none-eabi/7.3.1/../../../../arm-none-eabi/lib/thumb/v7e-m/fpv5/hard\libc_nano.a(lib_a-nano-vfprintf_float.o)
                0x000000000800c9da                __exponent
 .text._printf_float
                0x000000000800ca40      0x458 c:/st/stm32cubeide_1.5.1/stm32cubeide/plugins/com.st.stm32cube.ide.mcu.externaltools.gnu-tools-for-stm32.7-2018-q2-update.win32_1.5.0.202011040924/tools/bin/../lib/gcc/arm-none-eabi/7.3.1/../../../../arm-none-eabi/lib/thumb/v7e-m/fpv5/hard\libc_nano.a(lib_a-nano-vfprintf_float.o)
                0x000000000800ca40                _printf_float
 .text._printf_common
                0x000000000800ce98       0xea c:/st/stm32cubeide_1.5.1/stm32cubeide/plugins/com.st.stm32cube.ide.mcu.externaltools.gnu-tools-for-stm32.7-2018-q2-update.win32_1.5.0.202011040924/tools/bin/../lib/gcc/arm-none-eabi/7.3.1/../../../../arm-none-eabi/lib/thumb/v7e-m/fpv5/hard\libc_nano.a(lib_a-nano-vfprintf_i.o)
                0x000000000800ce98                _printf_common
 *fill*         0x000000000800cf82        0x2 
 .text._printf_i
                0x000000000800cf84      0x224 c:/st/stm32cubeide_1.5.1/stm32cubeide/plugins/com.st.stm32cube.ide.mcu.externaltools.gnu-tools-for-stm32.7-2018-q2-update.win32_1.5.0.202011040924/tools/bin/../lib/gcc/arm-none-eabi/7.3.1/../../../../arm-none-eabi/lib/thumb/v7e-m/fpv5/hard\libc_nano.a(lib_a-nano-vfprintf_i.o)
                0x000000000800cf84                _printf_i
 .text._scanf_float
                0x000000000800d1a8      0x3b0 c:/st/stm32cubeide_1.5.1/stm32cubeide/plugins/com.st.stm32cube.ide.mcu.externaltools.gnu-tools-for-stm32.7-2018-q2-update.win32_1.5.0.202011040924/tools/bin/../lib/gcc/arm-none-eabi/7.3.1/../../../../arm-none-eabi/lib/thumb/v7e-m/fpv5/hard\libc_nano.a(lib_a-nano-vfscanf_float.o)
                0x000000000800d1a8                _scanf_float
 .text.nanf     0x000000000800d558        0xc c:/st/stm32cubeide_1.5.1/stm32cubeide/plugins/com.st.stm32cube.ide.mcu.externaltools.gnu-tools-for-stm32.7-2018-q2-update.win32_1.5.0.202011040924/tools/bin/../lib/gcc/arm-none-eabi/7.3.1/../../../../arm-none-eabi/lib/thumb/v7e-m/fpv5/hard\libc_nano.a(lib_a-sf_nan.o)
                0x000000000800d558                nanf
 .text.sprintf  0x000000000800d564       0x40 c:/st/stm32cubeide_1.5.1/stm32cubeide/plugins/com.st.stm32cube.ide.mcu.externaltools.gnu-tools-for-stm32.7-2018-q2-update.win32_1.5.0.202011040924/tools/bin/../lib/gcc/arm-none-eabi/7.3.1/../../../../arm-none-eabi/lib/thumb/v7e-m/fpv5/hard\libc_nano.a(lib_a-sprintf.o)
                0x000000000800d564                siprintf
                0x000000000800d564                sprintf
 .text.unlikely.sulp
                0x000000000800d5a4       0x34 c:/st/stm32cubeide_1.5.1/stm32cubeide/plugins/com.st.stm32cube.ide.mcu.externaltools.gnu-tools-for-stm32.7-2018-q2-update.win32_1.5.0.202011040924/tools/bin/../lib/gcc/arm-none-eabi/7.3.1/../../../../arm-none-eabi/lib/thumb/v7e-m/fpv5/hard\libc_nano.a(lib_a-strtod.o)
 .text._strtod_l
                0x000000000800d5d8      0xb90 c:/st/stm32cubeide_1.5.1/stm32cubeide/plugins/com.st.stm32cube.ide.mcu.externaltools.gnu-tools-for-stm32.7-2018-q2-update.win32_1.5.0.202011040924/tools/bin/../lib/gcc/arm-none-eabi/7.3.1/../../../../arm-none-eabi/lib/thumb/v7e-m/fpv5/hard\libc_nano.a(lib_a-strtod.o)
                0x000000000800d5d8                _strtod_l
 .text._strtod_r
                0x000000000800e168       0x20 c:/st/stm32cubeide_1.5.1/stm32cubeide/plugins/com.st.stm32cube.ide.mcu.externaltools.gnu-tools-for-stm32.7-2018-q2-update.win32_1.5.0.202011040924/tools/bin/../lib/gcc/arm-none-eabi/7.3.1/../../../../arm-none-eabi/lib/thumb/v7e-m/fpv5/hard\libc_nano.a(lib_a-strtod.o)
                0x000000000800e168                _strtod_r
 .text._strtol_l.isra.0
                0x000000000800e188       0xf6 c:/st/stm32cubeide_1.5.1/stm32cubeide/plugins/com.st.stm32cube.ide.mcu.externaltools.gnu-tools-for-stm32.7-2018-q2-update.win32_1.5.0.202011040924/tools/bin/../lib/gcc/arm-none-eabi/7.3.1/../../../../arm-none-eabi/lib/thumb/v7e-m/fpv5/hard\libc_nano.a(lib_a-strtol.o)
 *fill*         0x000000000800e27e        0x2 
 .text._strtol_r
                0x000000000800e280       0x24 c:/st/stm32cubeide_1.5.1/stm32cubeide/plugins/com.st.stm32cube.ide.mcu.externaltools.gnu-tools-for-stm32.7-2018-q2-update.win32_1.5.0.202011040924/tools/bin/../lib/gcc/arm-none-eabi/7.3.1/../../../../arm-none-eabi/lib/thumb/v7e-m/fpv5/hard\libc_nano.a(lib_a-strtol.o)
                0x000000000800e280                _strtol_r
 .text.quorem   0x000000000800e2a4      0x118 c:/st/stm32cubeide_1.5.1/stm32cubeide/plugins/com.st.stm32cube.ide.mcu.externaltools.gnu-tools-for-stm32.7-2018-q2-update.win32_1.5.0.202011040924/tools/bin/../lib/gcc/arm-none-eabi/7.3.1/../../../../arm-none-eabi/lib/thumb/v7e-m/fpv5/hard\libc_nano.a(lib_a-dtoa.o)
 *fill*         0x000000000800e3bc        0x4 
 .text._dtoa_r  0x000000000800e3c0      0xa98 c:/st/stm32cubeide_1.5.1/stm32cubeide/plugins/com.st.stm32cube.ide.mcu.externaltools.gnu-tools-for-stm32.7-2018-q2-update.win32_1.5.0.202011040924/tools/bin/../lib/gcc/arm-none-eabi/7.3.1/../../../../arm-none-eabi/lib/thumb/v7e-m/fpv5/hard\libc_nano.a(lib_a-dtoa.o)
                0x000000000800e3c0                _dtoa_r
 .text.rshift   0x000000000800ee58       0x74 c:/st/stm32cubeide_1.5.1/stm32cubeide/plugins/com.st.stm32cube.ide.mcu.externaltools.gnu-tools-for-stm32.7-2018-q2-update.win32_1.5.0.202011040924/tools/bin/../lib/gcc/arm-none-eabi/7.3.1/../../../../arm-none-eabi/lib/thumb/v7e-m/fpv5/hard\libc_nano.a(lib_a-gdtoa-gethex.o)
 .text.__hexdig_fun
                0x000000000800eecc       0x2a c:/st/stm32cubeide_1.5.1/stm32cubeide/plugins/com.st.stm32cube.ide.mcu.externaltools.gnu-tools-for-stm32.7-2018-q2-update.win32_1.5.0.202011040924/tools/bin/../lib/gcc/arm-none-eabi/7.3.1/../../../../arm-none-eabi/lib/thumb/v7e-m/fpv5/hard\libc_nano.a(lib_a-gdtoa-gethex.o)
                0x000000000800eecc                __hexdig_fun
 .text.__gethex
                0x000000000800eef6      0x442 c:/st/stm32cubeide_1.5.1/stm32cubeide/plugins/com.st.stm32cube.ide.mcu.externaltools.gnu-tools-for-stm32.7-2018-q2-update.win32_1.5.0.202011040924/tools/bin/../lib/gcc/arm-none-eabi/7.3.1/../../../../arm-none-eabi/lib/thumb/v7e-m/fpv5/hard\libc_nano.a(lib_a-gdtoa-gethex.o)
                0x000000000800eef6                __gethex
 .text.L_shift  0x000000000800f338       0x24 c:/st/stm32cubeide_1.5.1/stm32cubeide/plugins/com.st.stm32cube.ide.mcu.externaltools.gnu-tools-for-stm32.7-2018-q2-update.win32_1.5.0.202011040924/tools/bin/../lib/gcc/arm-none-eabi/7.3.1/../../../../arm-none-eabi/lib/thumb/v7e-m/fpv5/hard\libc_nano.a(lib_a-gdtoa-hexnan.o)
 .text.__match  0x000000000800f35c       0x28 c:/st/stm32cubeide_1.5.1/stm32cubeide/plugins/com.st.stm32cube.ide.mcu.externaltools.gnu-tools-for-stm32.7-2018-q2-update.win32_1.5.0.202011040924/tools/bin/../lib/gcc/arm-none-eabi/7.3.1/../../../../arm-none-eabi/lib/thumb/v7e-m/fpv5/hard\libc_nano.a(lib_a-gdtoa-hexnan.o)
                0x000000000800f35c                __match
 .text.__hexnan
                0x000000000800f384      0x120 c:/st/stm32cubeide_1.5.1/stm32cubeide/plugins/com.st.stm32cube.ide.mcu.externaltools.gnu-tools-for-stm32.7-2018-q2-update.win32_1.5.0.202011040924/tools/bin/../lib/gcc/arm-none-eabi/7.3.1/../../../../arm-none-eabi/lib/thumb/v7e-m/fpv5/hard\libc_nano.a(lib_a-gdtoa-hexnan.o)
                0x000000000800f384                __hexnan
 .text.__locale_ctype_ptr_l
                0x000000000800f4a4        0x6 c:/st/stm32cubeide_1.5.1/stm32cubeide/plugins/com.st.stm32cube.ide.mcu.externaltools.gnu-tools-for-stm32.7-2018-q2-update.win32_1.5.0.202011040924/tools/bin/../lib/gcc/arm-none-eabi/7.3.1/../../../../arm-none-eabi/lib/thumb/v7e-m/fpv5/hard\libc_nano.a(lib_a-locale.o)
                0x000000000800f4a4                __locale_ctype_ptr_l
 .text.__localeconv_l
                0x000000000800f4aa        0x4 c:/st/stm32cubeide_1.5.1/stm32cubeide/plugins/com.st.stm32cube.ide.mcu.externaltools.gnu-tools-for-stm32.7-2018-q2-update.win32_1.5.0.202011040924/tools/bin/../lib/gcc/arm-none-eabi/7.3.1/../../../../arm-none-eabi/lib/thumb/v7e-m/fpv5/hard\libc_nano.a(lib_a-localeconv.o)
                0x000000000800f4aa                __localeconv_l
 *fill*         0x000000000800f4ae        0x2 
 .text._localeconv_r
                0x000000000800f4b0       0x1c c:/st/stm32cubeide_1.5.1/stm32cubeide/plugins/com.st.stm32cube.ide.mcu.externaltools.gnu-tools-for-stm32.7-2018-q2-update.win32_1.5.0.202011040924/tools/bin/../lib/gcc/arm-none-eabi/7.3.1/../../../../arm-none-eabi/lib/thumb/v7e-m/fpv5/hard\libc_nano.a(lib_a-localeconv.o)
                0x000000000800f4b0                _localeconv_r
 .text.malloc   0x000000000800f4cc       0x10 c:/st/stm32cubeide_1.5.1/stm32cubeide/plugins/com.st.stm32cube.ide.mcu.externaltools.gnu-tools-for-stm32.7-2018-q2-update.win32_1.5.0.202011040924/tools/bin/../lib/gcc/arm-none-eabi/7.3.1/../../../../arm-none-eabi/lib/thumb/v7e-m/fpv5/hard\libc_nano.a(lib_a-malloc.o)
                0x000000000800f4cc                malloc
 .text.__ascii_mbtowc
                0x000000000800f4dc       0x24 c:/st/stm32cubeide_1.5.1/stm32cubeide/plugins/com.st.stm32cube.ide.mcu.externaltools.gnu-tools-for-stm32.7-2018-q2-update.win32_1.5.0.202011040924/tools/bin/../lib/gcc/arm-none-eabi/7.3.1/../../../../arm-none-eabi/lib/thumb/v7e-m/fpv5/hard\libc_nano.a(lib_a-mbtowc_r.o)
                0x000000000800f4dc                __ascii_mbtowc
 .text._Balloc  0x000000000800f500       0x68 c:/st/stm32cubeide_1.5.1/stm32cubeide/plugins/com.st.stm32cube.ide.mcu.externaltools.gnu-tools-for-stm32.7-2018-q2-update.win32_1.5.0.202011040924/tools/bin/../lib/gcc/arm-none-eabi/7.3.1/../../../../arm-none-eabi/lib/thumb/v7e-m/fpv5/hard\libc_nano.a(lib_a-mprec.o)
                0x000000000800f500                _Balloc
 .text._Bfree   0x000000000800f568       0x2e c:/st/stm32cubeide_1.5.1/stm32cubeide/plugins/com.st.stm32cube.ide.mcu.externaltools.gnu-tools-for-stm32.7-2018-q2-update.win32_1.5.0.202011040924/tools/bin/../lib/gcc/arm-none-eabi/7.3.1/../../../../arm-none-eabi/lib/thumb/v7e-m/fpv5/hard\libc_nano.a(lib_a-mprec.o)
                0x000000000800f568                _Bfree
 .text.__multadd
                0x000000000800f596       0x76 c:/st/stm32cubeide_1.5.1/stm32cubeide/plugins/com.st.stm32cube.ide.mcu.externaltools.gnu-tools-for-stm32.7-2018-q2-update.win32_1.5.0.202011040924/tools/bin/../lib/gcc/arm-none-eabi/7.3.1/../../../../arm-none-eabi/lib/thumb/v7e-m/fpv5/hard\libc_nano.a(lib_a-mprec.o)
                0x000000000800f596                __multadd
 .text.__s2b    0x000000000800f60c       0x7c c:/st/stm32cubeide_1.5.1/stm32cubeide/plugins/com.st.stm32cube.ide.mcu.externaltools.gnu-tools-for-stm32.7-2018-q2-update.win32_1.5.0.202011040924/tools/bin/../lib/gcc/arm-none-eabi/7.3.1/../../../../arm-none-eabi/lib/thumb/v7e-m/fpv5/hard\libc_nano.a(lib_a-mprec.o)
                0x000000000800f60c                __s2b
 .text.__hi0bits
                0x000000000800f688       0x3e c:/st/stm32cubeide_1.5.1/stm32cubeide/plugins/com.st.stm32cube.ide.mcu.externaltools.gnu-tools-for-stm32.7-2018-q2-update.win32_1.5.0.202011040924/tools/bin/../lib/gcc/arm-none-eabi/7.3.1/../../../../arm-none-eabi/lib/thumb/v7e-m/fpv5/hard\libc_nano.a(lib_a-mprec.o)
                0x000000000800f688                __hi0bits
 .text.__lo0bits
                0x000000000800f6c6       0x5e c:/st/stm32cubeide_1.5.1/stm32cubeide/plugins/com.st.stm32cube.ide.mcu.externaltools.gnu-tools-for-stm32.7-2018-q2-update.win32_1.5.0.202011040924/tools/bin/../lib/gcc/arm-none-eabi/7.3.1/../../../../arm-none-eabi/lib/thumb/v7e-m/fpv5/hard\libc_nano.a(lib_a-mprec.o)
                0x000000000800f6c6                __lo0bits
 .text.__i2b    0x000000000800f724       0x12 c:/st/stm32cubeide_1.5.1/stm32cubeide/plugins/com.st.stm32cube.ide.mcu.externaltools.gnu-tools-for-stm32.7-2018-q2-update.win32_1.5.0.202011040924/tools/bin/../lib/gcc/arm-none-eabi/7.3.1/../../../../arm-none-eabi/lib/thumb/v7e-m/fpv5/hard\libc_nano.a(lib_a-mprec.o)
                0x000000000800f724                __i2b
 .text.__multiply
                0x000000000800f736      0x12c c:/st/stm32cubeide_1.5.1/stm32cubeide/plugins/com.st.stm32cube.ide.mcu.externaltools.gnu-tools-for-stm32.7-2018-q2-update.win32_1.5.0.202011040924/tools/bin/../lib/gcc/arm-none-eabi/7.3.1/../../../../arm-none-eabi/lib/thumb/v7e-m/fpv5/hard\libc_nano.a(lib_a-mprec.o)
                0x000000000800f736                __multiply
 *fill*         0x000000000800f862        0x2 
 .text.__pow5mult
                0x000000000800f864       0x9c c:/st/stm32cubeide_1.5.1/stm32cubeide/plugins/com.st.stm32cube.ide.mcu.externaltools.gnu-tools-for-stm32.7-2018-q2-update.win32_1.5.0.202011040924/tools/bin/../lib/gcc/arm-none-eabi/7.3.1/../../../../arm-none-eabi/lib/thumb/v7e-m/fpv5/hard\libc_nano.a(lib_a-mprec.o)
                0x000000000800f864                __pow5mult
 .text.__lshift
                0x000000000800f900       0xa8 c:/st/stm32cubeide_1.5.1/stm32cubeide/plugins/com.st.stm32cube.ide.mcu.externaltools.gnu-tools-for-stm32.7-2018-q2-update.win32_1.5.0.202011040924/tools/bin/../lib/gcc/arm-none-eabi/7.3.1/../../../../arm-none-eabi/lib/thumb/v7e-m/fpv5/hard\libc_nano.a(lib_a-mprec.o)
                0x000000000800f900                __lshift
 .text.__mcmp   0x000000000800f9a8       0x34 c:/st/stm32cubeide_1.5.1/stm32cubeide/plugins/com.st.stm32cube.ide.mcu.externaltools.gnu-tools-for-stm32.7-2018-q2-update.win32_1.5.0.202011040924/tools/bin/../lib/gcc/arm-none-eabi/7.3.1/../../../../arm-none-eabi/lib/thumb/v7e-m/fpv5/hard\libc_nano.a(lib_a-mprec.o)
                0x000000000800f9a8                __mcmp
 .text.__mdiff  0x000000000800f9dc       0xba c:/st/stm32cubeide_1.5.1/stm32cubeide/plugins/com.st.stm32cube.ide.mcu.externaltools.gnu-tools-for-stm32.7-2018-q2-update.win32_1.5.0.202011040924/tools/bin/../lib/gcc/arm-none-eabi/7.3.1/../../../../arm-none-eabi/lib/thumb/v7e-m/fpv5/hard\libc_nano.a(lib_a-mprec.o)
                0x000000000800f9dc                __mdiff
 *fill*         0x000000000800fa96        0x2 
 .text.__ulp    0x000000000800fa98       0x50 c:/st/stm32cubeide_1.5.1/stm32cubeide/plugins/com.st.stm32cube.ide.mcu.externaltools.gnu-tools-for-stm32.7-2018-q2-update.win32_1.5.0.202011040924/tools/bin/../lib/gcc/arm-none-eabi/7.3.1/../../../../arm-none-eabi/lib/thumb/v7e-m/fpv5/hard\libc_nano.a(lib_a-mprec.o)
                0x000000000800fa98                __ulp
 .text.__b2d    0x000000000800fae8       0x9c c:/st/stm32cubeide_1.5.1/stm32cubeide/plugins/com.st.stm32cube.ide.mcu.externaltools.gnu-tools-for-stm32.7-2018-q2-update.win32_1.5.0.202011040924/tools/bin/../lib/gcc/arm-none-eabi/7.3.1/../../../../arm-none-eabi/lib/thumb/v7e-m/fpv5/hard\libc_nano.a(lib_a-mprec.o)
                0x000000000800fae8                __b2d
 .text.__d2b    0x000000000800fb84       0x9e c:/st/stm32cubeide_1.5.1/stm32cubeide/plugins/com.st.stm32cube.ide.mcu.externaltools.gnu-tools-for-stm32.7-2018-q2-update.win32_1.5.0.202011040924/tools/bin/../lib/gcc/arm-none-eabi/7.3.1/../../../../arm-none-eabi/lib/thumb/v7e-m/fpv5/hard\libc_nano.a(lib_a-mprec.o)
                0x000000000800fb84                __d2b
 .text.__ratio  0x000000000800fc22       0x68 c:/st/stm32cubeide_1.5.1/stm32cubeide/plugins/com.st.stm32cube.ide.mcu.externaltools.gnu-tools-for-stm32.7-2018-q2-update.win32_1.5.0.202011040924/tools/bin/../lib/gcc/arm-none-eabi/7.3.1/../../../../arm-none-eabi/lib/thumb/v7e-m/fpv5/hard\libc_nano.a(lib_a-mprec.o)
                0x000000000800fc22                __ratio
 .text.__copybits
                0x000000000800fc8a       0x34 c:/st/stm32cubeide_1.5.1/stm32cubeide/plugins/com.st.stm32cube.ide.mcu.externaltools.gnu-tools-for-stm32.7-2018-q2-update.win32_1.5.0.202011040924/tools/bin/../lib/gcc/arm-none-eabi/7.3.1/../../../../arm-none-eabi/lib/thumb/v7e-m/fpv5/hard\libc_nano.a(lib_a-mprec.o)
                0x000000000800fc8a                __copybits
 .text.__any_on
                0x000000000800fcbe       0x42 c:/st/stm32cubeide_1.5.1/stm32cubeide/plugins/com.st.stm32cube.ide.mcu.externaltools.gnu-tools-for-stm32.7-2018-q2-update.win32_1.5.0.202011040924/tools/bin/../lib/gcc/arm-none-eabi/7.3.1/../../../../arm-none-eabi/lib/thumb/v7e-m/fpv5/hard\libc_nano.a(lib_a-mprec.o)
                0x000000000800fcbe                __any_on
 .text._calloc_r
                0x000000000800fd00       0x1c c:/st/stm32cubeide_1.5.1/stm32cubeide/plugins/com.st.stm32cube.ide.mcu.externaltools.gnu-tools-for-stm32.7-2018-q2-update.win32_1.5.0.202011040924/tools/bin/../lib/gcc/arm-none-eabi/7.3.1/../../../../arm-none-eabi/lib/thumb/v7e-m/fpv5/hard\libc_nano.a(lib_a-nano-callocr.o)
                0x000000000800fd00                _calloc_r
 .text._free_r  0x000000000800fd1c       0x9c c:/st/stm32cubeide_1.5.1/stm32cubeide/plugins/com.st.stm32cube.ide.mcu.externaltools.gnu-tools-for-stm32.7-2018-q2-update.win32_1.5.0.202011040924/tools/bin/../lib/gcc/arm-none-eabi/7.3.1/../../../../arm-none-eabi/lib/thumb/v7e-m/fpv5/hard\libc_nano.a(lib_a-nano-freer.o)
                0x000000000800fd1c                _free_r
 .text._malloc_r
                0x000000000800fdb8       0xb4 c:/st/stm32cubeide_1.5.1/stm32cubeide/plugins/com.st.stm32cube.ide.mcu.externaltools.gnu-tools-for-stm32.7-2018-q2-update.win32_1.5.0.202011040924/tools/bin/../lib/gcc/arm-none-eabi/7.3.1/../../../../arm-none-eabi/lib/thumb/v7e-m/fpv5/hard\libc_nano.a(lib_a-nano-mallocr.o)
                0x000000000800fdb8                _malloc_r
 .text.__ssputs_r
                0x000000000800fe6c       0xb4 c:/st/stm32cubeide_1.5.1/stm32cubeide/plugins/com.st.stm32cube.ide.mcu.externaltools.gnu-tools-for-stm32.7-2018-q2-update.win32_1.5.0.202011040924/tools/bin/../lib/gcc/arm-none-eabi/7.3.1/../../../../arm-none-eabi/lib/thumb/v7e-m/fpv5/hard\libc_nano.a(lib_a-nano-svfprintf.o)
                0x000000000800fe6c                __ssputs_r
 .text._svfprintf_r
                0x000000000800ff20      0x1f0 c:/st/stm32cubeide_1.5.1/stm32cubeide/plugins/com.st.stm32cube.ide.mcu.externaltools.gnu-tools-for-stm32.7-2018-q2-update.win32_1.5.0.202011040924/tools/bin/../lib/gcc/arm-none-eabi/7.3.1/../../../../arm-none-eabi/lib/thumb/v7e-m/fpv5/hard\libc_nano.a(lib_a-nano-svfprintf.o)
                0x000000000800ff20                _svfiprintf_r
                0x000000000800ff20                _svfprintf_r
 .text._sbrk_r  0x0000000008010110       0x20 c:/st/stm32cubeide_1.5.1/stm32cubeide/plugins/com.st.stm32cube.ide.mcu.externaltools.gnu-tools-for-stm32.7-2018-q2-update.win32_1.5.0.202011040924/tools/bin/../lib/gcc/arm-none-eabi/7.3.1/../../../../arm-none-eabi/lib/thumb/v7e-m/fpv5/hard\libc_nano.a(lib_a-sbrkr.o)
                0x0000000008010110                _sbrk_r
 .text.strncmp  0x0000000008010130       0x24 c:/st/stm32cubeide_1.5.1/stm32cubeide/plugins/com.st.stm32cube.ide.mcu.externaltools.gnu-tools-for-stm32.7-2018-q2-update.win32_1.5.0.202011040924/tools/bin/../lib/gcc/arm-none-eabi/7.3.1/../../../../arm-none-eabi/lib/thumb/v7e-m/fpv5/hard\libc_nano.a(lib_a-strncmp.o)
                0x0000000008010130                strncmp
 .text.__ascii_wctomb
                0x0000000008010154       0x1a c:/st/stm32cubeide_1.5.1/stm32cubeide/plugins/com.st.stm32cube.ide.mcu.externaltools.gnu-tools-for-stm32.7-2018-q2-update.win32_1.5.0.202011040924/tools/bin/../lib/gcc/arm-none-eabi/7.3.1/../../../../arm-none-eabi/lib/thumb/v7e-m/fpv5/hard\libc_nano.a(lib_a-wctomb_r.o)
                0x0000000008010154                __ascii_wctomb
 .text.memmove  0x000000000801016e       0x32 c:/st/stm32cubeide_1.5.1/stm32cubeide/plugins/com.st.stm32cube.ide.mcu.externaltools.gnu-tools-for-stm32.7-2018-q2-update.win32_1.5.0.202011040924/tools/bin/../lib/gcc/arm-none-eabi/7.3.1/../../../../arm-none-eabi/lib/thumb/v7e-m/fpv5/hard\libc_nano.a(lib_a-memmove.o)
                0x000000000801016e                memmove
 .text.__malloc_lock
                0x00000000080101a0        0x2 c:/st/stm32cubeide_1.5.1/stm32cubeide/plugins/com.st.stm32cube.ide.mcu.externaltools.gnu-tools-for-stm32.7-2018-q2-update.win32_1.5.0.202011040924/tools/bin/../lib/gcc/arm-none-eabi/7.3.1/../../../../arm-none-eabi/lib/thumb/v7e-m/fpv5/hard\libc_nano.a(lib_a-mlock.o)
                0x00000000080101a0                __malloc_lock
 .text.__malloc_unlock
                0x00000000080101a2        0x2 c:/st/stm32cubeide_1.5.1/stm32cubeide/plugins/com.st.stm32cube.ide.mcu.externaltools.gnu-tools-for-stm32.7-2018-q2-update.win32_1.5.0.202011040924/tools/bin/../lib/gcc/arm-none-eabi/7.3.1/../../../../arm-none-eabi/lib/thumb/v7e-m/fpv5/hard\libc_nano.a(lib_a-mlock.o)
                0x00000000080101a2                __malloc_unlock
 .text._realloc_r
                0x00000000080101a4       0x4c c:/st/stm32cubeide_1.5.1/stm32cubeide/plugins/com.st.stm32cube.ide.mcu.externaltools.gnu-tools-for-stm32.7-2018-q2-update.win32_1.5.0.202011040924/tools/bin/../lib/gcc/arm-none-eabi/7.3.1/../../../../arm-none-eabi/lib/thumb/v7e-m/fpv5/hard\libc_nano.a(lib_a-nano-reallocr.o)
                0x00000000080101a4                _realloc_r
 .text._malloc_usable_size_r
                0x00000000080101f0       0x10 c:/st/stm32cubeide_1.5.1/stm32cubeide/plugins/com.st.stm32cube.ide.mcu.externaltools.gnu-tools-for-stm32.7-2018-q2-update.win32_1.5.0.202011040924/tools/bin/../lib/gcc/arm-none-eabi/7.3.1/../../../../arm-none-eabi/lib/thumb/v7e-m/fpv5/hard\libc_nano.a(lib_a-nano-msizer.o)
                0x00000000080101f0                _malloc_usable_size_r
 *(.glue_7)
 .glue_7        0x0000000008010200        0x0 linker stubs
 *(.glue_7t)
 .glue_7t       0x0000000008010200        0x0 linker stubs
 *(.eh_frame)
 .eh_frame      0x0000000008010200        0x0 c:/st/stm32cubeide_1.5.1/stm32cubeide/plugins/com.st.stm32cube.ide.mcu.externaltools.gnu-tools-for-stm32.7-2018-q2-update.win32_1.5.0.202011040924/tools/bin/../lib/gcc/arm-none-eabi/7.3.1/thumb/v7e-m/fpv5/hard/crtbegin.o
 *(.init)
 .init          0x0000000008010200        0x4 c:/st/stm32cubeide_1.5.1/stm32cubeide/plugins/com.st.stm32cube.ide.mcu.externaltools.gnu-tools-for-stm32.7-2018-q2-update.win32_1.5.0.202011040924/tools/bin/../lib/gcc/arm-none-eabi/7.3.1/thumb/v7e-m/fpv5/hard/crti.o
                0x0000000008010200                _init
 .init          0x0000000008010204        0x8 c:/st/stm32cubeide_1.5.1/stm32cubeide/plugins/com.st.stm32cube.ide.mcu.externaltools.gnu-tools-for-stm32.7-2018-q2-update.win32_1.5.0.202011040924/tools/bin/../lib/gcc/arm-none-eabi/7.3.1/thumb/v7e-m/fpv5/hard/crtn.o
 *(.fini)
 .fini          0x000000000801020c        0x4 c:/st/stm32cubeide_1.5.1/stm32cubeide/plugins/com.st.stm32cube.ide.mcu.externaltools.gnu-tools-for-stm32.7-2018-q2-update.win32_1.5.0.202011040924/tools/bin/../lib/gcc/arm-none-eabi/7.3.1/thumb/v7e-m/fpv5/hard/crti.o
                0x000000000801020c                _fini
 .fini          0x0000000008010210        0x8 c:/st/stm32cubeide_1.5.1/stm32cubeide/plugins/com.st.stm32cube.ide.mcu.externaltools.gnu-tools-for-stm32.7-2018-q2-update.win32_1.5.0.202011040924/tools/bin/../lib/gcc/arm-none-eabi/7.3.1/thumb/v7e-m/fpv5/hard/crtn.o
                0x0000000008010218                . = ALIGN (0x4)
                0x0000000008010218                _etext = .

.vfp11_veneer   0x0000000008010218        0x0
 .vfp11_veneer  0x0000000008010218        0x0 linker stubs

.v4_bx          0x0000000008010218        0x0
 .v4_bx         0x0000000008010218        0x0 linker stubs

.iplt           0x0000000008010218        0x0
 .iplt          0x0000000008010218        0x0 c:/st/stm32cubeide_1.5.1/stm32cubeide/plugins/com.st.stm32cube.ide.mcu.externaltools.gnu-tools-for-stm32.7-2018-q2-update.win32_1.5.0.202011040924/tools/bin/../lib/gcc/arm-none-eabi/7.3.1/thumb/v7e-m/fpv5/hard/crtbegin.o

.rodata         0x0000000008010218      0x4d0
                0x0000000008010218                . = ALIGN (0x4)
 *(.rodata)
 .rodata        0x0000000008010218       0x53 Core/Src/main.o
 *fill*         0x000000000801026b        0x1 
 .rodata        0x000000000801026c        0x5 Middlewares/Third_Party/FreeRTOS/Source/tasks.o
 *fill*         0x0000000008010271        0x3 
 .rodata        0x0000000008010274        0xd Middlewares/Third_Party/FreeRTOS/Source/timers.o
 *(.rodata*)
 *fill*         0x0000000008010281        0x3 
 .rodata.LUT_PSET
                0x0000000008010284        0x8 Core/Src/ls027b7dh01.o
 .rodata.LUT_PRST
                0x000000000801028c        0x8 Core/Src/ls027b7dh01.o
 .rodata.LUT_LINE.10251
                0x0000000008010294       0xf0 Core/Src/ls027b7dh01.o
 .rodata.Heartbeat_attributes
                0x0000000008010384       0x24 Core/Src/main.o
                0x0000000008010384                Heartbeat_attributes
 .rodata.adcRead_attributes
                0x00000000080103a8       0x24 Core/Src/main.o
                0x00000000080103a8                adcRead_attributes
 .rodata.DatScreenBlink_attributes
                0x00000000080103cc       0x24 Core/Src/main.o
                0x00000000080103cc                DatScreenBlink_attributes
 .rodata.gpioInputRead_attributes
                0x00000000080103f0       0x24 Core/Src/main.o
                0x00000000080103f0                gpioInputRead_attributes
 .rodata.AHBPrescTable
                0x0000000008010414       0x10 Core/Src/system_stm32f7xx.o
                0x0000000008010414                AHBPrescTable
 .rodata.APBPrescTable
                0x0000000008010424        0x8 Core/Src/system_stm32f7xx.o
                0x0000000008010424                APBPrescTable
 .rodata.flagBitshiftOffset.9829
                0x000000000801042c        0x8 Drivers/STM32F7xx_HAL_Driver/Src/stm32f7xx_hal_dma.o
 .rodata._printf_float.str1.1
                0x0000000008010434       0x12 c:/st/stm32cubeide_1.5.1/stm32cubeide/plugins/com.st.stm32cube.ide.mcu.externaltools.gnu-tools-for-stm32.7-2018-q2-update.win32_1.5.0.202011040924/tools/bin/../lib/gcc/arm-none-eabi/7.3.1/../../../../arm-none-eabi/lib/thumb/v7e-m/fpv5/hard\libc_nano.a(lib_a-nano-vfprintf_float.o)
 .rodata._printf_i.str1.1
                0x0000000008010446       0x22 c:/st/stm32cubeide_1.5.1/stm32cubeide/plugins/com.st.stm32cube.ide.mcu.externaltools.gnu-tools-for-stm32.7-2018-q2-update.win32_1.5.0.202011040924/tools/bin/../lib/gcc/arm-none-eabi/7.3.1/../../../../arm-none-eabi/lib/thumb/v7e-m/fpv5/hard\libc_nano.a(lib_a-nano-vfprintf_i.o)
 .rodata._scanf_float.str1.1
                0x0000000008010468        0x5 c:/st/stm32cubeide_1.5.1/stm32cubeide/plugins/com.st.stm32cube.ide.mcu.externaltools.gnu-tools-for-stm32.7-2018-q2-update.win32_1.5.0.202011040924/tools/bin/../lib/gcc/arm-none-eabi/7.3.1/../../../../arm-none-eabi/lib/thumb/v7e-m/fpv5/hard\libc_nano.a(lib_a-nano-vfscanf_float.o)
 .rodata._strtod_l.str1.1
                0x000000000801046d        0x5 c:/st/stm32cubeide_1.5.1/stm32cubeide/plugins/com.st.stm32cube.ide.mcu.externaltools.gnu-tools-for-stm32.7-2018-q2-update.win32_1.5.0.202011040924/tools/bin/../lib/gcc/arm-none-eabi/7.3.1/../../../../arm-none-eabi/lib/thumb/v7e-m/fpv5/hard\libc_nano.a(lib_a-strtod.o)
                                          0xc (size before relaxing)
 *fill*         0x000000000801046d        0x3 
 .rodata.fpi.7435
                0x0000000008010470       0x14 c:/st/stm32cubeide_1.5.1/stm32cubeide/plugins/com.st.stm32cube.ide.mcu.externaltools.gnu-tools-for-stm32.7-2018-q2-update.win32_1.5.0.202011040924/tools/bin/../lib/gcc/arm-none-eabi/7.3.1/../../../../arm-none-eabi/lib/thumb/v7e-m/fpv5/hard\libc_nano.a(lib_a-strtod.o)
 .rodata.fpinan.7471
                0x0000000008010484       0x14 c:/st/stm32cubeide_1.5.1/stm32cubeide/plugins/com.st.stm32cube.ide.mcu.externaltools.gnu-tools-for-stm32.7-2018-q2-update.win32_1.5.0.202011040924/tools/bin/../lib/gcc/arm-none-eabi/7.3.1/../../../../arm-none-eabi/lib/thumb/v7e-m/fpv5/hard\libc_nano.a(lib_a-strtod.o)
 .rodata.tinytens
                0x0000000008010498       0x28 c:/st/stm32cubeide_1.5.1/stm32cubeide/plugins/com.st.stm32cube.ide.mcu.externaltools.gnu-tools-for-stm32.7-2018-q2-update.win32_1.5.0.202011040924/tools/bin/../lib/gcc/arm-none-eabi/7.3.1/../../../../arm-none-eabi/lib/thumb/v7e-m/fpv5/hard\libc_nano.a(lib_a-strtod.o)
 .rodata._dtoa_r.str1.1
                0x00000000080104c0        0xd c:/st/stm32cubeide_1.5.1/stm32cubeide/plugins/com.st.stm32cube.ide.mcu.externaltools.gnu-tools-for-stm32.7-2018-q2-update.win32_1.5.0.202011040924/tools/bin/../lib/gcc/arm-none-eabi/7.3.1/../../../../arm-none-eabi/lib/thumb/v7e-m/fpv5/hard\libc_nano.a(lib_a-dtoa.o)
                                          0xf (size before relaxing)
 .rodata._setlocale_r.str1.1
                0x00000000080104cd        0x8 c:/st/stm32cubeide_1.5.1/stm32cubeide/plugins/com.st.stm32cube.ide.mcu.externaltools.gnu-tools-for-stm32.7-2018-q2-update.win32_1.5.0.202011040924/tools/bin/../lib/gcc/arm-none-eabi/7.3.1/../../../../arm-none-eabi/lib/thumb/v7e-m/fpv5/hard\libc_nano.a(lib_a-locale.o)
                                          0x9 (size before relaxing)
 .rodata.str1.1
                0x00000000080104d5        0x2 c:/st/stm32cubeide_1.5.1/stm32cubeide/plugins/com.st.stm32cube.ide.mcu.externaltools.gnu-tools-for-stm32.7-2018-q2-update.win32_1.5.0.202011040924/tools/bin/../lib/gcc/arm-none-eabi/7.3.1/../../../../arm-none-eabi/lib/thumb/v7e-m/fpv5/hard\libc_nano.a(lib_a-locale.o)
 *fill*         0x00000000080104d7        0x1 
 .rodata.__mprec_bigtens
                0x00000000080104d8       0x28 c:/st/stm32cubeide_1.5.1/stm32cubeide/plugins/com.st.stm32cube.ide.mcu.externaltools.gnu-tools-for-stm32.7-2018-q2-update.win32_1.5.0.202011040924/tools/bin/../lib/gcc/arm-none-eabi/7.3.1/../../../../arm-none-eabi/lib/thumb/v7e-m/fpv5/hard\libc_nano.a(lib_a-mprec.o)
                0x00000000080104d8                __mprec_bigtens
 .rodata.__mprec_tens
                0x0000000008010500       0xc8 c:/st/stm32cubeide_1.5.1/stm32cubeide/plugins/com.st.stm32cube.ide.mcu.externaltools.gnu-tools-for-stm32.7-2018-q2-update.win32_1.5.0.202011040924/tools/bin/../lib/gcc/arm-none-eabi/7.3.1/../../../../arm-none-eabi/lib/thumb/v7e-m/fpv5/hard\libc_nano.a(lib_a-mprec.o)
                0x0000000008010500                __mprec_tens
 .rodata.p05.7359
                0x00000000080105c8        0xc c:/st/stm32cubeide_1.5.1/stm32cubeide/plugins/com.st.stm32cube.ide.mcu.externaltools.gnu-tools-for-stm32.7-2018-q2-update.win32_1.5.0.202011040924/tools/bin/../lib/gcc/arm-none-eabi/7.3.1/../../../../arm-none-eabi/lib/thumb/v7e-m/fpv5/hard\libc_nano.a(lib_a-mprec.o)
 .rodata._svfprintf_r.str1.1
                0x00000000080105d4       0x11 c:/st/stm32cubeide_1.5.1/stm32cubeide/plugins/com.st.stm32cube.ide.mcu.externaltools.gnu-tools-for-stm32.7-2018-q2-update.win32_1.5.0.202011040924/tools/bin/../lib/gcc/arm-none-eabi/7.3.1/../../../../arm-none-eabi/lib/thumb/v7e-m/fpv5/hard\libc_nano.a(lib_a-nano-svfprintf.o)
 .rodata._ctype_
                0x00000000080105e5      0x101 c:/st/stm32cubeide_1.5.1/stm32cubeide/plugins/com.st.stm32cube.ide.mcu.externaltools.gnu-tools-for-stm32.7-2018-q2-update.win32_1.5.0.202011040924/tools/bin/../lib/gcc/arm-none-eabi/7.3.1/../../../../arm-none-eabi/lib/thumb/v7e-m/fpv5/hard\libc_nano.a(lib_a-ctype_.o)
                0x00000000080105e5                _ctype_
                0x00000000080106e8                . = ALIGN (0x4)
 *fill*         0x00000000080106e6        0x2 

.ARM.extab      0x00000000080106e8        0x0
                0x00000000080106e8                . = ALIGN (0x4)
 *(.ARM.extab* .gnu.linkonce.armextab.*)
                0x00000000080106e8                . = ALIGN (0x4)

.ARM            0x00000000080106e8        0x8
                0x00000000080106e8                . = ALIGN (0x4)
                0x00000000080106e8                __exidx_start = .
 *(.ARM.exidx*)
 .ARM.exidx     0x00000000080106e8        0x8 c:/st/stm32cubeide_1.5.1/stm32cubeide/plugins/com.st.stm32cube.ide.mcu.externaltools.gnu-tools-for-stm32.7-2018-q2-update.win32_1.5.0.202011040924/tools/bin/../lib/gcc/arm-none-eabi/7.3.1/thumb/v7e-m/fpv5/hard\libgcc.a(_udivmoddi4.o)
                0x00000000080106f0                __exidx_end = .
                0x00000000080106f0                . = ALIGN (0x4)

.rel.dyn        0x00000000080106f0        0x0
 .rel.iplt      0x00000000080106f0        0x0 c:/st/stm32cubeide_1.5.1/stm32cubeide/plugins/com.st.stm32cube.ide.mcu.externaltools.gnu-tools-for-stm32.7-2018-q2-update.win32_1.5.0.202011040924/tools/bin/../lib/gcc/arm-none-eabi/7.3.1/thumb/v7e-m/fpv5/hard/crtbegin.o

.preinit_array  0x00000000080106f0        0x0
                0x00000000080106f0                . = ALIGN (0x4)
                0x00000000080106f0                PROVIDE (__preinit_array_start = .)
 *(.preinit_array*)
                0x00000000080106f0                PROVIDE (__preinit_array_end = .)
                0x00000000080106f0                . = ALIGN (0x4)

.init_array     0x00000000080106f0        0x4
                0x00000000080106f0                . = ALIGN (0x4)
                0x00000000080106f0                PROVIDE (__init_array_start = .)
 *(SORT_BY_NAME(.init_array.*))
 *(.init_array*)