Archive member included to satisfy reference by file (symbol)

c:/st/stm32cubeide_1.5.1/stm32cubeide/plugins/com.st.stm32cube.ide.mcu.externaltools.gnu-tools-for-stm32.7-2018-q2-update.win32_1.5.0.202011040924/tools/bin/../lib/gcc/arm-none-eabi/7.3.1/../../../../arm-none-eabi/lib/thumb/v7e-m/fpv5/hard\libc_nano.a(lib_a-errno.o)
                              Core/Src/syscalls.o (__errno)
c:/st/stm32cubeide_1.5.1/stm32cubeide/plugins/com.st.stm32cube.ide.mcu.externaltools.gnu-tools-for-stm32.7-2018-q2-update.win32_1.5.0.202011040924/tools/bin/../lib/gcc/arm-none-eabi/7.3.1/../../../../arm-none-eabi/lib/thumb/v7e-m/fpv5/hard\libc_nano.a(lib_a-exit.o)
                              c:/st/stm32cubeide_1.5.1/stm32cubeide/plugins/com.st.stm32cube.ide.mcu.externaltools.gnu-tools-for-stm32.7-2018-q2-update.win32_1.5.0.202011040924/tools/bin/../lib/gcc/arm-none-eabi/7.3.1/../../../../arm-none-eabi/lib/thumb/v7e-m/fpv5/hard/crt0.o (exit)
c:/st/stm32cubeide_1.5.1/stm32cubeide/plugins/com.st.stm32cube.ide.mcu.externaltools.gnu-tools-for-stm32.7-2018-q2-update.win32_1.5.0.202011040924/tools/bin/../lib/gcc/arm-none-eabi/7.3.1/../../../../arm-none-eabi/lib/thumb/v7e-m/fpv5/hard\libc_nano.a(lib_a-impure.o)
                              c:/st/stm32cubeide_1.5.1/stm32cubeide/plugins/com.st.stm32cube.ide.mcu.externaltools.gnu-tools-for-stm32.7-2018-q2-update.win32_1.5.0.202011040924/tools/bin/../lib/gcc/arm-none-eabi/7.3.1/../../../../arm-none-eabi/lib/thumb/v7e-m/fpv5/hard\libc_nano.a(lib_a-exit.o) (_global_impure_ptr)
c:/st/stm32cubeide_1.5.1/stm32cubeide/plugins/com.st.stm32cube.ide.mcu.externaltools.gnu-tools-for-stm32.7-2018-q2-update.win32_1.5.0.202011040924/tools/bin/../lib/gcc/arm-none-eabi/7.3.1/../../../../arm-none-eabi/lib/thumb/v7e-m/fpv5/hard\libc_nano.a(lib_a-init.o)
                              c:/st/stm32cubeide_1.5.1/stm32cubeide/plugins/com.st.stm32cube.ide.mcu.externaltools.gnu-tools-for-stm32.7-2018-q2-update.win32_1.5.0.202011040924/tools/bin/../lib/gcc/arm-none-eabi/7.3.1/../../../../arm-none-eabi/lib/thumb/v7e-m/fpv5/hard/crt0.o (__libc_init_array)
c:/st/stm32cubeide_1.5.1/stm32cubeide/plugins/com.st.stm32cube.ide.mcu.externaltools.gnu-tools-for-stm32.7-2018-q2-update.win32_1.5.0.202011040924/tools/bin/../lib/gcc/arm-none-eabi/7.3.1/../../../../arm-none-eabi/lib/thumb/v7e-m/fpv5/hard\libc_nano.a(lib_a-memcpy-stub.o)
                              Core/Src/ls027b7dh01.o (memcpy)
c:/st/stm32cubeide_1.5.1/stm32cubeide/plugins/com.st.stm32cube.ide.mcu.externaltools.gnu-tools-for-stm32.7-2018-q2-update.win32_1.5.0.202011040924/tools/bin/../lib/gcc/arm-none-eabi/7.3.1/../../../../arm-none-eabi/lib/thumb/v7e-m/fpv5/hard\libc_nano.a(lib_a-memset.o)
                              c:/st/stm32cubeide_1.5.1/stm32cubeide/plugins/com.st.stm32cube.ide.mcu.externaltools.gnu-tools-for-stm32.7-2018-q2-update.win32_1.5.0.202011040924/tools/bin/../lib/gcc/arm-none-eabi/7.3.1/../../../../arm-none-eabi/lib/thumb/v7e-m/fpv5/hard/crt0.o (memset)
c:/st/stm32cubeide_1.5.1/stm32cubeide/plugins/com.st.stm32cube.ide.mcu.externaltools.gnu-tools-for-stm32.7-2018-q2-update.win32_1.5.0.202011040924/tools/bin/../lib/gcc/arm-none-eabi/7.3.1/../../../../arm-none-eabi/lib/thumb/v7e-m/fpv5/hard\libc_nano.a(lib_a-nano-vfprintf_float.o)
                              (_printf_float)
c:/st/stm32cubeide_1.5.1/stm32cubeide/plugins/com.st.stm32cube.ide.mcu.externaltools.gnu-tools-for-stm32.7-2018-q2-update.win32_1.5.0.202011040924/tools/bin/../lib/gcc/arm-none-eabi/7.3.1/../../../../arm-none-eabi/lib/thumb/v7e-m/fpv5/hard\libc_nano.a(lib_a-nano-vfprintf_i.o)
                              c:/st/stm32cubeide_1.5.1/stm32cubeide/plugins/com.st.stm32cube.ide.mcu.externaltools.gnu-tools-for-stm32.7-2018-q2-update.win32_1.5.0.202011040924/tools/bin/../lib/gcc/arm-none-eabi/7.3.1/../../../../arm-none-eabi/lib/thumb/v7e-m/fpv5/hard\libc_nano.a(lib_a-nano-vfprintf_float.o) (_printf_common)
c:/st/stm32cubeide_1.5.1/stm32cubeide/plugins/com.st.stm32cube.ide.mcu.externaltools.gnu-tools-for-stm32.7-2018-q2-update.win32_1.5.0.202011040924/tools/bin/../lib/gcc/arm-none-eabi/7.3.1/../../../../arm-none-eabi/lib/thumb/v7e-m/fpv5/hard\libc_nano.a(lib_a-nano-vfscanf_float.o)
                              (_scanf_float)
c:/st/stm32cubeide_1.5.1/stm32cubeide/plugins/com.st.stm32cube.ide.mcu.externaltools.gnu-tools-for-stm32.7-2018-q2-update.win32_1.5.0.202011040924/tools/bin/../lib/gcc/arm-none-eabi/7.3.1/../../../../arm-none-eabi/lib/thumb/v7e-m/fpv5/hard\libc_nano.a(lib_a-puts.o)
                              Core/Src/main.o (puts)
c:/st/stm32cubeide_1.5.1/stm32cubeide/plugins/com.st.stm32cube.ide.mcu.externaltools.gnu-tools-for-stm32.7-2018-q2-update.win32_1.5.0.202011040924/tools/bin/../lib/gcc/arm-none-eabi/7.3.1/../../../../arm-none-eabi/lib/thumb/v7e-m/fpv5/hard\libc_nano.a(lib_a-sf_nan.o)
[...]
Memory Configuration

Name             Origin             Length             Attributes
RAM              0x0000000020000000 0x0000000000080000 xrw
FLASH            0x0000000008000000 0x0000000000200000 xr
*default*        0x0000000000000000 0xffffffffffffffff

Linker script and memory map

LOAD c:/st/stm32cubeide_1.5.1/stm32cubeide/plugins/com.st.stm32cube.ide.mcu.externaltools.gnu-tools-for-stm32.7-2018-q2-update.win32_1.5.0.202011040924/tools/bin/../lib/gcc/arm-none-eabi/7.3.1/thumb/v7e-m/fpv5/hard/crti.o
LOAD c:/st/stm32cubeide_1.5.1/stm32cubeide/plugins/com.st.stm32cube.ide.mcu.externaltools.gnu-tools-for-stm32.7-2018-q2-update.win32_1.5.0.202011040924/tools/bin/../lib/gcc/arm-none-eabi/7.3.1/thumb/v7e-m/fpv5/hard/crtbegin.o
LOAD c:/st/stm32cubeide_1.5.1/stm32cubeide/plugins/com.st.stm32cube.ide.mcu.externaltools.gnu-tools-for-stm32.7-2018-q2-update.win32_1.5.0.202011040924/tools/bin/../lib/gcc/arm-none-eabi/7.3.1/../../../../arm-none-eabi/lib/thumb/v7e-m/fpv5/hard/crt0.o
LOAD Core/Src/freertos.o
LOAD Core/Src/ls027b7dh01.o
LOAD Core/Src/main.o
LOAD Core/Src/menu.o
LOAD Core/Src/stm32f7xx_hal_msp.o
LOAD Core/Src/stm32f7xx_hal_timebase_tim.o
LOAD Core/Src/stm32f7xx_it.o
LOAD Core/Src/syscalls.o
LOAD Core/Src/sysmem.o
LOAD Core/Src/system_stm32f7xx.o
LOAD Core/Src/zionEeprom.o
LOAD Core/Startup/startup_stm32f777nihx.o
LOAD Drivers/STM32F7xx_HAL_Driver/Src/stm32f7xx_hal.o
LOAD Drivers/STM32F7xx_HAL_Driver/Src/stm32f7xx_hal_adc.o
LOAD Drivers/STM32F7xx_HAL_Driver/Src/stm32f7xx_hal_adc_ex.o
LOAD Drivers/STM32F7xx_HAL_Driver/Src/stm32f7xx_hal_cortex.o
LOAD Drivers/STM32F7xx_HAL_Driver/Src/stm32f7xx_hal_dma.o
LOAD Drivers/STM32F7xx_HAL_Driver/Src/stm32f7xx_hal_dma_ex.o
LOAD Drivers/STM32F7xx_HAL_Driver/Src/stm32f7xx_hal_exti.o
LOAD Drivers/STM32F7xx_HAL_Driver/Src/stm32f7xx_hal_flash.o
LOAD Drivers/STM32F7xx_HAL_Driver/Src/stm32f7xx_hal_flash_ex.o
LOAD Drivers/STM32F7xx_HAL_Driver/Src/stm32f7xx_hal_gpio.o
LOAD Drivers/STM32F7xx_HAL_Driver/Src/stm32f7xx_hal_i2c.o
LOAD Drivers/STM32F7xx_HAL_Driver/Src/stm32f7xx_hal_i2c_ex.o
LOAD Drivers/STM32F7xx_HAL_Driver/Src/stm32f7xx_hal_pcd.o
LOAD Drivers/STM32F7xx_HAL_Driver/Src/stm32f7xx_hal_pcd_ex.o
LOAD Drivers/STM32F7xx_HAL_Driver/Src/stm32f7xx_hal_pwr.o
LOAD Drivers/STM32F7xx_HAL_Driver/Src/stm32f7xx_hal_pwr_ex.o
LOAD Drivers/STM32F7xx_HAL_Driver/Src/stm32f7xx_hal_rcc.o
LOAD Drivers/STM32F7xx_HAL_Driver/Src/stm32f7xx_hal_rcc_ex.o
LOAD Drivers/STM32F7xx_HAL_Driver/Src/stm32f7xx_hal_rtc.o
LOAD Drivers/STM32F7xx_HAL_Driver/Src/stm32f7xx_hal_rtc_ex.o
LOAD Drivers/STM32F7xx_HAL_Driver/Src/stm32f7xx_hal_spi.o
LOAD Drivers/STM32F7xx_HAL_Driver/Src/stm32f7xx_hal_spi_ex.o
LOAD Drivers/STM32F7xx_HAL_Driver/Src/stm32f7xx_hal_tim.o
LOAD Drivers/STM32F7xx_HAL_Driver/Src/stm32f7xx_hal_tim_ex.o
LOAD Drivers/STM32F7xx_HAL_Driver/Src/stm32f7xx_hal_uart.o
LOAD Drivers/STM32F7xx_HAL_Driver/Src/stm32f7xx_hal_uart_ex.o
LOAD Drivers/STM32F7xx_HAL_Driver/Src/stm32f7xx_ll_usb.o
LOAD Middlewares/Third_Party/FreeRTOS/Source/CMSIS_RTOS_V2/cmsis_os2.o
LOAD Middlewares/Third_Party/FreeRTOS/Source/croutine.o
LOAD Middlewares/Third_Party/FreeRTOS/Source/event_groups.o
LOAD Middlewares/Third_Party/FreeRTOS/Source/list.o
LOAD Middlewares/Third_Party/FreeRTOS/Source/queue.o
LOAD Middlewares/Third_Party/FreeRTOS/Source/stream_buffer.o
LOAD Middlewares/Third_Party/FreeRTOS/Source/tasks.o
LOAD Middlewares/Third_Party/FreeRTOS/Source/timers.o
LOAD Middlewares/Third_Party/FreeRTOS/Source/portable/GCC/ARM_CM7/r0p1/port.o
LOAD Middlewares/Third_Party/FreeRTOS/Source/portable/MemMang/heap_4.o
START GROUP
LOAD c:/st/stm32cubeide_1.5.1/stm32cubeide/plugins/com.st.stm32cube.ide.mcu.externaltools.gnu-tools-for-stm32.7-2018-q2-update.win32_1.5.0.202011040924/tools/bin/../lib/gcc/arm-none-eabi/7.3.1/../../../../arm-none-eabi/lib/thumb/v7e-m/fpv5/hard\libc_nano.a
LOAD c:/st/stm32cubeide_1.5.1/stm32cubeide/plugins/com.st.stm32cube.ide.mcu.externaltools.gnu-tools-for-stm32.7-2018-q2-update.win32_1.5.0.202011040924/tools/bin/../lib/gcc/arm-none-eabi/7.3.1/../../../../arm-none-eabi/lib/thumb/v7e-m/fpv5/hard\libm.a
END GROUP
START GROUP
LOAD c:/st/stm32cubeide_1.5.1/stm32cubeide/plugins/com.st.stm32cube.ide.mcu.externaltools.gnu-tools-for-stm32.7-2018-q2-update.win32_1.5.0.202011040924/tools/bin/../lib/gcc/arm-none-eabi/7.3.1/thumb/v7e-m/fpv5/hard\libgcc.a
LOAD c:/st/stm32cubeide_1.5.1/stm32cubeide/plugins/com.st.stm32cube.ide.mcu.externaltools.gnu-tools-for-stm32.7-2018-q2-update.win32_1.5.0.202011040924/tools/bin/../lib/gcc/arm-none-eabi/7.3.1/../../../../arm-none-eabi/lib/thumb/v7e-m/fpv5/hard\libc_nano.a
END GROUP
START GROUP
LOAD c:/st/stm32cubeide_1.5.1/stm32cubeide/plugins/com.st.stm32cube.ide.mcu.externaltools.gnu-tools-for-stm32.7-2018-q2-update.win32_1.5.0.202011040924/tools/bin/../lib/gcc/arm-none-eabi/7.3.1/thumb/v7e-m/fpv5/hard\libgcc.a
LOAD c:/st/stm32cubeide_1.5.1/stm32cubeide/plugins/com.st.stm32cube.ide.mcu.externaltools.gnu-tools-for-stm32.7-2018-q2-update.win32_1.5.0.202011040924/tools/bin/../lib/gcc/arm-none-eabi/7.3.1/../../../../arm-none-eabi/lib/thumb/v7e-m/fpv5/hard\libc_nano.a
LOAD c:/st/stm32cubeide_1.5.1/stm32cubeide/plugins/com.st.stm32cube.ide.mcu.externaltools.gnu-tools-for-stm32.7-2018-q2-update.win32_1.5.0.202011040924/tools/bin/../lib/gcc/arm-none-eabi/7.3.1/../../../../arm-none-eabi/lib/thumb/v7e-m/fpv5/hard\libnosys.a
END GROUP
START GROUP
LOAD c:/st/stm32cubeide_1.5.1/stm32cubeide/plugins/com.st.stm32cube.ide.mcu.externaltools.gnu-tools-for-stm32.7-2018-q2-update.win32_1.5.0.202011040924/tools/bin/../lib/gcc/arm-none-eabi/7.3.1/thumb/v7e-m/fpv5/hard\libgcc.a
LOAD c:/st/stm32cubeide_1.5.1/stm32cubeide/plugins/com.st.stm32cube.ide.mcu.externaltools.gnu-tools-for-stm32.7-2018-q2-update.win32_1.5.0.202011040924/tools/bin/../lib/gcc/arm-none-eabi/7.3.1/../../../../arm-none-eabi/lib/thumb/v7e-m/fpv5/hard\libc_nano.a
LOAD c:/st/stm32cubeide_1.5.1/stm32cubeide/plugins/com.st.stm32cube.ide.mcu.externaltools.gnu-tools-for-stm32.7-2018-q2-update.win32_1.5.0.202011040924/tools/bin/../lib/gcc/arm-none-eabi/7.3.1/../../../../arm-none-eabi/lib/thumb/v7e-m/fpv5/hard\libnosys.a
END GROUP
LOAD c:/st/stm32cubeide_1.5.1/stm32cubeide/plugins/com.st.stm32cube.ide.mcu.externaltools.gnu-tools-for-stm32.7-2018-q2-update.win32_1.5.0.202011040924/tools/bin/../lib/gcc/arm-none-eabi/7.3.1/thumb/v7e-m/fpv5/hard/crtend.o
LOAD c:/st/stm32cubeide_1.5.1/stm32cubeide/plugins/com.st.stm32cube.ide.mcu.externaltools.gnu-tools-for-stm32.7-2018-q2-update.win32_1.5.0.202011040924/tools/bin/../lib/gcc/arm-none-eabi/7.3.1/thumb/v7e-m/fpv5/hard/crtn.o
                0x0000000020080000                _estack = (ORIGIN (RAM) + LENGTH (RAM))
                0x0000000000000200                _Min_Heap_Size = 0x200
                0x0000000000000400                _Min_Stack_Size = 0x400

.isr_vector     0x0000000008000000      0x1f8
                0x0000000008000000                . = ALIGN (0x4)
 *(.isr_vector)
 .isr_vector    0x0000000008000000      0x1f8 Core/Startup/startup_stm32f777nihx.o
                0x0000000008000000                g_pfnVectors
                0x00000000080001f8                . = ALIGN (0x4)

.text           0x0000000008000200    0x1608c
                0x0000000008000200                . = ALIGN (0x4)
 *(.text)
 .text          0x0000000008000200       0x40 c:/st/stm32cubeide_1.5.1/stm32cubeide/plugins/com.st.stm32cube.ide.mcu.externaltools.gnu-tools-for-stm32.7-2018-q2-update.win32_1.5.0.202011040924/tools/bin/../lib/gcc/arm-none-eabi/7.3.1/thumb/v7e-m/fpv5/hard/crtbegin.o
 .text          0x0000000008000240       0x10 c:/st/stm32cubeide_1.5.1/stm32cubeide/plugins/com.st.stm32cube.ide.mcu.externaltools.gnu-tools-for-stm32.7-2018-q2-update.win32_1.5.0.202011040924/tools/bin/../lib/gcc/arm-none-eabi/7.3.1/../../../../arm-none-eabi/lib/thumb/v7e-m/fpv5/hard\libc_nano.a(lib_a-strlen.o)
                0x0000000008000240                strlen
 .text          0x0000000008000250       0xa0 c:/st/stm32cubeide_1.5.1/stm32cubeide/plugins/com.st.stm32cube.ide.mcu.externaltools.gnu-tools-for-stm32.7-2018-q2-update.win32_1.5.0.202011040924/tools/bin/../lib/gcc/arm-none-eabi/7.3.1/../../../../arm-none-eabi/lib/thumb/v7e-m/fpv5/hard\libc_nano.a(lib_a-memchr.o)
                0x0000000008000250                memchr
 .text          0x00000000080002f0       0x30 c:/st/stm32cubeide_1.5.1/stm32cubeide/plugins/com.st.stm32cube.ide.mcu.externaltools.gnu-tools-for-stm32.7-2018-q2-update.win32_1.5.0.202011040924/tools/bin/../lib/gcc/arm-none-eabi/7.3.1/thumb/v7e-m/fpv5/hard\libgcc.a(_aeabi_uldivmod.o)
                0x00000000080002f0                __aeabi_uldivmod
 .text          0x0000000008000320      0x2cc c:/st/stm32cubeide_1.5.1/stm32cubeide/plugins/com.st.stm32cube.ide.mcu.externaltools.gnu-tools-for-stm32.7-2018-q2-update.win32_1.5.0.202011040924/tools/bin/../lib/gcc/arm-none-eabi/7.3.1/thumb/v7e-m/fpv5/hard\libgcc.a(_udivmoddi4.o)
                0x0000000008000320                __udivmoddi4
 .text          0x00000000080005ec        0x4 c:/st/stm32cubeide_1.5.1/stm32cubeide/plugins/com.st.stm32cube.ide.mcu.externaltools.gnu-tools-for-stm32.7-2018-q2-update.win32_1.5.0.202011040924/tools/bin/../lib/gcc/arm-none-eabi/7.3.1/thumb/v7e-m/fpv5/hard\libgcc.a(_dvmd_tls.o)
                0x00000000080005ec                __aeabi_idiv0
                0x00000000080005ec                __aeabi_ldiv0
 *(.text*)
 .text.__reverse8bit
                0x00000000080005f0       0x28 Core/Src/ls027b7dh01.o
 .text.SMLCD_InitGPIO
                0x0000000008000618       0x40 Core/Src/ls027b7dh01.o
                0x0000000008000618                SMLCD_InitGPIO
 .text.SMLCD_Init
                0x0000000008000658       0x40 Core/Src/ls027b7dh01.o
                0x0000000008000658                SMLCD_Init
 .text.SMLCD_Clear
                0x0000000008000698       0x40 Core/Src/ls027b7dh01.o
                0x0000000008000698                SMLCD_Clear
 .text.SMLCD_Flush
                0x00000000080006d8      0x244 Core/Src/ls027b7dh01.o
                0x00000000080006d8                SMLCD_Flush
 .text.SMLCD_Orientation
                0x000000000800091c       0x50 Core/Src/ls027b7dh01.o
                0x000000000800091c                SMLCD_Orientation
 .text.LCD_Clear
                0x000000000800096c       0x1c Core/Src/ls027b7dh01.o
                0x000000000800096c                LCD_Clear
 .text.LCD_Pixel
                0x0000000008000988       0xc0 Core/Src/ls027b7dh01.o
                0x0000000008000988                LCD_Pixel
 .text.LCD_VLineInt
                0x0000000008000a48       0xb0 Core/Src/ls027b7dh01.o
 .text.LCD_HLineInt
                0x0000000008000af8      0x1d8 Core/Src/ls027b7dh01.o
 .text.LCD_HLine
                0x0000000008000cd0       0xa0 Core/Src/ls027b7dh01.o
                0x0000000008000cd0                LCD_HLine
 .text.LCD_VLine
                0x0000000008000d70       0xa0 Core/Src/ls027b7dh01.o
                0x0000000008000d70                LCD_VLine
 .text.LCD_Rect
                0x0000000008000e10       0x82 Core/Src/ls027b7dh01.o
                0x0000000008000e10                LCD_Rect
 *fill*         0x0000000008000e92        0x2 
 .text.LCD_FillRect
                0x0000000008000e94      0x2cc Core/Src/ls027b7dh01.o
                0x0000000008000e94                LCD_FillRect
 .text.LCD_Line
                0x0000000008001160      0x18e Core/Src/ls027b7dh01.o
                0x0000000008001160                LCD_Line
 .text.LCD_PutChar
                0x00000000080012ee      0x23c Core/Src/ls027b7dh01.o
                0x00000000080012ee                LCD_PutChar
 *fill*         0x000000000800152a        0x2 
 .text.LCD_PutStr
                0x000000000800152c       0x70 Core/Src/ls027b7dh01.o
                0x000000000800152c                LCD_PutStr
 .text.LCD_PutInt
                0x000000000800159c       0xcc Core/Src/ls027b7dh01.o
                0x000000000800159c                LCD_PutInt
 .text.LCD_PutIntF
                0x0000000008001668      0x164 Core/Src/ls027b7dh01.o
                0x0000000008001668                LCD_PutIntF
 .text.drawUpDownArrow
                0x00000000080017cc      0x530 Core/Src/ls027b7dh01.o
                0x00000000080017cc                drawUpDownArrow
 .text.main     0x0000000008001cfc      0x388 Core/Src/main.o
                0x0000000008001cfc                main
 .text.SystemClock_Config
                0x0000000008002084      0x150 Core/Src/main.o
                0x0000000008002084                SystemClock_Config
 .text.MX_ADC1_Init
                0x00000000080021d4      0x1bc Core/Src/main.o
 .text.MX_ADC2_Init
                0x0000000008002390       0xf8 Core/Src/main.o
 .text.MX_ADC3_Init
                0x0000000008002488      0x130 Core/Src/main.o
 .text.MX_I2C1_Init
                0x00000000080025b8       0x80 Core/Src/main.o
 .text.MX_I2C2_Init
                0x0000000008002638       0x80 Core/Src/main.o
 .text.MX_I2C3_Init
                0x00000000080026b8       0x84 Core/Src/main.o
 .text.MX_I2C4_Init
                0x000000000800273c       0x80 Core/Src/main.o
 .text.MX_RTC_Init
                0x00000000080027bc       0x4c Core/Src/main.o
 .text.MX_SPI4_Init
                0x0000000008002808       0x7c Core/Src/main.o
 .text.MX_SPI5_Init
                0x0000000008002884       0x7c Core/Src/main.o
 .text.MX_TIM4_Init
                0x0000000008002900       0xf0 Core/Src/main.o
 .text.MX_TIM5_Init
                0x00000000080029f0      0x104 Core/Src/main.o
 .text.MX_UART4_Init
                0x0000000008002af4       0x60 Core/Src/main.o
 .text.MX_UART5_Init
                0x0000000008002b54       0x60 Core/Src/main.o
 .text.MX_UART7_Init
                0x0000000008002bb4       0x60 Core/Src/main.o
 .text.MX_USB_OTG_FS_PCD_Init
                0x0000000008002c14       0x5c Core/Src/main.o
 .text.MX_DMA_Init
                0x0000000008002c70       0x84 Core/Src/main.o
 .text.MX_GPIO_Init
                0x0000000008002cf4      0x33c Core/Src/main.o
 .text.__io_putchar
                0x0000000008003030       0x24 Core/Src/main.o
                0x0000000008003030                __io_putchar
 .text.outputGPIOBufInitialization
                0x0000000008003054       0x48 Core/Src/main.o
                0x0000000008003054                outputGPIOBufInitialization
 .text.setOutputGPIOState
                0x000000000800309c      0x244 Core/Src/main.o
                0x000000000800309c                setOutputGPIOState
 .text.uartTransmitInt
                0x00000000080032e0       0x40 Core/Src/main.o
                0x00000000080032e0                uartTransmitInt
 .text.readI2CRegister
                0x0000000008003320      0x164 Core/Src/main.o
                0x0000000008003320                readI2CRegister
 .text.writeI2CRegister
                0x0000000008003484      0x118 Core/Src/main.o
                0x0000000008003484                writeI2CRegister
 .text.configureLEDDriver
                0x000000000800359c      0x118 Core/Src/main.o
                0x000000000800359c                configureLEDDriver
 .text.setErrorLED
                0x00000000080036b4      0x238 Core/Src/main.o
                0x00000000080036b4                setErrorLED
 .text.getADCValues
                0x00000000080038ec      0x874 Core/Src/main.o
                0x00000000080038ec                getADCValues
 .text.HAL_ADC_ConvCpltCallback
                0x0000000008004160       0x14 Core/Src/main.o
                0x0000000008004160                HAL_ADC_ConvCpltCallback
 .text.startHeartbeat
                0x0000000008004174       0x20 Core/Src/main.o
                0x0000000008004174                startHeartbeat
 .text.startADCRead
                0x0000000008004194       0x80 Core/Src/main.o
                0x0000000008004194                startADCRead
 .text.GetDaScreenBlink
                0x0000000008004214       0xe8 Core/Src/main.o
                0x0000000008004214                GetDaScreenBlink
 .text.startGpioInputRead
                0x00000000080042fc      0x12c Core/Src/main.o
                0x00000000080042fc                startGpioInputRead
 .text.startNavigationTask
                0x0000000008004428      0x184 Core/Src/main.o
                0x0000000008004428                startNavigationTask
 .text.startErrorLEDs
                0x00000000080045ac       0x48 Core/Src/main.o
                0x00000000080045ac                startErrorLEDs
 .text.startZionRead
                0x00000000080045f4      0x210 Core/Src/main.o
                0x00000000080045f4                startZionRead
 .text.startBootButtons
                0x0000000008004804      0x414 Core/Src/main.o
                0x0000000008004804                startBootButtons
 .text.HAL_TIM_PeriodElapsedCallback
                0x0000000008004c18       0x24 Core/Src/main.o
                0x0000000008004c18                HAL_TIM_PeriodElapsedCallback
 .text.Error_Handler
                0x0000000008004c3c        0x8 Core/Src/main.o
                0x0000000008004c3c                Error_Handler
 .text.SMLCD_Enable
                0x0000000008004c44       0x18 Core/Src/menu.o
 .text.initializeDisplay
                0x0000000008004c5c       0x54 Core/Src/menu.o
                0x0000000008004c5c                initializeDisplay
 .text.drawMainMenu
                0x0000000008004cb0      0x634 Core/Src/menu.o
                0x0000000008004cb0                drawMainMenu
 .text.drawStatusMenu
                0x00000000080052e4     0x122c Core/Src/menu.o
                0x00000000080052e4                drawStatusMenu
 .text.drawSystemInfoMenu
                0x0000000008006510      0x8a0 Core/Src/menu.o
                0x0000000008006510                drawSystemInfoMenu
 .text.drawBootMenu
                0x0000000008006db0      0x838 Core/Src/menu.o
                0x0000000008006db0                drawBootMenu
 .text.drawMenuHeader
                0x00000000080075e8      0x1ac Core/Src/menu.o
                0x00000000080075e8                drawMenuHeader
 .text.getLatestADC
                0x0000000008007794       0x5c Core/Src/menu.o
                0x0000000008007794                getLatestADC
 .text.HAL_MspInit
                0x00000000080077f0       0x50 Core/Src/stm32f7xx_hal_msp.o
                0x00000000080077f0                HAL_MspInit
 .text.HAL_ADC_MspInit
                0x0000000008007840      0x3d8 Core/Src/stm32f7xx_hal_msp.o
                0x0000000008007840                HAL_ADC_MspInit
 .text.HAL_I2C_MspInit
                0x0000000008007c18      0x1f4 Core/Src/stm32f7xx_hal_msp.o
                0x0000000008007c18                HAL_I2C_MspInit
 .text.HAL_RTC_MspInit
                0x0000000008007e0c       0x34 Core/Src/stm32f7xx_hal_msp.o
                0x0000000008007e0c                HAL_RTC_MspInit
 .text.HAL_SPI_MspInit
                0x0000000008007e40      0x138 Core/Src/stm32f7xx_hal_msp.o
                0x0000000008007e40                HAL_SPI_MspInit
 .text.HAL_TIM_Base_MspInit
                0x0000000008007f78       0x68 Core/Src/stm32f7xx_hal_msp.o
                0x0000000008007f78                HAL_TIM_Base_MspInit
 .text.HAL_TIM_MspPostInit
                0x0000000008007fe0       0xbc Core/Src/stm32f7xx_hal_msp.o
                0x0000000008007fe0                HAL_TIM_MspPostInit
 .text.HAL_UART_MspInit
                0x000000000800809c      0x1f4 Core/Src/stm32f7xx_hal_msp.o
                0x000000000800809c                HAL_UART_MspInit
 .text.HAL_PCD_MspInit
                0x0000000008008290       0x9c Core/Src/stm32f7xx_hal_msp.o
                0x0000000008008290                HAL_PCD_MspInit
 .text.HAL_InitTick
                0x000000000800832c       0xb0 Core/Src/stm32f7xx_hal_timebase_tim.o
                0x000000000800832c                HAL_InitTick
 .text.NMI_Handler
                0x00000000080083dc        0x6 Core/Src/stm32f7xx_it.o
                0x00000000080083dc                NMI_Handler
 .text.HardFault_Handler
                0x00000000080083e2        0x6 Core/Src/stm32f7xx_it.o
                0x00000000080083e2                HardFault_Handler
 .text.MemManage_Handler
                0x00000000080083e8        0x6 Core/Src/stm32f7xx_it.o
                0x00000000080083e8                MemManage_Handler
 .text.BusFault_Handler
                0x00000000080083ee        0x6 Core/Src/stm32f7xx_it.o
                0x00000000080083ee                BusFault_Handler
 .text.UsageFault_Handler
                0x00000000080083f4        0x6 Core/Src/stm32f7xx_it.o
                0x00000000080083f4                UsageFault_Handler
 .text.DebugMon_Handler
                0x00000000080083fa        0xe Core/Src/stm32f7xx_it.o
                0x00000000080083fa                DebugMon_Handler
 .text.EXTI4_IRQHandler
                0x0000000008008408       0x5c Core/Src/stm32f7xx_it.o
                0x0000000008008408                EXTI4_IRQHandler
 .text.DMA1_Stream0_IRQHandler
                0x0000000008008464       0x14 Core/Src/stm32f7xx_it.o
                0x0000000008008464                DMA1_Stream0_IRQHandler
 .text.ADC_IRQHandler
                0x0000000008008478       0x28 Core/Src/stm32f7xx_it.o
                0x0000000008008478                ADC_IRQHandler
 .text.EXTI9_5_IRQHandler
                0x00000000080084a0       0xf8 Core/Src/stm32f7xx_it.o
                0x00000000080084a0                EXTI9_5_IRQHandler
 .text.TIM6_DAC_IRQHandler
                0x0000000008008598       0x14 Core/Src/stm32f7xx_it.o
                0x0000000008008598                TIM6_DAC_IRQHandler
 .text.DMA2_Stream0_IRQHandler
                0x00000000080085ac       0x28 Core/Src/stm32f7xx_it.o
                0x00000000080085ac                DMA2_Stream0_IRQHandler
 .text.DMA2_Stream1_IRQHandler
                0x00000000080085d4       0x28 Core/Src/stm32f7xx_it.o
                0x00000000080085d4                DMA2_Stream1_IRQHandler
 .text.DMA2_Stream2_IRQHandler
                0x00000000080085fc       0x28 Core/Src/stm32f7xx_it.o
                0x00000000080085fc                DMA2_Stream2_IRQHandler
 .text.SPI4_IRQHandler
                0x0000000008008624       0x14 Core/Src/stm32f7xx_it.o
                0x0000000008008624                SPI4_IRQHandler
 .text._read    0x0000000008008638       0x3a Core/Src/syscalls.o
                0x0000000008008638                _read
 .text._write   0x0000000008008672       0x38 Core/Src/syscalls.o
                0x0000000008008672                _write
 .text._close   0x00000000080086aa       0x18 Core/Src/syscalls.o
                0x00000000080086aa                _close
 .text._fstat   0x00000000080086c2       0x20 Core/Src/syscalls.o
                0x00000000080086c2                _fstat
 .text._isatty  0x00000000080086e2       0x16 Core/Src/syscalls.o
                0x00000000080086e2                _isatty
 .text._lseek   0x00000000080086f8       0x1a Core/Src/syscalls.o
                0x00000000080086f8                _lseek
 *fill*         0x0000000008008712        0x2 
 .text._sbrk    0x0000000008008714       0x6c Core/Src/sysmem.o
                0x0000000008008714                _sbrk
 .text.SystemInit
                0x0000000008008780       0x2c Core/Src/system_stm32f7xx.o
                0x0000000008008780                SystemInit
 .text.zionEEPROMPresence
                0x00000000080087ac       0x64 Core/Src/zionEeprom.o
                0x00000000080087ac                zionEEPROMPresence
 .text.readDataFromEEPROM
                0x0000000008008810       0x3c Core/Src/zionEeprom.o
                0x0000000008008810                readDataFromEEPROM
 .text.parseZionEEPROM
                0x000000000800884c      0x4cc Core/Src/zionEeprom.o
                0x000000000800884c                parseZionEEPROM
 .text.Reset_Handler
                0x0000000008008d18       0x50 Core/Startup/startup_stm32f777nihx.o
                0x0000000008008d18                Reset_Handler
 .text.Default_Handler
                0x0000000008008d68        0x2 Core/Startup/startup_stm32f777nihx.o
                0x0000000008008d68                RTC_Alarm_IRQHandler
                0x0000000008008d68                HASH_RNG_IRQHandler
                0x0000000008008d68                EXTI2_IRQHandler
                0x0000000008008d68                TIM8_CC_IRQHandler
                0x0000000008008d68                UART8_IRQHandler
                0x0000000008008d68                TIM1_CC_IRQHandler
                0x0000000008008d68                DMA2_Stream5_IRQHandler
                0x0000000008008d68                JPEG_IRQHandler
                0x0000000008008d68                DMA1_Stream5_IRQHandler
                0x0000000008008d68                CAN3_RX1_IRQHandler
                0x0000000008008d68                PVD_IRQHandler
                0x0000000008008d68                TAMP_STAMP_IRQHandler
                0x0000000008008d68                CAN2_RX1_IRQHandler
                0x0000000008008d68                EXTI3_IRQHandler
                0x0000000008008d68                TIM8_TRG_COM_TIM14_IRQHandler
                0x0000000008008d68                DFSDM1_FLT1_IRQHandler
                0x0000000008008d68                TIM1_UP_TIM10_IRQHandler
                0x0000000008008d68                TIM8_UP_TIM13_IRQHandler
                0x0000000008008d68                I2C3_ER_IRQHandler
                0x0000000008008d68                DFSDM1_FLT2_IRQHandler
                0x0000000008008d68                EXTI0_IRQHandler
                0x0000000008008d68                I2C2_EV_IRQHandler
                0x0000000008008d68                DMA1_Stream2_IRQHandler
                0x0000000008008d68                CAN1_RX0_IRQHandler
                0x0000000008008d68                FPU_IRQHandler
                0x0000000008008d68                OTG_HS_WKUP_IRQHandler
                0x0000000008008d68                CAN3_SCE_IRQHandler
                0x0000000008008d68                LTDC_ER_IRQHandler
                0x0000000008008d68                CAN2_SCE_IRQHandler
                0x0000000008008d68                SPI1_IRQHandler
                0x0000000008008d68                TIM1_BRK_TIM9_IRQHandler
                0x0000000008008d68                DCMI_IRQHandler
                0x0000000008008d68                CAN2_RX0_IRQHandler
                0x0000000008008d68                DMA2_Stream3_IRQHandler
                0x0000000008008d68                SAI2_IRQHandler
                0x0000000008008d68                DFSDM1_FLT3_IRQHandler
                0x0000000008008d68                USART6_IRQHandler
                0x0000000008008d68                CAN3_RX0_IRQHandler
                0x0000000008008d68                USART3_IRQHandler
                0x0000000008008d68                CRYP_IRQHandler
                0x0000000008008d68                CAN1_RX1_IRQHandler
                0x0000000008008d68                UART5_IRQHandler
                0x0000000008008d68                TIM4_IRQHandler
                0x0000000008008d68                QUADSPI_IRQHandler
                0x0000000008008d68                I2C1_EV_IRQHandler
                0x0000000008008d68                DMA1_Stream6_IRQHandler
                0x0000000008008d68                DMA1_Stream1_IRQHandler
                0x0000000008008d68                UART4_IRQHandler
                0x0000000008008d68                TIM3_IRQHandler
                0x0000000008008d68                RCC_IRQHandler
                0x0000000008008d68                TIM8_BRK_TIM12_IRQHandler
                0x0000000008008d68                Default_Handler
                0x0000000008008d68                CEC_IRQHandler
                0x0000000008008d68                EXTI15_10_IRQHandler
                0x0000000008008d68                DMA1_Stream7_IRQHandler
                0x0000000008008d68                SPI5_IRQHandler
                0x0000000008008d68                TIM7_IRQHandler
                0x0000000008008d68                SDMMC1_IRQHandler
                0x0000000008008d68                CAN2_TX_IRQHandler
                0x0000000008008d68                TIM5_IRQHandler
                0x0000000008008d68                DMA2_Stream7_IRQHandler
                0x0000000008008d68                I2C3_EV_IRQHandler
                0x0000000008008d68                RTC_WKUP_IRQHandler
                0x0000000008008d68                LTDC_IRQHandler
                0x0000000008008d68                ETH_WKUP_IRQHandler
                0x0000000008008d68                SPDIF_RX_IRQHandler
                0x0000000008008d68                SPI2_IRQHandler
                0x0000000008008d68                OTG_HS_EP1_IN_IRQHandler
                0x0000000008008d68                CAN1_TX_IRQHandler
                0x0000000008008d68                ETH_IRQHandler
                0x0000000008008d68                OTG_HS_EP1_OUT_IRQHandler
                0x0000000008008d68                WWDG_IRQHandler
                0x0000000008008d68                SPI6_IRQHandler
                0x0000000008008d68                MDIOS_IRQHandler
                0x0000000008008d68                I2C4_EV_IRQHandler
                0x0000000008008d68                CAN3_TX_IRQHandler
                0x0000000008008d68                TIM2_IRQHandler
                0x0000000008008d68                OTG_FS_WKUP_IRQHandler
                0x0000000008008d68                TIM1_TRG_COM_TIM11_IRQHandler
                0x0000000008008d68                OTG_HS_IRQHandler
                0x0000000008008d68                DMA2D_IRQHandler
                0x0000000008008d68                EXTI1_IRQHandler
                0x0000000008008d68                SDMMC2_IRQHandler
                0x0000000008008d68                UART7_IRQHandler
                0x0000000008008d68                USART2_IRQHandler
                0x0000000008008d68                DFSDM1_FLT0_IRQHandler
                0x0000000008008d68                I2C2_ER_IRQHandler
                0x0000000008008d68                CAN1_SCE_IRQHandler
                0x0000000008008d68                FLASH_IRQHandler
                0x0000000008008d68                DMA2_Stream4_IRQHandler
                0x0000000008008d68                USART1_IRQHandler
                0x0000000008008d68                OTG_FS_IRQHandler
                0x0000000008008d68                SPI3_IRQHandler
                0x0000000008008d68                DMA1_Stream4_IRQHandler
                0x0000000008008d68                I2C1_ER_IRQHandler
                0x0000000008008d68                FMC_IRQHandler
                0x0000000008008d68                LPTIM1_IRQHandler
                0x0000000008008d68                I2C4_ER_IRQHandler
                0x0000000008008d68                DMA2_Stream6_IRQHandler
                0x0000000008008d68                SAI1_IRQHandler
                0x0000000008008d68                DMA1_Stream3_IRQHandler
 .text.HAL_Init
                0x0000000008008d6a       0x1a Drivers/STM32F7xx_HAL_Driver/Src/stm32f7xx_hal.o
                0x0000000008008d6a                HAL_Init
 .text.HAL_IncTick
                0x0000000008008d84       0x28 Drivers/STM32F7xx_HAL_Driver/Src/stm32f7xx_hal.o
                0x0000000008008d84                HAL_IncTick
 .text.HAL_GetTick
                0x0000000008008dac       0x18 Drivers/STM32F7xx_HAL_Driver/Src/stm32f7xx_hal.o
                0x0000000008008dac                HAL_GetTick
 .text.HAL_Delay
                0x0000000008008dc4       0x44 Drivers/STM32F7xx_HAL_Driver/Src/stm32f7xx_hal.o
                0x0000000008008dc4                HAL_Delay
 .text.HAL_ADC_Init
                0x0000000008008e08       0x88 Drivers/STM32F7xx_HAL_Driver/Src/stm32f7xx_hal_adc.o
                0x0000000008008e08                HAL_ADC_Init
 .text.HAL_ADC_IRQHandler
                0x0000000008008e90      0x282 Drivers/STM32F7xx_HAL_Driver/Src/stm32f7xx_hal_adc.o
                0x0000000008008e90                HAL_ADC_IRQHandler
 *fill*         0x0000000008009112        0x2 
 .text.HAL_ADC_Start_DMA
                0x0000000008009114      0x1dc Drivers/STM32F7xx_HAL_Driver/Src/stm32f7xx_hal_adc.o
                0x0000000008009114                HAL_ADC_Start_DMA
 .text.HAL_ADC_Stop_DMA
                0x00000000080092f0       0x94 Drivers/STM32F7xx_HAL_Driver/Src/stm32f7xx_hal_adc.o
                0x00000000080092f0                HAL_ADC_Stop_DMA
 .text.HAL_ADC_ConvHalfCpltCallback
                0x0000000008009384       0x14 Drivers/STM32F7xx_HAL_Driver/Src/stm32f7xx_hal_adc.o
                0x0000000008009384                HAL_ADC_ConvHalfCpltCallback
 .text.HAL_ADC_LevelOutOfWindowCallback
                0x0000000008009398       0x14 Drivers/STM32F7xx_HAL_Driver/Src/stm32f7xx_hal_adc.o
                0x0000000008009398                HAL_ADC_LevelOutOfWindowCallback
 .text.HAL_ADC_ErrorCallback
                0x00000000080093ac       0x14 Drivers/STM32F7xx_HAL_Driver/Src/stm32f7xx_hal_adc.o
                0x00000000080093ac                HAL_ADC_ErrorCallback
 .text.HAL_ADC_ConfigChannel
                0x00000000080093c0      0x294 Drivers/STM32F7xx_HAL_Driver/Src/stm32f7xx_hal_adc.o
                0x00000000080093c0                HAL_ADC_ConfigChannel
 .text.ADC_Init
                0x0000000008009654      0x1f4 Drivers/STM32F7xx_HAL_Driver/Src/stm32f7xx_hal_adc.o
 .text.ADC_DMAConvCplt
                0x0000000008009848       0xba Drivers/STM32F7xx_HAL_Driver/Src/stm32f7xx_hal_adc.o
 .text.ADC_DMAHalfConvCplt
                0x0000000008009902       0x1c Drivers/STM32F7xx_HAL_Driver/Src/stm32f7xx_hal_adc.o
 .text.ADC_DMAError
                0x000000000800991e       0x2e Drivers/STM32F7xx_HAL_Driver/Src/stm32f7xx_hal_adc.o
 .text.HAL_ADCEx_InjectedConvCpltCallback
                0x000000000800994c       0x14 Drivers/STM32F7xx_HAL_Driver/Src/stm32f7xx_hal_adc_ex.o
                0x000000000800994c                HAL_ADCEx_InjectedConvCpltCallback
 .text.__NVIC_SetPriorityGrouping
                0x0000000008009960       0x48 Drivers/STM32F7xx_HAL_Driver/Src/stm32f7xx_hal_cortex.o
 .text.__NVIC_GetPriorityGrouping
                0x00000000080099a8       0x1c Drivers/STM32F7xx_HAL_Driver/Src/stm32f7xx_hal_cortex.o
 .text.__NVIC_EnableIRQ
                0x00000000080099c4       0x3c Drivers/STM32F7xx_HAL_Driver/Src/stm32f7xx_hal_cortex.o
 .text.__NVIC_SetPriority
                0x0000000008009a00       0x54 Drivers/STM32F7xx_HAL_Driver/Src/stm32f7xx_hal_cortex.o
 .text.NVIC_EncodePriority
                0x0000000008009a54       0x66 Drivers/STM32F7xx_HAL_Driver/Src/stm32f7xx_hal_cortex.o
 .text.HAL_NVIC_SetPriorityGrouping
                0x0000000008009aba       0x16 Drivers/STM32F7xx_HAL_Driver/Src/stm32f7xx_hal_cortex.o
                0x0000000008009aba                HAL_NVIC_SetPriorityGrouping
 .text.HAL_NVIC_SetPriority
                0x0000000008009ad0       0x38 Drivers/STM32F7xx_HAL_Driver/Src/stm32f7xx_hal_cortex.o
                0x0000000008009ad0                HAL_NVIC_SetPriority
 .text.HAL_NVIC_EnableIRQ
                0x0000000008009b08       0x1c Drivers/STM32F7xx_HAL_Driver/Src/stm32f7xx_hal_cortex.o
                0x0000000008009b08                HAL_NVIC_EnableIRQ
 .text.HAL_DMA_Init
                0x0000000008009b24      0x15c Drivers/STM32F7xx_HAL_Driver/Src/stm32f7xx_hal_dma.o
                0x0000000008009b24                HAL_DMA_Init
 .text.HAL_DMA_Start_IT
                0x0000000008009c80       0xc0 Drivers/STM32F7xx_HAL_Driver/Src/stm32f7xx_hal_dma.o
                0x0000000008009c80                HAL_DMA_Start_IT
 .text.HAL_DMA_Abort
                0x0000000008009d40       0xe0 Drivers/STM32F7xx_HAL_Driver/Src/stm32f7xx_hal_dma.o
                0x0000000008009d40                HAL_DMA_Abort
 .text.HAL_DMA_Abort_IT
                0x0000000008009e20       0x44 Drivers/STM32F7xx_HAL_Driver/Src/stm32f7xx_hal_dma.o
                0x0000000008009e20                HAL_DMA_Abort_IT
 .text.HAL_DMA_IRQHandler
                0x0000000008009e64      0x314 Drivers/STM32F7xx_HAL_Driver/Src/stm32f7xx_hal_dma.o
                0x0000000008009e64                HAL_DMA_IRQHandler
 .text.DMA_SetConfig
                0x000000000800a178       0x5c Drivers/STM32F7xx_HAL_Driver/Src/stm32f7xx_hal_dma.o
 .text.DMA_CalcBaseAndBitshift
                0x000000000800a1d4       0x6c Drivers/STM32F7xx_HAL_Driver/Src/stm32f7xx_hal_dma.o
 .text.DMA_CheckFifoParam
                0x000000000800a240       0xf4 Drivers/STM32F7xx_HAL_Driver/Src/stm32f7xx_hal_dma.o
 .text.HAL_GPIO_Init
                0x000000000800a334      0x354 Drivers/STM32F7xx_HAL_Driver/Src/stm32f7xx_hal_gpio.o
                0x000000000800a334                HAL_GPIO_Init
 .text.HAL_GPIO_ReadPin
                0x000000000800a688       0x30 Drivers/STM32F7xx_HAL_Driver/Src/stm32f7xx_hal_gpio.o
                0x000000000800a688                HAL_GPIO_ReadPin
 .text.HAL_GPIO_WritePin
                0x000000000800a6b8       0x32 Drivers/STM32F7xx_HAL_Driver/Src/stm32f7xx_hal_gpio.o
                0x000000000800a6b8                HAL_GPIO_WritePin
 .text.HAL_GPIO_TogglePin
                0x000000000800a6ea       0x34 Drivers/STM32F7xx_HAL_Driver/Src/stm32f7xx_hal_gpio.o
                0x000000000800a6ea                HAL_GPIO_TogglePin
 *fill*         0x000000000800a71e        0x2 
 .text.HAL_GPIO_EXTI_IRQHandler
                0x000000000800a720       0x30 Drivers/STM32F7xx_HAL_Driver/Src/stm32f7xx_hal_gpio.o
                0x000000000800a720                HAL_GPIO_EXTI_IRQHandler
 .text.HAL_GPIO_EXTI_Callback
                0x000000000800a750       0x16 Drivers/STM32F7xx_HAL_Driver/Src/stm32f7xx_hal_gpio.o
                0x000000000800a750                HAL_GPIO_EXTI_Callback
 *fill*         0x000000000800a766        0x2 
 .text.HAL_I2C_Init
                0x000000000800a768      0x120 Drivers/STM32F7xx_HAL_Driver/Src/stm32f7xx_hal_i2c.o
                0x000000000800a768                HAL_I2C_Init
 .text.HAL_I2C_Master_Transmit
                0x000000000800a888      0x1e8 Drivers/STM32F7xx_HAL_Driver/Src/stm32f7xx_hal_i2c.o
                0x000000000800a888                HAL_I2C_Master_Transmit
 .text.HAL_I2C_Master_Receive
                0x000000000800aa70      0x1ec Drivers/STM32F7xx_HAL_Driver/Src/stm32f7xx_hal_i2c.o
                0x000000000800aa70                HAL_I2C_Master_Receive
 .text.HAL_I2C_Mem_Read
                0x000000000800ac5c      0x234 Drivers/STM32F7xx_HAL_Driver/Src/stm32f7xx_hal_i2c.o
                0x000000000800ac5c                HAL_I2C_Mem_Read
 .text.HAL_I2C_IsDeviceReady
                0x000000000800ae90      0x210 Drivers/STM32F7xx_HAL_Driver/Src/stm32f7xx_hal_i2c.o
                0x000000000800ae90                HAL_I2C_IsDeviceReady
 .text.I2C_RequestMemoryRead
                0x000000000800b0a0       0xa8 Drivers/STM32F7xx_HAL_Driver/Src/stm32f7xx_hal_i2c.o
 .text.I2C_Flush_TXDR
                0x000000000800b148       0x48 Drivers/STM32F7xx_HAL_Driver/Src/stm32f7xx_hal_i2c.o
 .text.I2C_WaitOnFlagUntilTimeout
                0x000000000800b190       0x80 Drivers/STM32F7xx_HAL_Driver/Src/stm32f7xx_hal_i2c.o
 .text.I2C_WaitOnTXISFlagUntilTimeout
                0x000000000800b210       0x80 Drivers/STM32F7xx_HAL_Driver/Src/stm32f7xx_hal_i2c.o
 .text.I2C_WaitOnSTOPFlagUntilTimeout
                0x000000000800b290       0x78 Drivers/STM32F7xx_HAL_Driver/Src/stm32f7xx_hal_i2c.o
 .text.I2C_WaitOnRXNEFlagUntilTimeout
                0x000000000800b308       0xd8 Drivers/STM32F7xx_HAL_Driver/Src/stm32f7xx_hal_i2c.o
 .text.I2C_IsAcknowledgeFailed
                0x000000000800b3e0       0xcc Drivers/STM32F7xx_HAL_Driver/Src/stm32f7xx_hal_i2c.o
 .text.I2C_TransferConfig
                0x000000000800b4ac       0x5c Drivers/STM32F7xx_HAL_Driver/Src/stm32f7xx_hal_i2c.o
 .text.HAL_I2CEx_ConfigAnalogFilter
                0x000000000800b508       0x96 Drivers/STM32F7xx_HAL_Driver/Src/stm32f7xx_hal_i2c_ex.o
                0x000000000800b508                HAL_I2CEx_ConfigAnalogFilter
 .text.HAL_I2CEx_ConfigDigitalFilter
                0x000000000800b59e       0x98 Drivers/STM32F7xx_HAL_Driver/Src/stm32f7xx_hal_i2c_ex.o
                0x000000000800b59e                HAL_I2CEx_ConfigDigitalFilter
 *fill*         0x000000000800b636        0x2 
 .text.HAL_I2CEx_EnableFastModePlus
                0x000000000800b638       0x40 Drivers/STM32F7xx_HAL_Driver/Src/stm32f7xx_hal_i2c_ex.o
                0x000000000800b638                HAL_I2CEx_EnableFastModePlus
 .text.HAL_PCD_Init
                0x000000000800b678      0x248 Drivers/STM32F7xx_HAL_Driver/Src/stm32f7xx_hal_pcd.o
                0x000000000800b678                HAL_PCD_Init
 .text.HAL_PCDEx_ActivateLPM
                0x000000000800b8c0       0x48 Drivers/STM32F7xx_HAL_Driver/Src/stm32f7xx_hal_pcd_ex.o
                0x000000000800b8c0                HAL_PCDEx_ActivateLPM
 .text.HAL_PWR_EnableBkUpAccess
                0x000000000800b908       0x20 Drivers/STM32F7xx_HAL_Driver/Src/stm32f7xx_hal_pwr.o
                0x000000000800b908                HAL_PWR_EnableBkUpAccess
 .text.HAL_RCC_OscConfig
                0x000000000800b928      0x55c Drivers/STM32F7xx_HAL_Driver/Src/stm32f7xx_hal_rcc.o
                0x000000000800b928                HAL_RCC_OscConfig
 .text.HAL_RCC_ClockConfig
                0x000000000800be84      0x1d8 Drivers/STM32F7xx_HAL_Driver/Src/stm32f7xx_hal_rcc.o
                0x000000000800be84                HAL_RCC_ClockConfig
 .text.HAL_RCC_GetSysClockFreq
                0x000000000800c05c      0x164 Drivers/STM32F7xx_HAL_Driver/Src/stm32f7xx_hal_rcc.o
                0x000000000800c05c                HAL_RCC_GetSysClockFreq
 .text.HAL_RCC_GetHCLKFreq
                0x000000000800c1c0       0x18 Drivers/STM32F7xx_HAL_Driver/Src/stm32f7xx_hal_rcc.o
                0x000000000800c1c0                HAL_RCC_GetHCLKFreq
 .text.HAL_RCC_GetPCLK1Freq
                0x000000000800c1d8       0x28 Drivers/STM32F7xx_HAL_Driver/Src/stm32f7xx_hal_rcc.o
                0x000000000800c1d8                HAL_RCC_GetPCLK1Freq
 .text.HAL_RCC_GetPCLK2Freq
                0x000000000800c200       0x28 Drivers/STM32F7xx_HAL_Driver/Src/stm32f7xx_hal_rcc.o
                0x000000000800c200                HAL_RCC_GetPCLK2Freq
 .text.HAL_RCC_GetClockConfig
                0x000000000800c228       0x64 Drivers/STM32F7xx_HAL_Driver/Src/stm32f7xx_hal_rcc.o
                0x000000000800c228                HAL_RCC_GetClockConfig
 .text.HAL_RCCEx_PeriphCLKConfig
                0x000000000800c28c      0x84c Drivers/STM32F7xx_HAL_Driver/Src/stm32f7xx_hal_rcc_ex.o
                0x000000000800c28c                HAL_RCCEx_PeriphCLKConfig
 .text.HAL_RTC_Init
                0x000000000800cad8       0xf8 Drivers/STM32F7xx_HAL_Driver/Src/stm32f7xx_hal_rtc.o
                0x000000000800cad8                HAL_RTC_Init
 .text.RTC_EnterInitMode
                0x000000000800cbd0       0x58 Drivers/STM32F7xx_HAL_Driver/Src/stm32f7xx_hal_rtc.o
                0x000000000800cbd0                RTC_EnterInitMode
 .text.HAL_SPI_Init
                0x000000000800cc28      0x124 Drivers/STM32F7xx_HAL_Driver/Src/stm32f7xx_hal_spi.o
                0x000000000800cc28                HAL_SPI_Init
 .text.HAL_SPI_Transmit
                0x000000000800cd4c      0x2cc Drivers/STM32F7xx_HAL_Driver/Src/stm32f7xx_hal_spi.o
                0x000000000800cd4c                HAL_SPI_Transmit
 .text.HAL_SPI_IRQHandler
                0x000000000800d018      0x200 Drivers/STM32F7xx_HAL_Driver/Src/stm32f7xx_hal_spi.o
                0x000000000800d018                HAL_SPI_IRQHandler
 .text.HAL_SPI_ErrorCallback
                0x000000000800d218       0x14 Drivers/STM32F7xx_HAL_Driver/Src/stm32f7xx_hal_spi.o
                0x000000000800d218                HAL_SPI_ErrorCallback
 .text.SPI_DMAAbortOnError
                0x000000000800d22c       0x2a Drivers/STM32F7xx_HAL_Driver/Src/stm32f7xx_hal_spi.o
 .text.SPI_WaitFlagStateUntilTimeout
                0x000000000800d256       0xd4 Drivers/STM32F7xx_HAL_Driver/Src/stm32f7xx_hal_spi.o
 .text.SPI_WaitFifoStateUntilTimeout
                0x000000000800d32a       0xda Drivers/STM32F7xx_HAL_Driver/Src/stm32f7xx_hal_spi.o
 .text.SPI_EndRxTxTransaction
                0x000000000800d404       0x8c Drivers/STM32F7xx_HAL_Driver/Src/stm32f7xx_hal_spi.o
 .text.HAL_TIM_Base_Init
                0x000000000800d490       0x56 Drivers/STM32F7xx_HAL_Driver/Src/stm32f7xx_hal_tim.o
                0x000000000800d490                HAL_TIM_Base_Init
 *fill*         0x000000000800d4e6        0x2 
 .text.HAL_TIM_Base_Start_IT
                0x000000000800d4e8       0x54 Drivers/STM32F7xx_HAL_Driver/Src/stm32f7xx_hal_tim.o
                0x000000000800d4e8                HAL_TIM_Base_Start_IT
 .text.HAL_TIM_PWM_Init
                0x000000000800d53c       0x56 Drivers/STM32F7xx_HAL_Driver/Src/stm32f7xx_hal_tim.o
                0x000000000800d53c                HAL_TIM_PWM_Init
 .text.HAL_TIM_PWM_MspInit
                0x000000000800d592       0x14 Drivers/STM32F7xx_HAL_Driver/Src/stm32f7xx_hal_tim.o
                0x000000000800d592                HAL_TIM_PWM_MspInit
 .text.HAL_TIM_IRQHandler
                0x000000000800d5a6      0x23e Drivers/STM32F7xx_HAL_Driver/Src/stm32f7xx_hal_tim.o
                0x000000000800d5a6                HAL_TIM_IRQHandler
 .text.HAL_TIM_PWM_ConfigChannel
                0x000000000800d7e4      0x230 Drivers/STM32F7xx_HAL_Driver/Src/stm32f7xx_hal_tim.o
                0x000000000800d7e4                HAL_TIM_PWM_ConfigChannel
 .text.HAL_TIM_ConfigClockSource
                0x000000000800da14      0x174 Drivers/STM32F7xx_HAL_Driver/Src/stm32f7xx_hal_tim.o
                0x000000000800da14                HAL_TIM_ConfigClockSource
 .text.HAL_TIM_OC_DelayElapsedCallback
                0x000000000800db88       0x14 Drivers/STM32F7xx_HAL_Driver/Src/stm32f7xx_hal_tim.o
                0x000000000800db88                HAL_TIM_OC_DelayElapsedCallback
 .text.HAL_TIM_IC_CaptureCallback
                0x000000000800db9c       0x14 Drivers/STM32F7xx_HAL_Driver/Src/stm32f7xx_hal_tim.o
                0x000000000800db9c                HAL_TIM_IC_CaptureCallback
 .text.HAL_TIM_PWM_PulseFinishedCallback
                0x000000000800dbb0       0x14 Drivers/STM32F7xx_HAL_Driver/Src/stm32f7xx_hal_tim.o
                0x000000000800dbb0                HAL_TIM_PWM_PulseFinishedCallback
 .text.HAL_TIM_TriggerCallback
                0x000000000800dbc4       0x14 Drivers/STM32F7xx_HAL_Driver/Src/stm32f7xx_hal_tim.o
                0x000000000800dbc4                HAL_TIM_TriggerCallback
 .text.TIM_Base_SetConfig
                0x000000000800dbd8      0x140 Drivers/STM32F7xx_HAL_Driver/Src/stm32f7xx_hal_tim.o
                0x000000000800dbd8                TIM_Base_SetConfig
 .text.TIM_OC1_SetConfig
                0x000000000800dd18       0xe4 Drivers/STM32F7xx_HAL_Driver/Src/stm32f7xx_hal_tim.o
 .text.TIM_OC2_SetConfig
                0x000000000800ddfc       0xf0 Drivers/STM32F7xx_HAL_Driver/Src/stm32f7xx_hal_tim.o
                0x000000000800ddfc                TIM_OC2_SetConfig
 .text.TIM_OC3_SetConfig
                0x000000000800deec       0xec Drivers/STM32F7xx_HAL_Driver/Src/stm32f7xx_hal_tim.o
 .text.TIM_OC4_SetConfig
                0x000000000800dfd8       0xb0 Drivers/STM32F7xx_HAL_Driver/Src/stm32f7xx_hal_tim.o
 .text.TIM_OC5_SetConfig
                0x000000000800e088       0xa4 Drivers/STM32F7xx_HAL_Driver/Src/stm32f7xx_hal_tim.o
 .text.TIM_OC6_SetConfig
                0x000000000800e12c       0xa8 Drivers/STM32F7xx_HAL_Driver/Src/stm32f7xx_hal_tim.o
 .text.TIM_TI1_ConfigInputStage
                0x000000000800e1d4       0x5e Drivers/STM32F7xx_HAL_Driver/Src/stm32f7xx_hal_tim.o
 .text.TIM_TI2_ConfigInputStage
                0x000000000800e232       0x60 Drivers/STM32F7xx_HAL_Driver/Src/stm32f7xx_hal_tim.o
 .text.TIM_ITRx_SetConfig
                0x000000000800e292       0x36 Drivers/STM32F7xx_HAL_Driver/Src/stm32f7xx_hal_tim.o
 .text.TIM_ETR_SetConfig
                0x000000000800e2c8       0x40 Drivers/STM32F7xx_HAL_Driver/Src/stm32f7xx_hal_tim.o
                0x000000000800e2c8                TIM_ETR_SetConfig
 .text.HAL_TIMEx_MasterConfigSynchronization
                0x000000000800e308      0x11c Drivers/STM32F7xx_HAL_Driver/Src/stm32f7xx_hal_tim_ex.o
                0x000000000800e308                HAL_TIMEx_MasterConfigSynchronization
 .text.HAL_TIMEx_CommutCallback
                0x000000000800e424       0x14 Drivers/STM32F7xx_HAL_Driver/Src/stm32f7xx_hal_tim_ex.o
                0x000000000800e424                HAL_TIMEx_CommutCallback
 .text.HAL_TIMEx_BreakCallback
                0x000000000800e438       0x14 Drivers/STM32F7xx_HAL_Driver/Src/stm32f7xx_hal_tim_ex.o
                0x000000000800e438                HAL_TIMEx_BreakCallback
 .text.HAL_TIMEx_Break2Callback
                0x000000000800e44c       0x14 Drivers/STM32F7xx_HAL_Driver/Src/stm32f7xx_hal_tim_ex.o
                0x000000000800e44c                HAL_TIMEx_Break2Callback
 .text.HAL_UART_Init
                0x000000000800e460       0x9c Drivers/STM32F7xx_HAL_Driver/Src/stm32f7xx_hal_uart.o
                0x000000000800e460                HAL_UART_Init
 .text.HAL_UART_Transmit
                0x000000000800e4fc      0x122 Drivers/STM32F7xx_HAL_Driver/Src/stm32f7xx_hal_uart.o
                0x000000000800e4fc                HAL_UART_Transmit
 *fill*         0x000000000800e61e        0x2 
 .text.UART_SetConfig
                0x000000000800e620      0x554 Drivers/STM32F7xx_HAL_Driver/Src/stm32f7xx_hal_uart.o
                0x000000000800e620                UART_SetConfig
 .text.UART_AdvFeatureConfig
                0x000000000800eb74      0x144 Drivers/STM32F7xx_HAL_Driver/Src/stm32f7xx_hal_uart.o
                0x000000000800eb74                UART_AdvFeatureConfig
 .text.UART_CheckIdleState
                0x000000000800ecb8       0x8a Drivers/STM32F7xx_HAL_Driver/Src/stm32f7xx_hal_uart.o
                0x000000000800ecb8                UART_CheckIdleState
 .text.UART_WaitOnFlagUntilTimeout
                0x000000000800ed42       0xf6 Drivers/STM32F7xx_HAL_Driver/Src/stm32f7xx_hal_uart.o
                0x000000000800ed42                UART_WaitOnFlagUntilTimeout
 .text.USB_CoreInit
                0x000000000800ee38       0xb0 Drivers/STM32F7xx_HAL_Driver/Src/stm32f7xx_ll_usb.o
                0x000000000800ee38                USB_CoreInit
 .text.USB_DisableGlobalInt
                0x000000000800eee8       0x22 Drivers/STM32F7xx_HAL_Driver/Src/stm32f7xx_ll_usb.o
                0x000000000800eee8                USB_DisableGlobalInt
 .text.USB_SetCurrentMode
                0x000000000800ef0a       0x54 Drivers/STM32F7xx_HAL_Driver/Src/stm32f7xx_ll_usb.o
                0x000000000800ef0a                USB_SetCurrentMode
 *fill*         0x000000000800ef5e        0x2 
 .text.USB_DevInit
                0x000000000800ef60      0x2dc Drivers/STM32F7xx_HAL_Driver/Src/stm32f7xx_ll_usb.o
                0x000000000800ef60                USB_DevInit
 .text.USB_FlushTxFifo
                0x000000000800f23c       0x4c Drivers/STM32F7xx_HAL_Driver/Src/stm32f7xx_ll_usb.o
                0x000000000800f23c                USB_FlushTxFifo
 .text.USB_FlushRxFifo
                0x000000000800f288       0x44 Drivers/STM32F7xx_HAL_Driver/Src/stm32f7xx_ll_usb.o
                0x000000000800f288                USB_FlushRxFifo
 .text.USB_SetDevSpeed
                0x000000000800f2cc       0x32 Drivers/STM32F7xx_HAL_Driver/Src/stm32f7xx_ll_usb.o
                0x000000000800f2cc                USB_SetDevSpeed
 .text.USB_DevDisconnect
                0x000000000800f2fe       0x30 Drivers/STM32F7xx_HAL_Driver/Src/stm32f7xx_ll_usb.o
                0x000000000800f2fe                USB_DevDisconnect
 *fill*         0x000000000800f32e        0x2 
 .text.USB_CoreReset
                0x000000000800f330       0x68 Drivers/STM32F7xx_HAL_Driver/Src/stm32f7xx_ll_usb.o
 .text.SVC_Setup
                0x000000000800f398        0xe Middlewares/Third_Party/FreeRTOS/Source/CMSIS_RTOS_V2/cmsis_os2.o
 *fill*         0x000000000800f3a6        0x2 
 .text.osKernelInitialize
                0x000000000800f3a8       0x68 Middlewares/Third_Party/FreeRTOS/Source/CMSIS_RTOS_V2/cmsis_os2.o
                0x000000000800f3a8                osKernelInitialize
 .text.osKernelStart
                0x000000000800f410       0x6c Middlewares/Third_Party/FreeRTOS/Source/CMSIS_RTOS_V2/cmsis_os2.o
                0x000000000800f410                osKernelStart
 .text.osThreadNew
                0x000000000800f47c      0x14c Middlewares/Third_Party/FreeRTOS/Source/CMSIS_RTOS_V2/cmsis_os2.o
                0x000000000800f47c                osThreadNew
 .text.osThreadExit
                0x000000000800f5c8        0xc Middlewares/Third_Party/FreeRTOS/Source/CMSIS_RTOS_V2/cmsis_os2.o
                0x000000000800f5c8                osThreadExit
 .text.osDelay  0x000000000800f5d4       0x5c Middlewares/Third_Party/FreeRTOS/Source/CMSIS_RTOS_V2/cmsis_os2.o
                0x000000000800f5d4                osDelay
 .text.vApplicationGetIdleTaskMemory
                0x000000000800f630       0x34 Middlewares/Third_Party/FreeRTOS/Source/CMSIS_RTOS_V2/cmsis_os2.o
                0x000000000800f630                vApplicationGetIdleTaskMemory
 .text.vApplicationGetTimerTaskMemory
                0x000000000800f664       0x34 Middlewares/Third_Party/FreeRTOS/Source/CMSIS_RTOS_V2/cmsis_os2.o
                0x000000000800f664                vApplicationGetTimerTaskMemory
 .text.vListInitialise
                0x000000000800f698       0x40 Middlewares/Third_Party/FreeRTOS/Source/list.o
                0x000000000800f698                vListInitialise
 .text.vListInitialiseItem
                0x000000000800f6d8       0x1a Middlewares/Third_Party/FreeRTOS/Source/list.o
                0x000000000800f6d8                vListInitialiseItem
 .text.vListInsertEnd
                0x000000000800f6f2       0x48 Middlewares/Third_Party/FreeRTOS/Source/list.o
                0x000000000800f6f2                vListInsertEnd
 .text.vListInsert
                0x000000000800f73a       0x72 Middlewares/Third_Party/FreeRTOS/Source/list.o
                0x000000000800f73a                vListInsert
 .text.uxListRemove
                0x000000000800f7ac       0x54 Middlewares/Third_Party/FreeRTOS/Source/list.o
                0x000000000800f7ac                uxListRemove
 .text.xQueueGenericReset
                0x000000000800f800       0xd4 Middlewares/Third_Party/FreeRTOS/Source/queue.o
                0x000000000800f800                xQueueGenericReset
 .text.xQueueGenericCreateStatic
                0x000000000800f8d4       0xfa Middlewares/Third_Party/FreeRTOS/Source/queue.o
                0x000000000800f8d4                xQueueGenericCreateStatic
 .text.prvInitialiseNewQueue
                0x000000000800f9ce       0x46 Middlewares/Third_Party/FreeRTOS/Source/queue.o
 .text.xQueueGenericSend
                0x000000000800fa14      0x204 Middlewares/Third_Party/FreeRTOS/Source/queue.o
                0x000000000800fa14                xQueueGenericSend
 .text.xQueueGenericSendFromISR
                0x000000000800fc18      0x138 Middlewares/Third_Party/FreeRTOS/Source/queue.o
                0x000000000800fc18                xQueueGenericSendFromISR
 .text.xQueueReceive
                0x000000000800fd50      0x1c4 Middlewares/Third_Party/FreeRTOS/Source/queue.o
                0x000000000800fd50                xQueueReceive
 .text.prvCopyDataToQueue
                0x000000000800ff14       0xd4 Middlewares/Third_Party/FreeRTOS/Source/queue.o
 .text.prvCopyDataFromQueue
                0x000000000800ffe8       0x4c Middlewares/Third_Party/FreeRTOS/Source/queue.o
 .text.prvUnlockQueue
                0x0000000008010034       0xa4 Middlewares/Third_Party/FreeRTOS/Source/queue.o
 .text.prvIsQueueEmpty
                0x00000000080100d8       0x2c Middlewares/Third_Party/FreeRTOS/Source/queue.o
 .text.prvIsQueueFull
                0x0000000008010104       0x30 Middlewares/Third_Party/FreeRTOS/Source/queue.o
 .text.vQueueAddToRegistry
                0x0000000008010134       0x50 Middlewares/Third_Party/FreeRTOS/Source/queue.o
                0x0000000008010134                vQueueAddToRegistry
 .text.vQueueWaitForMessageRestricted
                0x0000000008010184       0x68 Middlewares/Third_Party/FreeRTOS/Source/queue.o
                0x0000000008010184                vQueueWaitForMessageRestricted
 .text.xTaskCreateStatic
                0x00000000080101ec       0xc0 Middlewares/Third_Party/FreeRTOS/Source/tasks.o
                0x00000000080101ec                xTaskCreateStatic
 .text.xTaskCreate
                0x00000000080102ac       0x8a Middlewares/Third_Party/FreeRTOS/Source/tasks.o
                0x00000000080102ac                xTaskCreate
 .text.prvInitialiseNewTask
                0x0000000008010336      0x120 Middlewares/Third_Party/FreeRTOS/Source/tasks.o
 *fill*         0x0000000008010456        0x2 
 .text.prvAddNewTaskToReadyList
                0x0000000008010458       0xe0 Middlewares/Third_Party/FreeRTOS/Source/tasks.o
 .text.vTaskDelete
                0x0000000008010538       0xe8 Middlewares/Third_Party/FreeRTOS/Source/tasks.o
                0x0000000008010538                vTaskDelete
 .text.vTaskDelay
                0x0000000008010620       0x6c Middlewares/Third_Party/FreeRTOS/Source/tasks.o
                0x0000000008010620                vTaskDelay
 .text.vTaskStartScheduler
                0x000000000801068c       0xd0 Middlewares/Third_Party/FreeRTOS/Source/tasks.o
                0x000000000801068c                vTaskStartScheduler
 .text.vTaskSuspendAll
                0x000000000801075c       0x1c Middlewares/Third_Party/FreeRTOS/Source/tasks.o
                0x000000000801075c                vTaskSuspendAll
 .text.xTaskResumeAll
                0x0000000008010778      0x13c Middlewares/Third_Party/FreeRTOS/Source/tasks.o
                0x0000000008010778                xTaskResumeAll
 .text.xTaskGetTickCount
                0x00000000080108b4       0x20 Middlewares/Third_Party/FreeRTOS/Source/tasks.o
                0x00000000080108b4                xTaskGetTickCount
 .text.xTaskIncrementTick
                0x00000000080108d4      0x174 Middlewares/Third_Party/FreeRTOS/Source/tasks.o
                0x00000000080108d4                xTaskIncrementTick
 .text.vTaskSwitchContext
                0x0000000008010a48       0xbc Middlewares/Third_Party/FreeRTOS/Source/tasks.o
                0x0000000008010a48                vTaskSwitchContext
 .text.vTaskPlaceOnEventList
                0x0000000008010b04       0x4c Middlewares/Third_Party/FreeRTOS/Source/tasks.o
                0x0000000008010b04                vTaskPlaceOnEventList
 .text.vTaskPlaceOnEventListRestricted
                0x0000000008010b50       0x58 Middlewares/Third_Party/FreeRTOS/Source/tasks.o
                0x0000000008010b50                vTaskPlaceOnEventListRestricted
 .text.xTaskRemoveFromEventList
                0x0000000008010ba8       0xc8 Middlewares/Third_Party/FreeRTOS/Source/tasks.o
                0x0000000008010ba8                xTaskRemoveFromEventList
 .text.vTaskInternalSetTimeOutState
                0x0000000008010c70       0x2c Middlewares/Third_Party/FreeRTOS/Source/tasks.o
                0x0000000008010c70                vTaskInternalSetTimeOutState
 .text.xTaskCheckForTimeOut
                0x0000000008010c9c       0xc8 Middlewares/Third_Party/FreeRTOS/Source/tasks.o
                0x0000000008010c9c                xTaskCheckForTimeOut
 .text.vTaskMissedYield
                0x0000000008010d64       0x18 Middlewares/Third_Party/FreeRTOS/Source/tasks.o
                0x0000000008010d64                vTaskMissedYield
 .text.prvIdleTask
                0x0000000008010d7c       0x30 Middlewares/Third_Party/FreeRTOS/Source/tasks.o
 .text.prvInitialiseTaskLists
                0x0000000008010dac       0x80 Middlewares/Third_Party/FreeRTOS/Source/tasks.o
 .text.prvCheckTasksWaitingTermination
                0x0000000008010e2c       0x58 Middlewares/Third_Party/FreeRTOS/Source/tasks.o
 .text.prvDeleteTCB
                0x0000000008010e84       0x60 Middlewares/Third_Party/FreeRTOS/Source/tasks.o
 .text.prvResetNextTaskUnblockTime
                0x0000000008010ee4       0x40 Middlewares/Third_Party/FreeRTOS/Source/tasks.o
 .text.xTaskGetSchedulerState
                0x0000000008010f24       0x3c Middlewares/Third_Party/FreeRTOS/Source/tasks.o
                0x0000000008010f24                xTaskGetSchedulerState
 .text.xTaskPriorityDisinherit
                0x0000000008010f60       0xe0 Middlewares/Third_Party/FreeRTOS/Source/tasks.o
                0x0000000008010f60                xTaskPriorityDisinherit
 .text.xTaskNotifyWait
                0x0000000008011040       0xb4 Middlewares/Third_Party/FreeRTOS/Source/tasks.o
                0x0000000008011040                xTaskNotifyWait
 .text.xTaskGenericNotify
                0x00000000080110f4      0x174 Middlewares/Third_Party/FreeRTOS/Source/tasks.o
                0x00000000080110f4                xTaskGenericNotify
 .text.prvAddCurrentTaskToDelayedList
                0x0000000008011268       0xa8 Middlewares/Third_Party/FreeRTOS/Source/tasks.o
 .text.xTimerCreateTimerTask
                0x0000000008011310       0x94 Middlewares/Third_Party/FreeRTOS/Source/timers.o
                0x0000000008011310                xTimerCreateTimerTask
 .text.xTimerGenericCommand
                0x00000000080113a4       0x9c Middlewares/Third_Party/FreeRTOS/Source/timers.o
                0x00000000080113a4                xTimerGenericCommand
 .text.prvProcessExpiredTimer
                0x0000000008011440       0x9c Middlewares/Third_Party/FreeRTOS/Source/timers.o
 .text.prvTimerTask
                0x00000000080114dc       0x24 Middlewares/Third_Party/FreeRTOS/Source/timers.o
 .text.prvProcessTimerOrBlockTask
                0x0000000008011500       0x9c Middlewares/Third_Party/FreeRTOS/Source/timers.o
 .text.prvGetNextExpireTime
                0x000000000801159c       0x48 Middlewares/Third_Party/FreeRTOS/Source/timers.o
 .text.prvSampleTimeNow
                0x00000000080115e4       0x40 Middlewares/Third_Party/FreeRTOS/Source/timers.o
 .text.prvInsertTimerInActiveList
                0x0000000008011624       0x84 Middlewares/Third_Party/FreeRTOS/Source/timers.o
 .text.prvProcessReceivedCommands
                0x00000000080116a8      0x1c4 Middlewares/Third_Party/FreeRTOS/Source/timers.o
 .text.prvSwitchTimerLists
                0x000000000801186c       0xcc Middlewares/Third_Party/FreeRTOS/Source/timers.o
 .text.prvCheckForValidListAndQueue
                0x0000000008011938       0x80 Middlewares/Third_Party/FreeRTOS/Source/timers.o
 .text.pxPortInitialiseStack
                0x00000000080119b8       0x68 Middlewares/Third_Party/FreeRTOS/Source/portable/GCC/ARM_CM7/r0p1/port.o
                0x00000000080119b8                pxPortInitialiseStack
 .text.prvTaskExitError
                0x0000000008011a20       0x5c Middlewares/Third_Party/FreeRTOS/Source/portable/GCC/ARM_CM7/r0p1/port.o
 *fill*         0x0000000008011a7c        0x4 
 .text.SVC_Handler
                0x0000000008011a80       0x28 Middlewares/Third_Party/FreeRTOS/Source/portable/GCC/ARM_CM7/r0p1/port.o
                0x0000000008011a80                SVC_Handler
 .text.prvPortStartFirstTask
                0x0000000008011aa8       0x28 Middlewares/Third_Party/FreeRTOS/Source/portable/GCC/ARM_CM7/r0p1/port.o
 .text.xPortStartScheduler
                0x0000000008011ad0       0xf8 Middlewares/Third_Party/FreeRTOS/Source/portable/GCC/ARM_CM7/r0p1/port.o
                0x0000000008011ad0                xPortStartScheduler
 .text.vPortEnterCritical
                0x0000000008011bc8       0x64 Middlewares/Third_Party/FreeRTOS/Source/portable/GCC/ARM_CM7/r0p1/port.o
                0x0000000008011bc8                vPortEnterCritical
 .text.vPortExitCritical
                0x0000000008011c2c       0x54 Middlewares/Third_Party/FreeRTOS/Source/portable/GCC/ARM_CM7/r0p1/port.o
                0x0000000008011c2c                vPortExitCritical
 .text.PendSV_Handler
                0x0000000008011c80       0x68 Middlewares/Third_Party/FreeRTOS/Source/portable/GCC/ARM_CM7/r0p1/port.o
                0x0000000008011c80                PendSV_Handler
 .text.SysTick_Handler
                0x0000000008011ce8       0x44 Middlewares/Third_Party/FreeRTOS/Source/portable/GCC/ARM_CM7/r0p1/port.o
                0x0000000008011ce8                SysTick_Handler
 .text.vPortSetupTimerInterrupt
                0x0000000008011d2c       0x48 Middlewares/Third_Party/FreeRTOS/Source/portable/GCC/ARM_CM7/r0p1/port.o
                0x0000000008011d2c                vPortSetupTimerInterrupt
 .text.vPortEnableVFP
                0x0000000008011d74       0x14 Middlewares/Third_Party/FreeRTOS/Source/portable/GCC/ARM_CM7/r0p1/port.o
 .text.vPortValidateInterruptPriority
                0x0000000008011d88       0x84 Middlewares/Third_Party/FreeRTOS/Source/portable/GCC/ARM_CM7/r0p1/port.o
                0x0000000008011d88                vPortValidateInterruptPriority
 .text.pvPortMalloc
                0x0000000008011e0c      0x190 Middlewares/Third_Party/FreeRTOS/Source/portable/MemMang/heap_4.o
                0x0000000008011e0c                pvPortMalloc
 .text.vPortFree
                0x0000000008011f9c       0xb8 Middlewares/Third_Party/FreeRTOS/Source/portable/MemMang/heap_4.o
                0x0000000008011f9c                vPortFree
 .text.prvHeapInit
                0x0000000008012054       0xc8 Middlewares/Third_Party/FreeRTOS/Source/portable/MemMang/heap_4.o
 .text.prvInsertBlockIntoFreeList
                0x000000000801211c       0xb4 Middlewares/Third_Party/FreeRTOS/Source/portable/MemMang/heap_4.o
 .text.__errno  0x00000000080121d0        0xc c:/st/stm32cubeide_1.5.1/stm32cubeide/plugins/com.st.stm32cube.ide.mcu.externaltools.gnu-tools-for-stm32.7-2018-q2-update.win32_1.5.0.202011040924/tools/bin/../lib/gcc/arm-none-eabi/7.3.1/../../../../arm-none-eabi/lib/thumb/v7e-m/fpv5/hard\libc_nano.a(lib_a-errno.o)
                0x00000000080121d0                __errno
 .text.__libc_init_array
                0x00000000080121dc       0x48 c:/st/stm32cubeide_1.5.1/stm32cubeide/plugins/com.st.stm32cube.ide.mcu.externaltools.gnu-tools-for-stm32.7-2018-q2-update.win32_1.5.0.202011040924/tools/bin/../lib/gcc/arm-none-eabi/7.3.1/../../../../arm-none-eabi/lib/thumb/v7e-m/fpv5/hard\libc_nano.a(lib_a-init.o)
                0x00000000080121dc                __libc_init_array
 .text.memcpy   0x0000000008012224       0x16 c:/st/stm32cubeide_1.5.1/stm32cubeide/plugins/com.st.stm32cube.ide.mcu.externaltools.gnu-tools-for-stm32.7-2018-q2-update.win32_1.5.0.202011040924/tools/bin/../lib/gcc/arm-none-eabi/7.3.1/../../../../arm-none-eabi/lib/thumb/v7e-m/fpv5/hard\libc_nano.a(lib_a-memcpy-stub.o)
                0x0000000008012224                memcpy
 .text.memset   0x000000000801223a       0x10 c:/st/stm32cubeide_1.5.1/stm32cubeide/plugins/com.st.stm32cube.ide.mcu.externaltools.gnu-tools-for-stm32.7-2018-q2-update.win32_1.5.0.202011040924/tools/bin/../lib/gcc/arm-none-eabi/7.3.1/../../../../arm-none-eabi/lib/thumb/v7e-m/fpv5/hard\libc_nano.a(lib_a-memset.o)
                0x000000000801223a                memset
 .text.__cvt    0x000000000801224a       0xa4 c:/st/stm32cubeide_1.5.1/stm32cubeide/plugins/com.st.stm32cube.ide.mcu.externaltools.gnu-tools-for-stm32.7-2018-q2-update.win32_1.5.0.202011040924/tools/bin/../lib/gcc/arm-none-eabi/7.3.1/../../../../arm-none-eabi/lib/thumb/v7e-m/fpv5/hard\libc_nano.a(lib_a-nano-vfprintf_float.o)
                0x000000000801224a                __cvt
 .text.__exponent
                0x00000000080122ee       0x66 c:/st/stm32cubeide_1.5.1/stm32cubeide/plugins/com.st.stm32cube.ide.mcu.externaltools.gnu-tools-for-stm32.7-2018-q2-update.win32_1.5.0.202011040924/tools/bin/../lib/gcc/arm-none-eabi/7.3.1/../../../../arm-none-eabi/lib/thumb/v7e-m/fpv5/hard\libc_nano.a(lib_a-nano-vfprintf_float.o)
                0x00000000080122ee                __exponent
 *fill*         0x0000000008012354        0x4 
 .text._printf_float
                0x0000000008012358      0x458 c:/st/stm32cubeide_1.5.1/stm32cubeide/plugins/com.st.stm32cube.ide.mcu.externaltools.gnu-tools-for-stm32.7-2018-q2-update.win32_1.5.0.202011040924/tools/bin/../lib/gcc/arm-none-eabi/7.3.1/../../../../arm-none-eabi/lib/thumb/v7e-m/fpv5/hard\libc_nano.a(lib_a-nano-vfprintf_float.o)
                0x0000000008012358                _printf_float
 .text._printf_common
                0x00000000080127b0       0xea c:/st/stm32cubeide_1.5.1/stm32cubeide/plugins/com.st.stm32cube.ide.mcu.externaltools.gnu-tools-for-stm32.7-2018-q2-update.win32_1.5.0.202011040924/tools/bin/../lib/gcc/arm-none-eabi/7.3.1/../../../../arm-none-eabi/lib/thumb/v7e-m/fpv5/hard\libc_nano.a(lib_a-nano-vfprintf_i.o)
                0x00000000080127b0                _printf_common
 *fill*         0x000000000801289a        0x2 
 .text._printf_i
                0x000000000801289c      0x224 c:/st/stm32cubeide_1.5.1/stm32cubeide/plugins/com.st.stm32cube.ide.mcu.externaltools.gnu-tools-for-stm32.7-2018-q2-update.win32_1.5.0.202011040924/tools/bin/../lib/gcc/arm-none-eabi/7.3.1/../../../../arm-none-eabi/lib/thumb/v7e-m/fpv5/hard\libc_nano.a(lib_a-nano-vfprintf_i.o)
                0x000000000801289c                _printf_i
 .text._scanf_float
                0x0000000008012ac0      0x3b0 c:/st/stm32cubeide_1.5.1/stm32cubeide/plugins/com.st.stm32cube.ide.mcu.externaltools.gnu-tools-for-stm32.7-2018-q2-update.win32_1.5.0.202011040924/tools/bin/../lib/gcc/arm-none-eabi/7.3.1/../../../../arm-none-eabi/lib/thumb/v7e-m/fpv5/hard\libc_nano.a(lib_a-nano-vfscanf_float.o)
                0x0000000008012ac0                _scanf_float
 .text._puts_r  0x0000000008012e70       0xb8 c:/st/stm32cubeide_1.5.1/stm32cubeide/plugins/com.st.stm32cube.ide.mcu.externaltools.gnu-tools-for-stm32.7-2018-q2-update.win32_1.5.0.202011040924/tools/bin/../lib/gcc/arm-none-eabi/7.3.1/../../../../arm-none-eabi/lib/thumb/v7e-m/fpv5/hard\libc_nano.a(lib_a-puts.o)
                0x0000000008012e70                _puts_r
 .text.puts     0x0000000008012f28       0x10 c:/st/stm32cubeide_1.5.1/stm32cubeide/plugins/com.st.stm32cube.ide.mcu.externaltools.gnu-tools-for-stm32.7-2018-q2-update.win32_1.5.0.202011040924/tools/bin/../lib/gcc/arm-none-eabi/7.3.1/../../../../arm-none-eabi/lib/thumb/v7e-m/fpv5/hard\libc_nano.a(lib_a-puts.o)
                0x0000000008012f28                puts
 .text.nanf     0x0000000008012f38        0xc c:/st/stm32cubeide_1.5.1/stm32cubeide/plugins/com.st.stm32cube.ide.mcu.externaltools.gnu-tools-for-stm32.7-2018-q2-update.win32_1.5.0.202011040924/tools/bin/../lib/gcc/arm-none-eabi/7.3.1/../../../../arm-none-eabi/lib/thumb/v7e-m/fpv5/hard\libc_nano.a(lib_a-sf_nan.o)
                0x0000000008012f38                nanf
 .text.sprintf  0x0000000008012f44       0x40 c:/st/stm32cubeide_1.5.1/stm32cubeide/plugins/com.st.stm32cube.ide.mcu.externaltools.gnu-tools-for-stm32.7-2018-q2-update.win32_1.5.0.202011040924/tools/bin/../lib/gcc/arm-none-eabi/7.3.1/../../../../arm-none-eabi/lib/thumb/v7e-m/fpv5/hard\libc_nano.a(lib_a-sprintf.o)
                0x0000000008012f44                siprintf
                0x0000000008012f44                sprintf
 .text.unlikely.sulp
                0x0000000008012f84       0x34 c:/st/stm32cubeide_1.5.1/stm32cubeide/plugins/com.st.stm32cube.ide.mcu.externaltools.gnu-tools-for-stm32.7-2018-q2-update.win32_1.5.0.202011040924/tools/bin/../lib/gcc/arm-none-eabi/7.3.1/../../../../arm-none-eabi/lib/thumb/v7e-m/fpv5/hard\libc_nano.a(lib_a-strtod.o)
 .text._strtod_l
                0x0000000008012fb8      0xb90 c:/st/stm32cubeide_1.5.1/stm32cubeide/plugins/com.st.stm32cube.ide.mcu.externaltools.gnu-tools-for-stm32.7-2018-q2-update.win32_1.5.0.202011040924/tools/bin/../lib/gcc/arm-none-eabi/7.3.1/../../../../arm-none-eabi/lib/thumb/v7e-m/fpv5/hard\libc_nano.a(lib_a-strtod.o)
                0x0000000008012fb8                _strtod_l
 .text._strtod_r
                0x0000000008013b48       0x20 c:/st/stm32cubeide_1.5.1/stm32cubeide/plugins/com.st.stm32cube.ide.mcu.externaltools.gnu-tools-for-stm32.7-2018-q2-update.win32_1.5.0.202011040924/tools/bin/../lib/gcc/arm-none-eabi/7.3.1/../../../../arm-none-eabi/lib/thumb/v7e-m/fpv5/hard\libc_nano.a(lib_a-strtod.o)
                0x0000000008013b48                _strtod_r
 .text._strtol_l.isra.0
                0x0000000008013b68       0xf6 c:/st/stm32cubeide_1.5.1/stm32cubeide/plugins/com.st.stm32cube.ide.mcu.externaltools.gnu-tools-for-stm32.7-2018-q2-update.win32_1.5.0.202011040924/tools/bin/../lib/gcc/arm-none-eabi/7.3.1/../../../../arm-none-eabi/lib/thumb/v7e-m/fpv5/hard\libc_nano.a(lib_a-strtol.o)
 *fill*         0x0000000008013c5e        0x2 
 .text._strtol_r
                0x0000000008013c60       0x24 c:/st/stm32cubeide_1.5.1/stm32cubeide/plugins/com.st.stm32cube.ide.mcu.externaltools.gnu-tools-for-stm32.7-2018-q2-update.win32_1.5.0.202011040924/tools/bin/../lib/gcc/arm-none-eabi/7.3.1/../../../../arm-none-eabi/lib/thumb/v7e-m/fpv5/hard\libc_nano.a(lib_a-strtol.o)
                0x0000000008013c60                _strtol_r
 .text.__swbuf_r
                0x0000000008013c84       0xa4 c:/st/stm32cubeide_1.5.1/stm32cubeide/plugins/com.st.stm32cube.ide.mcu.externaltools.gnu-tools-for-stm32.7-2018-q2-update.win32_1.5.0.202011040924/tools/bin/../lib/gcc/arm-none-eabi/7.3.1/../../../../arm-none-eabi/lib/thumb/v7e-m/fpv5/hard\libc_nano.a(lib_a-wbuf.o)
                0x0000000008013c84                __swbuf_r
 .text.__swsetup_r
                0x0000000008013d28       0xdc c:/st/stm32cubeide_1.5.1/stm32cubeide/plugins/com.st.stm32cube.ide.mcu.externaltools.gnu-tools-for-stm32.7-2018-q2-update.win32_1.5.0.202011040924/tools/bin/../lib/gcc/arm-none-eabi/7.3.1/../../../../arm-none-eabi/lib/thumb/v7e-m/fpv5/hard\libc_nano.a(lib_a-wsetup.o)
                0x0000000008013d28                __swsetup_r
 .text.quorem   0x0000000008013e04      0x118 c:/st/stm32cubeide_1.5.1/stm32cubeide/plugins/com.st.stm32cube.ide.mcu.externaltools.gnu-tools-for-stm32.7-2018-q2-update.win32_1.5.0.202011040924/tools/bin/../lib/gcc/arm-none-eabi/7.3.1/../../../../arm-none-eabi/lib/thumb/v7e-m/fpv5/hard\libc_nano.a(lib_a-dtoa.o)
 *fill*         0x0000000008013f1c        0x4 
 .text._dtoa_r  0x0000000008013f20      0xa98 c:/st/stm32cubeide_1.5.1/stm32cubeide/plugins/com.st.stm32cube.ide.mcu.externaltools.gnu-tools-for-stm32.7-2018-q2-update.win32_1.5.0.202011040924/tools/bin/../lib/gcc/arm-none-eabi/7.3.1/../../../../arm-none-eabi/lib/thumb/v7e-m/fpv5/hard\libc_nano.a(lib_a-dtoa.o)
                0x0000000008013f20                _dtoa_r
 .text.__sflush_r
                0x00000000080149b8      0x10c c:/st/stm32cubeide_1.5.1/stm32cubeide/plugins/com.st.stm32cube.ide.mcu.externaltools.gnu-tools-for-stm32.7-2018-q2-update.win32_1.5.0.202011040924/tools/bin/../lib/gcc/arm-none-eabi/7.3.1/../../../../arm-none-eabi/lib/thumb/v7e-m/fpv5/hard\libc_nano.a(lib_a-fflush.o)
                0x00000000080149b8                __sflush_r
 .text._fflush_r
                0x0000000008014ac4       0x54 c:/st/stm32cubeide_1.5.1/stm32cubeide/plugins/com.st.stm32cube.ide.mcu.externaltools.gnu-tools-for-stm32.7-2018-q2-update.win32_1.5.0.202011040924/tools/bin/../lib/gcc/arm-none-eabi/7.3.1/../../../../arm-none-eabi/lib/thumb/v7e-m/fpv5/hard\libc_nano.a(lib_a-fflush.o)
                0x0000000008014ac4                _fflush_r
 .text.std      0x0000000008014b18       0x48 c:/st/stm32cubeide_1.5.1/stm32cubeide/plugins/com.st.stm32cube.ide.mcu.externaltools.gnu-tools-for-stm32.7-2018-q2-update.win32_1.5.0.202011040924/tools/bin/../lib/gcc/arm-none-eabi/7.3.1/../../../../arm-none-eabi/lib/thumb/v7e-m/fpv5/hard\libc_nano.a(lib_a-findfp.o)
 .text._cleanup_r
                0x0000000008014b60        0xc c:/st/stm32cubeide_1.5.1/stm32cubeide/plugins/com.st.stm32cube.ide.mcu.externaltools.gnu-tools-for-stm32.7-2018-q2-update.win32_1.5.0.202011040924/tools/bin/../lib/gcc/arm-none-eabi/7.3.1/../../../../arm-none-eabi/lib/thumb/v7e-m/fpv5/hard\libc_nano.a(lib_a-findfp.o)
                0x0000000008014b60                _cleanup_r
 .text.__sfmoreglue
                0x0000000008014b6c       0x2c c:/st/stm32cubeide_1.5.1/stm32cubeide/plugins/com.st.stm32cube.ide.mcu.externaltools.gnu-tools-for-stm32.7-2018-q2-update.win32_1.5.0.202011040924/tools/bin/../lib/gcc/arm-none-eabi/7.3.1/../../../../arm-none-eabi/lib/thumb/v7e-m/fpv5/hard\libc_nano.a(lib_a-findfp.o)
                0x0000000008014b6c                __sfmoreglue
 .text.__sinit  0x0000000008014b98       0x60 c:/st/stm32cubeide_1.5.1/stm32cubeide/plugins/com.st.stm32cube.ide.mcu.externaltools.gnu-tools-for-stm32.7-2018-q2-update.win32_1.5.0.202011040924/tools/bin/../lib/gcc/arm-none-eabi/7.3.1/../../../../arm-none-eabi/lib/thumb/v7e-m/fpv5/hard\libc_nano.a(lib_a-findfp.o)
                0x0000000008014b98                __sinit
 .text.__sfp    0x0000000008014bf8       0x78 c:/st/stm32cubeide_1.5.1/stm32cubeide/plugins/com.st.stm32cube.ide.mcu.externaltools.gnu-tools-for-stm32.7-2018-q2-update.win32_1.5.0.202011040924/tools/bin/../lib/gcc/arm-none-eabi/7.3.1/../../../../arm-none-eabi/lib/thumb/v7e-m/fpv5/hard\libc_nano.a(lib_a-findfp.o)
                0x0000000008014bf8                __sfp
 .text._fwalk_reent
                0x0000000008014c70       0x3c c:/st/stm32cubeide_1.5.1/stm32cubeide/plugins/com.st.stm32cube.ide.mcu.externaltools.gnu-tools-for-stm32.7-2018-q2-update.win32_1.5.0.202011040924/tools/bin/../lib/gcc/arm-none-eabi/7.3.1/../../../../arm-none-eabi/lib/thumb/v7e-m/fpv5/hard\libc_nano.a(lib_a-fwalk.o)
                0x0000000008014c70                _fwalk_reent
 .text.rshift   0x0000000008014cac       0x74 c:/st/stm32cubeide_1.5.1/stm32cubeide/plugins/com.st.stm32cube.ide.mcu.externaltools.gnu-tools-for-stm32.7-2018-q2-update.win32_1.5.0.202011040924/tools/bin/../lib/gcc/arm-none-eabi/7.3.1/../../../../arm-none-eabi/lib/thumb/v7e-m/fpv5/hard\libc_nano.a(lib_a-gdtoa-gethex.o)
 .text.__hexdig_fun
                0x0000000008014d20       0x2a c:/st/stm32cubeide_1.5.1/stm32cubeide/plugins/com.st.stm32cube.ide.mcu.externaltools.gnu-tools-for-stm32.7-2018-q2-update.win32_1.5.0.202011040924/tools/bin/../lib/gcc/arm-none-eabi/7.3.1/../../../../arm-none-eabi/lib/thumb/v7e-m/fpv5/hard\libc_nano.a(lib_a-gdtoa-gethex.o)
                0x0000000008014d20                __hexdig_fun
 .text.__gethex
                0x0000000008014d4a      0x442 c:/st/stm32cubeide_1.5.1/stm32cubeide/plugins/com.st.stm32cube.ide.mcu.externaltools.gnu-tools-for-stm32.7-2018-q2-update.win32_1.5.0.202011040924/tools/bin/../lib/gcc/arm-none-eabi/7.3.1/../../../../arm-none-eabi/lib/thumb/v7e-m/fpv5/hard\libc_nano.a(lib_a-gdtoa-gethex.o)
                0x0000000008014d4a                __gethex
 .text.L_shift  0x000000000801518c       0x24 c:/st/stm32cubeide_1.5.1/stm32cubeide/plugins/com.st.stm32cube.ide.mcu.externaltools.gnu-tools-for-stm32.7-2018-q2-update.win32_1.5.0.202011040924/tools/bin/../lib/gcc/arm-none-eabi/7.3.1/../../../../arm-none-eabi/lib/thumb/v7e-m/fpv5/hard\libc_nano.a(lib_a-gdtoa-hexnan.o)
 .text.__match  0x00000000080151b0       0x28 c:/st/stm32cubeide_1.5.1/stm32cubeide/plugins/com.st.stm32cube.ide.mcu.externaltools.gnu-tools-for-stm32.7-2018-q2-update.win32_1.5.0.202011040924/tools/bin/../lib/gcc/arm-none-eabi/7.3.1/../../../../arm-none-eabi/lib/thumb/v7e-m/fpv5/hard\libc_nano.a(lib_a-gdtoa-hexnan.o)
                0x00000000080151b0                __match
 .text.__hexnan
                0x00000000080151d8      0x120 c:/st/stm32cubeide_1.5.1/stm32cubeide/plugins/com.st.stm32cube.ide.mcu.externaltools.gnu-tools-for-stm32.7-2018-q2-update.win32_1.5.0.202011040924/tools/bin/../lib/gcc/arm-none-eabi/7.3.1/../../../../arm-none-eabi/lib/thumb/v7e-m/fpv5/hard\libc_nano.a(lib_a-gdtoa-hexnan.o)
                0x00000000080151d8                __hexnan
 .text.__locale_ctype_ptr_l
                0x00000000080152f8        0x6 c:/st/stm32cubeide_1.5.1/stm32cubeide/plugins/com.st.stm32cube.ide.mcu.externaltools.gnu-tools-for-stm32.7-2018-q2-update.win32_1.5.0.202011040924/tools/bin/../lib/gcc/arm-none-eabi/7.3.1/../../../../arm-none-eabi/lib/thumb/v7e-m/fpv5/hard\libc_nano.a(lib_a-locale.o)
                0x00000000080152f8                __locale_ctype_ptr_l
 .text.__localeconv_l
                0x00000000080152fe        0x4 c:/st/stm32cubeide_1.5.1/stm32cubeide/plugins/com.st.stm32cube.ide.mcu.externaltools.gnu-tools-for-stm32.7-2018-q2-update.win32_1.5.0.202011040924/tools/bin/../lib/gcc/arm-none-eabi/7.3.1/../../../../arm-none-eabi/lib/thumb/v7e-m/fpv5/hard\libc_nano.a(lib_a-localeconv.o)
                0x00000000080152fe                __localeconv_l
 *fill*         0x0000000008015302        0x2 
 .text._localeconv_r
                0x0000000008015304       0x1c c:/st/stm32cubeide_1.5.1/stm32cubeide/plugins/com.st.stm32cube.ide.mcu.externaltools.gnu-tools-for-stm32.7-2018-q2-update.win32_1.5.0.202011040924/tools/bin/../lib/gcc/arm-none-eabi/7.3.1/../../../../arm-none-eabi/lib/thumb/v7e-m/fpv5/hard\libc_nano.a(lib_a-localeconv.o)
                0x0000000008015304                _localeconv_r
 .text.__swhatbuf_r
                0x0000000008015320       0x48 c:/st/stm32cubeide_1.5.1/stm32cubeide/plugins/com.st.stm32cube.ide.mcu.externaltools.gnu-tools-for-stm32.7-2018-q2-update.win32_1.5.0.202011040924/tools/bin/../lib/gcc/arm-none-eabi/7.3.1/../../../../arm-none-eabi/lib/thumb/v7e-m/fpv5/hard\libc_nano.a(lib_a-makebuf.o)
                0x0000000008015320                __swhatbuf_r
 .text.__smakebuf_r
                0x0000000008015368       0x80 c:/st/stm32cubeide_1.5.1/stm32cubeide/plugins/com.st.stm32cube.ide.mcu.externaltools.gnu-tools-for-stm32.7-2018-q2-update.win32_1.5.0.202011040924/tools/bin/../lib/gcc/arm-none-eabi/7.3.1/../../../../arm-none-eabi/lib/thumb/v7e-m/fpv5/hard\libc_nano.a(lib_a-makebuf.o)
                0x0000000008015368                __smakebuf_r
 .text.malloc   0x00000000080153e8       0x10 c:/st/stm32cubeide_1.5.1/stm32cubeide/plugins/com.st.stm32cube.ide.mcu.externaltools.gnu-tools-for-stm32.7-2018-q2-update.win32_1.5.0.202011040924/tools/bin/../lib/gcc/arm-none-eabi/7.3.1/../../../../arm-none-eabi/lib/thumb/v7e-m/fpv5/hard\libc_nano.a(lib_a-malloc.o)
                0x00000000080153e8                malloc
 .text.__ascii_mbtowc
                0x00000000080153f8       0x24 c:/st/stm32cubeide_1.5.1/stm32cubeide/plugins/com.st.stm32cube.ide.mcu.externaltools.gnu-tools-for-stm32.7-2018-q2-update.win32_1.5.0.202011040924/tools/bin/../lib/gcc/arm-none-eabi/7.3.1/../../../../arm-none-eabi/lib/thumb/v7e-m/fpv5/hard\libc_nano.a(lib_a-mbtowc_r.o)
                0x00000000080153f8                __ascii_mbtowc
 .text._Balloc  0x000000000801541c       0x68 c:/st/stm32cubeide_1.5.1/stm32cubeide/plugins/com.st.stm32cube.ide.mcu.externaltools.gnu-tools-for-stm32.7-2018-q2-update.win32_1.5.0.202011040924/tools/bin/../lib/gcc/arm-none-eabi/7.3.1/../../../../arm-none-eabi/lib/thumb/v7e-m/fpv5/hard\libc_nano.a(lib_a-mprec.o)
                0x000000000801541c                _Balloc
 .text._Bfree   0x0000000008015484       0x2e c:/st/stm32cubeide_1.5.1/stm32cubeide/plugins/com.st.stm32cube.ide.mcu.externaltools.gnu-tools-for-stm32.7-2018-q2-update.win32_1.5.0.202011040924/tools/bin/../lib/gcc/arm-none-eabi/7.3.1/../../../../arm-none-eabi/lib/thumb/v7e-m/fpv5/hard\libc_nano.a(lib_a-mprec.o)
                0x0000000008015484                _Bfree
 .text.__multadd
                0x00000000080154b2       0x76 c:/st/stm32cubeide_1.5.1/stm32cubeide/plugins/com.st.stm32cube.ide.mcu.externaltools.gnu-tools-for-stm32.7-2018-q2-update.win32_1.5.0.202011040924/tools/bin/../lib/gcc/arm-none-eabi/7.3.1/../../../../arm-none-eabi/lib/thumb/v7e-m/fpv5/hard\libc_nano.a(lib_a-mprec.o)
                0x00000000080154b2                __multadd
 .text.__s2b    0x0000000008015528       0x7c c:/st/stm32cubeide_1.5.1/stm32cubeide/plugins/com.st.stm32cube.ide.mcu.externaltools.gnu-tools-for-stm32.7-2018-q2-update.win32_1.5.0.202011040924/tools/bin/../lib/gcc/arm-none-eabi/7.3.1/../../../../arm-none-eabi/lib/thumb/v7e-m/fpv5/hard\libc_nano.a(lib_a-mprec.o)
                0x0000000008015528                __s2b
 .text.__hi0bits
                0x00000000080155a4       0x3e c:/st/stm32cubeide_1.5.1/stm32cubeide/plugins/com.st.stm32cube.ide.mcu.externaltools.gnu-tools-for-stm32.7-2018-q2-update.win32_1.5.0.202011040924/tools/bin/../lib/gcc/arm-none-eabi/7.3.1/../../../../arm-none-eabi/lib/thumb/v7e-m/fpv5/hard\libc_nano.a(lib_a-mprec.o)
                0x00000000080155a4                __hi0bits
 .text.__lo0bits
                0x00000000080155e2       0x5e c:/st/stm32cubeide_1.5.1/stm32cubeide/plugins/com.st.stm32cube.ide.mcu.externaltools.gnu-tools-for-stm32.7-2018-q2-update.win32_1.5.0.202011040924/tools/bin/../lib/gcc/arm-none-eabi/7.3.1/../../../../arm-none-eabi/lib/thumb/v7e-m/fpv5/hard\libc_nano.a(lib_a-mprec.o)
                0x00000000080155e2                __lo0bits
 .text.__i2b    0x0000000008015640       0x12 c:/st/stm32cubeide_1.5.1/stm32cubeide/plugins/com.st.stm32cube.ide.mcu.externaltools.gnu-tools-for-stm32.7-2018-q2-update.win32_1.5.0.202011040924/tools/bin/../lib/gcc/arm-none-eabi/7.3.1/../../../../arm-none-eabi/lib/thumb/v7e-m/fpv5/hard\libc_nano.a(lib_a-mprec.o)
                0x0000000008015640                __i2b
 .text.__multiply
                0x0000000008015652      0x12c c:/st/stm32cubeide_1.5.1/stm32cubeide/plugins/com.st.stm32cube.ide.mcu.externaltools.gnu-tools-for-stm32.7-2018-q2-update.win32_1.5.0.202011040924/tools/bin/../lib/gcc/arm-none-eabi/7.3.1/../../../../arm-none-eabi/lib/thumb/v7e-m/fpv5/hard\libc_nano.a(lib_a-mprec.o)
                0x0000000008015652                __multiply
 *fill*         0x000000000801577e        0x2 
 .text.__pow5mult
                0x0000000008015780       0x9c c:/st/stm32cubeide_1.5.1/stm32cubeide/plugins/com.st.stm32cube.ide.mcu.externaltools.gnu-tools-for-stm32.7-2018-q2-update.win32_1.5.0.202011040924/tools/bin/../lib/gcc/arm-none-eabi/7.3.1/../../../../arm-none-eabi/lib/thumb/v7e-m/fpv5/hard\libc_nano.a(lib_a-mprec.o)
                0x0000000008015780                __pow5mult
 .text.__lshift
                0x000000000801581c       0xa8 c:/st/stm32cubeide_1.5.1/stm32cubeide/plugins/com.st.stm32cube.ide.mcu.externaltools.gnu-tools-for-stm32.7-2018-q2-update.win32_1.5.0.202011040924/tools/bin/../lib/gcc/arm-none-eabi/7.3.1/../../../../arm-none-eabi/lib/thumb/v7e-m/fpv5/hard\libc_nano.a(lib_a-mprec.o)
                0x000000000801581c                __lshift
 .text.__mcmp   0x00000000080158c4       0x34 c:/st/stm32cubeide_1.5.1/stm32cubeide/plugins/com.st.stm32cube.ide.mcu.externaltools.gnu-tools-for-stm32.7-2018-q2-update.win32_1.5.0.202011040924/tools/bin/../lib/gcc/arm-none-eabi/7.3.1/../../../../arm-none-eabi/lib/thumb/v7e-m/fpv5/hard\libc_nano.a(lib_a-mprec.o)
                0x00000000080158c4                __mcmp
 .text.__mdiff  0x00000000080158f8       0xba c:/st/stm32cubeide_1.5.1/stm32cubeide/plugins/com.st.stm32cube.ide.mcu.externaltools.gnu-tools-for-stm32.7-2018-q2-update.win32_1.5.0.202011040924/tools/bin/../lib/gcc/arm-none-eabi/7.3.1/../../../../arm-none-eabi/lib/thumb/v7e-m/fpv5/hard\libc_nano.a(lib_a-mprec.o)
                0x00000000080158f8                __mdiff
 *fill*         0x00000000080159b2        0x2 
 .text.__ulp    0x00000000080159b4       0x50 c:/st/stm32cubeide_1.5.1/stm32cubeide/plugins/com.st.stm32cube.ide.mcu.externaltools.gnu-tools-for-stm32.7-2018-q2-update.win32_1.5.0.202011040924/tools/bin/../lib/gcc/arm-none-eabi/7.3.1/../../../../arm-none-eabi/lib/thumb/v7e-m/fpv5/hard\libc_nano.a(lib_a-mprec.o)
                0x00000000080159b4                __ulp
 .text.__b2d    0x0000000008015a04       0x9c c:/st/stm32cubeide_1.5.1/stm32cubeide/plugins/com.st.stm32cube.ide.mcu.externaltools.gnu-tools-for-stm32.7-2018-q2-update.win32_1.5.0.202011040924/tools/bin/../lib/gcc/arm-none-eabi/7.3.1/../../../../arm-none-eabi/lib/thumb/v7e-m/fpv5/hard\libc_nano.a(lib_a-mprec.o)
                0x0000000008015a04                __b2d
 .text.__d2b    0x0000000008015aa0       0x9e c:/st/stm32cubeide_1.5.1/stm32cubeide/plugins/com.st.stm32cube.ide.mcu.externaltools.gnu-tools-for-stm32.7-2018-q2-update.win32_1.5.0.202011040924/tools/bin/../lib/gcc/arm-none-eabi/7.3.1/../../../../arm-none-eabi/lib/thumb/v7e-m/fpv5/hard\libc_nano.a(lib_a-mprec.o)
                0x0000000008015aa0                __d2b
 .text.__ratio  0x0000000008015b3e       0x68 c:/st/stm32cubeide_1.5.1/stm32cubeide/plugins/com.st.stm32cube.ide.mcu.externaltools.gnu-tools-for-stm32.7-2018-q2-update.win32_1.5.0.202011040924/tools/bin/../lib/gcc/arm-none-eabi/7.3.1/../../../../arm-none-eabi/lib/thumb/v7e-m/fpv5/hard\libc_nano.a(lib_a-mprec.o)
                0x0000000008015b3e                __ratio
 .text.__copybits
                0x0000000008015ba6       0x34 c:/st/stm32cubeide_1.5.1/stm32cubeide/plugins/com.st.stm32cube.ide.mcu.externaltools.gnu-tools-for-stm32.7-2018-q2-update.win32_1.5.0.202011040924/tools/bin/../lib/gcc/arm-none-eabi/7.3.1/../../../../arm-none-eabi/lib/thumb/v7e-m/fpv5/hard\libc_nano.a(lib_a-mprec.o)
                0x0000000008015ba6                __copybits
 .text.__any_on
                0x0000000008015bda       0x42 c:/st/stm32cubeide_1.5.1/stm32cubeide/plugins/com.st.stm32cube.ide.mcu.externaltools.gnu-tools-for-stm32.7-2018-q2-update.win32_1.5.0.202011040924/tools/bin/../lib/gcc/arm-none-eabi/7.3.1/../../../../arm-none-eabi/lib/thumb/v7e-m/fpv5/hard\libc_nano.a(lib_a-mprec.o)
                0x0000000008015bda                __any_on
 .text._calloc_r
                0x0000000008015c1c       0x1c c:/st/stm32cubeide_1.5.1/stm32cubeide/plugins/com.st.stm32cube.ide.mcu.externaltools.gnu-tools-for-stm32.7-2018-q2-update.win32_1.5.0.202011040924/tools/bin/../lib/gcc/arm-none-eabi/7.3.1/../../../../arm-none-eabi/lib/thumb/v7e-m/fpv5/hard\libc_nano.a(lib_a-nano-callocr.o)
                0x0000000008015c1c                _calloc_r
 .text._free_r  0x0000000008015c38       0x9c c:/st/stm32cubeide_1.5.1/stm32cubeide/plugins/com.st.stm32cube.ide.mcu.externaltools.gnu-tools-for-stm32.7-2018-q2-update.win32_1.5.0.202011040924/tools/bin/../lib/gcc/arm-none-eabi/7.3.1/../../../../arm-none-eabi/lib/thumb/v7e-m/fpv5/hard\libc_nano.a(lib_a-nano-freer.o)
                0x0000000008015c38                _free_r
 .text._malloc_r
                0x0000000008015cd4       0xb4 c:/st/stm32cubeide_1.5.1/stm32cubeide/plugins/com.st.stm32cube.ide.mcu.externaltools.gnu-tools-for-stm32.7-2018-q2-update.win32_1.5.0.202011040924/tools/bin/../lib/gcc/arm-none-eabi/7.3.1/../../../../arm-none-eabi/lib/thumb/v7e-m/fpv5/hard\libc_nano.a(lib_a-nano-mallocr.o)
                0x0000000008015cd4                _malloc_r
 .text.__ssputs_r
                0x0000000008015d88       0xb4 c:/st/stm32cubeide_1.5.1/stm32cubeide/plugins/com.st.stm32cube.ide.mcu.externaltools.gnu-tools-for-stm32.7-2018-q2-update.win32_1.5.0.202011040924/tools/bin/../lib/gcc/arm-none-eabi/7.3.1/../../../../arm-none-eabi/lib/thumb/v7e-m/fpv5/hard\libc_nano.a(lib_a-nano-svfprintf.o)
                0x0000000008015d88                __ssputs_r
 .text._svfprintf_r
                0x0000000008015e3c      0x1f0 c:/st/stm32cubeide_1.5.1/stm32cubeide/plugins/com.st.stm32cube.ide.mcu.externaltools.gnu-tools-for-stm32.7-2018-q2-update.win32_1.5.0.202011040924/tools/bin/../lib/gcc/arm-none-eabi/7.3.1/../../../../arm-none-eabi/lib/thumb/v7e-m/fpv5/hard\libc_nano.a(lib_a-nano-svfprintf.o)
                0x0000000008015e3c                _svfiprintf_r
                0x0000000008015e3c                _svfprintf_r
 .text._sbrk_r  0x000000000801602c       0x20 c:/st/stm32cubeide_1.5.1/stm32cubeide/plugins/com.st.stm32cube.ide.mcu.externaltools.gnu-tools-for-stm32.7-2018-q2-update.win32_1.5.0.202011040924/tools/bin/../lib/gcc/arm-none-eabi/7.3.1/../../../../arm-none-eabi/lib/thumb/v7e-m/fpv5/hard\libc_nano.a(lib_a-sbrkr.o)
                0x000000000801602c                _sbrk_r
 .text.__sread  0x000000000801604c       0x22 c:/st/stm32cubeide_1.5.1/stm32cubeide/plugins/com.st.stm32cube.ide.mcu.externaltools.gnu-tools-for-stm32.7-2018-q2-update.win32_1.5.0.202011040924/tools/bin/../lib/gcc/arm-none-eabi/7.3.1/../../../../arm-none-eabi/lib/thumb/v7e-m/fpv5/hard\libc_nano.a(lib_a-stdio.o)
                0x000000000801604c                __sread
 .text.__swrite
                0x000000000801606e       0x38 c:/st/stm32cubeide_1.5.1/stm32cubeide/plugins/com.st.stm32cube.ide.mcu.externaltools.gnu-tools-for-stm32.7-2018-q2-update.win32_1.5.0.202011040924/tools/bin/../lib/gcc/arm-none-eabi/7.3.1/../../../../arm-none-eabi/lib/thumb/v7e-m/fpv5/hard\libc_nano.a(lib_a-stdio.o)
                0x000000000801606e                __swrite
 .text.__sseek  0x00000000080160a6       0x24 c:/st/stm32cubeide_1.5.1/stm32cubeide/plugins/com.st.stm32cube.ide.mcu.externaltools.gnu-tools-for-stm32.7-2018-q2-update.win32_1.5.0.202011040924/tools/bin/../lib/gcc/arm-none-eabi/7.3.1/../../../../arm-none-eabi/lib/thumb/v7e-m/fpv5/hard\libc_nano.a(lib_a-stdio.o)
                0x00000000080160a6                __sseek
 .text.__sclose
                0x00000000080160ca        0x8 c:/st/stm32cubeide_1.5.1/stm32cubeide/plugins/com.st.stm32cube.ide.mcu.externaltools.gnu-tools-for-stm32.7-2018-q2-update.win32_1.5.0.202011040924/tools/bin/../lib/gcc/arm-none-eabi/7.3.1/../../../../arm-none-eabi/lib/thumb/v7e-m/fpv5/hard\libc_nano.a(lib_a-stdio.o)
                0x00000000080160ca                __sclose
 .text.strncmp  0x00000000080160d2       0x24 c:/st/stm32cubeide_1.5.1/stm32cubeide/plugins/com.st.stm32cube.ide.mcu.externaltools.gnu-tools-for-stm32.7-2018-q2-update.win32_1.5.0.202011040924/tools/bin/../lib/gcc/arm-none-eabi/7.3.1/../../../../arm-none-eabi/lib/thumb/v7e-m/fpv5/hard\libc_nano.a(lib_a-strncmp.o)
                0x00000000080160d2                strncmp
 .text.__ascii_wctomb
                0x00000000080160f6       0x1a c:/st/stm32cubeide_1.5.1/stm32cubeide/plugins/com.st.stm32cube.ide.mcu.externaltools.gnu-tools-for-stm32.7-2018-q2-update.win32_1.5.0.202011040924/tools/bin/../lib/gcc/arm-none-eabi/7.3.1/../../../../arm-none-eabi/lib/thumb/v7e-m/fpv5/hard\libc_nano.a(lib_a-wctomb_r.o)