ls027b7dh01.c:44:25:__reverse8bit	24	static,ignoring_inline_asm
ls027b7dh01.c:63:6:SMLCD_InitGPIO	8	static
ls027b7dh01.c:82:6:SMLCD_Init	8	static
ls027b7dh01.c:92:19:SMLCD_Clear	16	static
ls027b7dh01.c:110:19:SMLCD_ToggleVCOM	16	static
ls027b7dh01.c:134:19:SMLCD_Flush	72	dynamic
ls027b7dh01.c:387:6:SMLCD_Orientation	16	static
ls027b7dh01.c:400:6:LCD_Clear	8	static
ls027b7dh01.c:422:6:LCD_Pixel	12	static
ls027b7dh01.c:520:13:LCD_VLineInt	24	static
ls027b7dh01.c:557:13:LCD_HLineInt	24	static
ls027b7dh01.c:675:6:LCD_HLine	24	static
ls027b7dh01.c:707:6:LCD_VLine	24	static
ls027b7dh01.c:739:6:LCD_Rect	24	static
ls027b7dh01.c:757:6:LCD_FillRect	40	static
ls027b7dh01.c:882:6:LCD_Line	40	static
ls027b7dh01.c:935:6:LCD_Circle	48	static
ls027b7dh01.c:990:6:LCD_Ellipse	72	static
ls027b7dh01.c:1052:9:LCD_PutChar	40	static
ls027b7dh01.c:1171:10:LCD_PutStr	32	static
ls027b7dh01.c:1189:10:LCD_PutStrLF	32	static
ls027b7dh01.c:1215:9:LCD_PutInt	48	static
ls027b7dh01.c:1248:9:LCD_PutIntU	48	static
ls027b7dh01.c:1272:9:LCD_PutIntF	56	static
ls027b7dh01.c:1324:9:LCD_PutIntLZ	48	static
ls027b7dh01.c:1366:9:LCD_PutHex	48	static
ls027b7dh01.c:1397:6:LCD_DrawBitmap	32	static
ls027b7dh01.c:1435:6:LCD_Invert	32	static
ls027b7dh01.c:1454:6:LCD_InvertFull	12	static
ls027b7dh01.c:1463:6:LCD_BlackWhite	24	static
ls027b7dh01.c:1484:6:LCD_DrawSomeLinesBatchLine4Bit	216	static
ls027b7dh01.c:1558:6:LCD_DrawSomeLinesSingleLine4Bit	216	static
ls027b7dh01.c:1626:6:LCD_DrawSomeLinesSingleLine1Bit	72	static
ls027b7dh01.c:1691:6:drawUpDownArrow	48	static
