ls027b7dh01.c:62:6:SMLCD_InitGPIO	8	static
ls027b7dh01.c:79:6:SMLCD_Init	8	static
ls027b7dh01.c:88:6:SMLCD_Clear	8	static
ls027b7dh01.c:112:6:SMLCD_Flush	16	static
ls027b7dh01.c:292:6:SMLCD_Orientation	16	static
ls027b7dh01.c:305:6:LCD_Clear	24	static
ls027b7dh01.c:335:6:LCD_Pixel	12	static
ls027b7dh01.c:433:13:LCD_VLineInt	24	static
ls027b7dh01.c:470:13:LCD_HLineInt	24	static
ls027b7dh01.c:588:6:LCD_HLine	24	static
ls027b7dh01.c:620:6:LCD_VLine	24	static
ls027b7dh01.c:652:6:LCD_Rect	24	static
ls027b7dh01.c:670:6:LCD_FillRect	40	static
ls027b7dh01.c:795:6:LCD_Line	40	static
ls027b7dh01.c:848:6:LCD_Circle	48	static
ls027b7dh01.c:903:6:LCD_Ellipse	72	static
ls027b7dh01.c:965:9:LCD_PutChar	40	static
ls027b7dh01.c:1084:10:LCD_PutStr	32	static
ls027b7dh01.c:1102:10:LCD_PutStrLF	32	static
ls027b7dh01.c:1128:9:LCD_PutInt	48	static
ls027b7dh01.c:1161:9:LCD_PutIntU	48	static
ls027b7dh01.c:1185:9:LCD_PutIntF	56	static
ls027b7dh01.c:1237:9:LCD_PutIntLZ	48	static
ls027b7dh01.c:1279:9:LCD_PutHex	48	static
ls027b7dh01.c:1310:6:LCD_DrawBitmap	32	static
ls027b7dh01.c:1348:6:LCD_Invert	32	static
ls027b7dh01.c:1367:6:LCD_InvertFull	12	static
