ls027b7dh01.c:44:25:__reverse8bit	24	static,ignoring_inline_asm
ls027b7dh01.c:63:6:SMLCD_InitGPIO	8	static
ls027b7dh01.c:82:6:SMLCD_Init	8	static
ls027b7dh01.c:92:6:SMLCD_Clear	16	static
ls027b7dh01.c:108:6:SMLCD_ToggleVCOM	8	static
ls027b7dh01.c:120:6:SMLCD_Flush	64	dynamic
ls027b7dh01.c:334:6:SMLCD_Orientation	16	static
ls027b7dh01.c:347:6:LCD_Clear	8	static
ls027b7dh01.c:369:6:LCD_Pixel	12	static
ls027b7dh01.c:467:13:LCD_VLineInt	24	static
ls027b7dh01.c:504:13:LCD_HLineInt	24	static
ls027b7dh01.c:622:6:LCD_HLine	24	static
ls027b7dh01.c:654:6:LCD_VLine	24	static
ls027b7dh01.c:686:6:LCD_Rect	24	static
ls027b7dh01.c:704:6:LCD_FillRect	40	static
ls027b7dh01.c:829:6:LCD_Line	40	static
ls027b7dh01.c:882:6:LCD_Circle	48	static
ls027b7dh01.c:937:6:LCD_Ellipse	72	static
ls027b7dh01.c:999:9:LCD_PutChar	40	static
ls027b7dh01.c:1118:10:LCD_PutStr	32	static
ls027b7dh01.c:1136:10:LCD_PutStrLF	32	static
ls027b7dh01.c:1162:9:LCD_PutInt	48	static
ls027b7dh01.c:1195:9:LCD_PutIntU	48	static
ls027b7dh01.c:1219:9:LCD_PutIntF	56	static
ls027b7dh01.c:1271:9:LCD_PutIntLZ	48	static
ls027b7dh01.c:1313:9:LCD_PutHex	48	static
ls027b7dh01.c:1344:6:LCD_DrawBitmap	32	static
ls027b7dh01.c:1382:6:LCD_Invert	32	static
ls027b7dh01.c:1401:6:LCD_InvertFull	12	static
ls027b7dh01.c:1410:6:LCD_BlackWhite	24	static
ls027b7dh01.c:1431:6:LCD_DrawSomeLinesBatchLine4Bit	216	static
ls027b7dh01.c:1505:6:LCD_DrawSomeLinesSingleLine4Bit	216	static
ls027b7dh01.c:1573:6:LCD_DrawSomeLinesSingleLine1Bit	72	static
ls027b7dh01.c:1638:6:drawUpDownArrow	48	static
