ls027b7dh01.c:44:25:__reverse8bit	24	static,ignoring_inline_asm
ls027b7dh01.c:63:6:SMLCD_InitGPIO	8	static
ls027b7dh01.c:82:6:SMLCD_Init	8	static
ls027b7dh01.c:92:6:SMLCD_Clear	16	static
ls027b7dh01.c:108:6:SMLCD_ToggleVCOM	8	static
ls027b7dh01.c:120:6:SMLCD_Flush	72	dynamic
ls027b7dh01.c:332:6:SMLCD_Orientation	16	static
ls027b7dh01.c:345:6:LCD_Clear	12	static
ls027b7dh01.c:367:6:LCD_Pixel	12	static
ls027b7dh01.c:465:13:LCD_VLineInt	24	static
ls027b7dh01.c:502:13:LCD_HLineInt	24	static
ls027b7dh01.c:620:6:LCD_HLine	24	static
ls027b7dh01.c:652:6:LCD_VLine	24	static
ls027b7dh01.c:684:6:LCD_Rect	24	static
ls027b7dh01.c:702:6:LCD_FillRect	40	static
ls027b7dh01.c:827:6:LCD_Line	40	static
ls027b7dh01.c:880:6:LCD_Circle	48	static
ls027b7dh01.c:935:6:LCD_Ellipse	72	static
ls027b7dh01.c:997:9:LCD_PutChar	40	static
ls027b7dh01.c:1116:10:LCD_PutStr	32	static
ls027b7dh01.c:1134:10:LCD_PutStrLF	32	static
ls027b7dh01.c:1160:9:LCD_PutInt	48	static
ls027b7dh01.c:1193:9:LCD_PutIntU	48	static
ls027b7dh01.c:1217:9:LCD_PutIntF	56	static
ls027b7dh01.c:1269:9:LCD_PutIntLZ	48	static
ls027b7dh01.c:1311:9:LCD_PutHex	48	static
ls027b7dh01.c:1342:6:LCD_DrawBitmap	32	static
ls027b7dh01.c:1380:6:LCD_Invert	32	static
ls027b7dh01.c:1399:6:LCD_InvertFull	12	static
ls027b7dh01.c:1408:6:LCD_BlackWhite	24	static
ls027b7dh01.c:1429:6:LCD_DrawSomeLinesBatchLine	216	static
ls027b7dh01.c:1503:6:LCD_DrawSomeLinesSingleLine	216	static
