main.c:214:5:main	304	static
main.c:420:6:SystemClock_Config	232	static
main.c:491:13:MX_ADC1_Init	24	static
main.c:621:13:MX_ADC2_Init	24	static
main.c:695:13:MX_ADC3_Init	24	static
main.c:784:13:MX_I2C1_Init	8	static
main.c:830:13:MX_I2C2_Init	8	static
main.c:876:13:MX_I2C3_Init	8	static
main.c:922:13:MX_I2C4_Init	8	static
main.c:968:13:MX_RTC_Init	8	static
main.c:1002:13:MX_SPI4_Init	8	static
main.c:1042:13:MX_SPI5_Init	8	static
main.c:1082:13:MX_TIM4_Init	64	static
main.c:1141:13:MX_TIM5_Init	64	static
main.c:1204:13:MX_UART4_Init	8	static
main.c:1239:13:MX_UART5_Init	8	static
main.c:1274:13:MX_UART7_Init	8	static
main.c:1309:13:MX_USB_OTG_FS_PCD_Init	8	static
main.c:1342:13:MX_DMA_Init	16	static
main.c:1370:13:MX_GPIO_Init	72	static
main.c:1516:6:uartTransmitChar	224	static
main.c:1524:6:uartTransmitInt	104	static
main.c:1533:6:uartTransmitFloat	104	static
main.c:1543:11:readI2CRegister	40	static
main.c:1584:5:writeI2CRegister	64	static
main.c:1611:6:configureLEDDriver	24	static
main.c:1635:6:setErrorLED	48	static
main.c:1738:8:getADCValues	120	static
main.c:1867:6:HAL_ADC_ConvCpltCallback	16	static
main.c:1878:6:startHeartbeat	16	static
main.c:1898:6:startADCRead	16	static
main.c:1925:6:GetDaScreenBlink	32	static
main.c:1969:6:startGpioInputRead	24	static
main.c:2000:6:HAL_TIM_PeriodElapsedCallback	16	static
main.c:2017:6:Error_Handler	4	static,ignoring_inline_asm
