ls027b7dh01.h:127:22:SMLCD_Enable	8	static
main.c:240:5:main	104	static
main.c:487:6:SystemClock_Config	232	static
main.c:555:13:MX_ADC1_Init	24	static
main.c:685:13:MX_ADC2_Init	24	static
main.c:759:13:MX_ADC3_Init	24	static
main.c:848:13:MX_I2C1_Init	8	static
main.c:894:13:MX_I2C2_Init	8	static
main.c:940:13:MX_I2C3_Init	8	static
main.c:986:13:MX_I2C4_Init	8	static
main.c:1032:13:MX_RTC_Init	8	static
main.c:1066:13:MX_SPI4_Init	8	static
main.c:1106:13:MX_SPI5_Init	8	static
main.c:1146:13:MX_TIM4_Init	64	static
main.c:1205:13:MX_TIM5_Init	64	static
main.c:1268:13:MX_UART4_Init	8	static
main.c:1303:13:MX_UART5_Init	8	static
main.c:1338:13:MX_UART7_Init	8	static
main.c:1373:13:MX_USB_OTG_FS_PCD_Init	8	static
main.c:1406:13:MX_DMA_Init	16	static
main.c:1434:13:MX_GPIO_Init	72	static
main.c:1581:6:outputGPIOBufInitialization	8	static
main.c:1585:6:setOutputGPIOState	16	static
main.c:1658:6:uartTransmitChar	224	static
main.c:1666:6:uartTransmitInt	104	static
main.c:1675:6:uartTransmitFloat	104	static
main.c:1685:11:readI2CRegister	40	static
main.c:1726:5:writeI2CRegister	64	static
main.c:1753:6:configureLEDDriver	24	static
main.c:1776:6:setErrorLED	48	static
main.c:1879:8:getADCValues	128	static
main.c:1977:6:HAL_ADC_ConvCpltCallback	16	static
main.c:1988:6:startHeartbeat	16	static
main.c:2008:6:startADCRead	16	static
main.c:2035:6:GetDaScreenBlink	32	static
main.c:2096:6:startGpioInputRead	24	static
main.c:2127:6:HAL_TIM_PeriodElapsedCallback	16	static
main.c:2144:6:Error_Handler	4	static,ignoring_inline_asm
