main.c:202:5:main	16	static
main.c:362:6:SystemClock_Config	232	static
main.c:430:13:MX_ADC1_Init	24	static
main.c:560:13:MX_ADC2_Init	24	static
main.c:634:13:MX_ADC3_Init	24	static
main.c:723:13:MX_I2C1_Init	8	static
main.c:769:13:MX_I2C2_Init	8	static
main.c:815:13:MX_I2C3_Init	8	static
main.c:864:13:MX_I2C4_Init	8	static
main.c:910:13:MX_RTC_Init	8	static
main.c:944:13:MX_SPI4_Init	8	static
main.c:984:13:MX_SPI5_Init	8	static
main.c:1024:13:MX_TIM4_Init	64	static
main.c:1083:13:MX_TIM5_Init	64	static
main.c:1146:13:MX_UART4_Init	8	static
main.c:1181:13:MX_UART5_Init	8	static
main.c:1216:13:MX_UART7_Init	8	static
main.c:1251:13:MX_USB_OTG_FS_PCD_Init	8	static
main.c:1284:13:MX_DMA_Init	16	static
main.c:1312:13:MX_GPIO_Init	72	static
main.c:1459:5:__io_putchar	16	static
main.c:1466:6:outputGPIOBufInitialization	8	static
main.c:1470:6:setOutputGPIOState	16	static
main.c:1543:6:uartTransmitChar	224	static
main.c:1551:6:uartTransmitInt	104	static
main.c:1560:6:uartTransmitFloat	104	static
main.c:1570:11:readI2CRegister	40	static
main.c:1611:5:writeI2CRegister	64	static
main.c:1638:6:configureLEDDriver	24	static
main.c:1661:6:setErrorLED	48	static
main.c:1764:8:getADCValues	128	static
main.c:1885:6:setVoltageMux	48	static
main.c:1911:6:HAL_ADC_ConvCpltCallback	16	static
main.c:1922:6:startHeartbeat	16	static
main.c:1942:6:startADCRead	16	static
main.c:1969:6:GetDaScreenBlink	32	static
main.c:2072:6:startGpioInputRead	24	static
main.c:2102:6:startNavigationTask	32	static
main.c:2231:6:startErrorLEDs	24	static
main.c:2254:6:startZionRead	56	static
main.c:2401:6:HAL_TIM_PeriodElapsedCallback	16	static
main.c:2418:6:Error_Handler	4	static,ignoring_inline_asm
