main.c:269:5:main	24	static
main.c:529:6:SystemClock_Config	232	static
main.c:597:13:MX_ADC1_Init	24	static
main.c:727:13:MX_ADC2_Init	24	static
main.c:801:13:MX_ADC3_Init	24	static
main.c:890:13:MX_I2C1_Init	8	static
main.c:936:13:MX_I2C2_Init	8	static
main.c:982:13:MX_I2C3_Init	8	static
main.c:1031:13:MX_I2C4_Init	8	static
main.c:1077:13:MX_RTC_Init	8	static
main.c:1111:13:MX_SPI4_Init	8	static
main.c:1151:13:MX_SPI5_Init	8	static
main.c:1191:13:MX_TIM4_Init	64	static
main.c:1250:13:MX_TIM5_Init	64	static
main.c:1313:13:MX_UART4_Init	8	static
main.c:1348:13:MX_UART5_Init	8	static
main.c:1383:13:MX_UART7_Init	8	static
main.c:1418:13:MX_USB_OTG_FS_PCD_Init	8	static
main.c:1451:13:MX_DMA_Init	16	static
main.c:1485:13:MX_GPIO_Init	72	static
main.c:1637:6:DevUI_Error_Handler	24	static,ignoring_inline_asm
main.c:1662:5:__io_putchar	16	static
main.c:1669:6:outputGPIOBufInitialization	8	static
main.c:1677:6:setOutputGPIOState	16	static
main.c:1750:6:debugUartTransmitChar	224	static
main.c:1756:6:debugUartTransmitStuff	224	static
main.c:1762:6:uartTransmitInt	104	static
main.c:1771:6:uartTransmitFloat	104	static
main.c:1781:11:readI2CRegister	40	static
main.c:1833:5:writeI2CRegister	64	static
main.c:1868:6:configureLEDDriver	24	static
main.c:1891:6:setRGBLED	16	static
main.c:1901:6:setErrorLED	48	static
main.c:2004:8:getADCValues	128	static
main.c:2125:6:setVoltageMux	48	static
main.c:2151:6:HAL_ADC_ConvCpltCallback	16	static
main.c:2154:6:winbondSPIDeviceIDRead	24	static
main.c:2162:6:spareUartTransmitRead	424	static
main.c:2172:9:debugUartParser	24	static
main.c:2210:11:socUartParser	24	static
main.c:2269:6:startHeartbeat	16	static
main.c:2290:6:startADCRead	32	static
main.c:2332:6:GetDaScreenBlink	24	static
main.c:2435:6:startGpioInputRead	24	static
main.c:2465:6:startNavigationTask	24	static
main.c:2596:6:startErrorLEDs	40	static
main.c:2714:6:startZionRead	40	static
main.c:2815:6:startBootButtons	32	static
main.c:3019:6:startSocUart	40	static
main.c:3047:6:startDebugUart	48	static
main.c:3128:6:HAL_TIM_PeriodElapsedCallback	16	static
main.c:3145:6:Error_Handler	4	static,ignoring_inline_asm
