main.c:278:5:main	24	static
main.c:542:6:SystemClock_Config	232	static
main.c:610:13:MX_ADC1_Init	24	static
main.c:740:13:MX_ADC2_Init	24	static
main.c:814:13:MX_ADC3_Init	24	static
main.c:903:13:MX_I2C1_Init	8	static
main.c:949:13:MX_I2C2_Init	8	static
main.c:995:13:MX_I2C3_Init	8	static
main.c:1044:13:MX_I2C4_Init	8	static
main.c:1090:13:MX_RTC_Init	8	static
main.c:1124:13:MX_SPI4_Init	8	static
main.c:1164:13:MX_SPI5_Init	8	static
main.c:1204:13:MX_TIM4_Init	64	static
main.c:1263:13:MX_TIM5_Init	64	static
main.c:1326:13:MX_UART4_Init	8	static
main.c:1361:13:MX_UART5_Init	8	static
main.c:1396:13:MX_UART7_Init	8	static
main.c:1431:13:MX_USB_OTG_FS_PCD_Init	8	static
main.c:1464:13:MX_DMA_Init	16	static
main.c:1498:13:MX_GPIO_Init	72	static
main.c:1650:6:DevUI_Error_Handler	24	static,ignoring_inline_asm
main.c:1674:5:__io_putchar	16	static
main.c:1681:6:outputGPIOBufInitialization	8	static
main.c:1689:6:setOutputGPIOState	16	static
main.c:1762:6:debugUartTransmitChar	224	static
main.c:1768:6:debugUartTransmitStuff	224	static
main.c:1774:6:uartTransmitInt	104	static
main.c:1783:6:uartTransmitFloat	104	static
main.c:1793:11:readI2CRegister	40	static
main.c:1845:5:writeI2CRegister	64	static
main.c:1880:6:configureLEDDriver	24	static
main.c:1903:6:setRGBLED	16	static
main.c:1913:6:setErrorLED	48	static
main.c:2016:8:getADCValues	128	static
main.c:2137:6:setVoltageMux	40	static
main.c:2156:5:detectSocVoltageMux	16	static
main.c:2169:6:HAL_ADC_ConvCpltCallback	16	static
main.c:2172:6:winbondSPIDeviceIDRead	24	static
main.c:2179:6:spareUartTransmitRead	424	static
main.c:2188:9:debugUartParser	24	static
main.c:2226:11:socUartParser	24	static
main.c:2285:6:startHeartbeat	24	static
main.c:2316:6:startADCRead	32	static
main.c:2361:6:GetDaScreenBlink	32	static
main.c:2462:6:startGpioInputRead	24	static
main.c:2492:6:startNavigationTask	24	static
main.c:2623:6:startErrorLEDs	72	static
main.c:2670:6:startZionRead	40	static
main.c:2771:6:startBootButtons	32	static
main.c:2805:6:startSocUart	40	static
main.c:2832:6:startDebugUart	144	static
main.c:2933:6:HAL_TIM_PeriodElapsedCallback	16	static
main.c:2950:6:Error_Handler	4	static,ignoring_inline_asm
