main.c:181:5:main	16	static
main.c:334:6:SystemClock_Config	232	static
main.c:402:13:MX_ADC1_Init	24	static
main.c:532:13:MX_ADC2_Init	24	static
main.c:606:13:MX_ADC3_Init	24	static
main.c:695:13:MX_I2C1_Init	8	static
main.c:741:13:MX_I2C2_Init	8	static
main.c:787:13:MX_I2C3_Init	8	static
main.c:833:13:MX_I2C4_Init	8	static
main.c:879:13:MX_RTC_Init	8	static
main.c:913:13:MX_SPI4_Init	8	static
main.c:953:13:MX_SPI5_Init	8	static
main.c:993:13:MX_TIM4_Init	64	static
main.c:1052:13:MX_TIM5_Init	64	static
main.c:1115:13:MX_UART4_Init	8	static
main.c:1150:13:MX_UART5_Init	8	static
main.c:1185:13:MX_UART7_Init	8	static
main.c:1220:13:MX_USB_OTG_FS_PCD_Init	8	static
main.c:1253:13:MX_DMA_Init	16	static
main.c:1281:13:MX_GPIO_Init	72	static
main.c:1428:5:__io_putchar	16	static
main.c:1435:6:outputGPIOBufInitialization	8	static
main.c:1439:6:setOutputGPIOState	16	static
main.c:1512:6:uartTransmitChar	224	static
main.c:1520:6:uartTransmitInt	104	static
main.c:1529:6:uartTransmitFloat	104	static
main.c:1539:11:readI2CRegister	40	static
main.c:1580:5:writeI2CRegister	64	static
main.c:1607:6:configureLEDDriver	24	static
main.c:1630:6:setErrorLED	48	static
main.c:1733:8:getADCValues	128	static
main.c:1836:6:HAL_ADC_ConvCpltCallback	16	static
main.c:1847:6:startHeartbeat	16	static
main.c:1867:6:startADCRead	16	static
main.c:1894:6:GetDaScreenBlink	40	static
main.c:1978:6:startGpioInputRead	24	static
main.c:2008:6:startNavigationTask	24	static
main.c:2137:6:HAL_TIM_PeriodElapsedCallback	16	static
main.c:2154:6:Error_Handler	4	static,ignoring_inline_asm
