ls027b7dh01.h:127:22:SMLCD_Enable	8	static
main.c:238:5:main	104	static
main.c:485:6:SystemClock_Config	232	static
main.c:553:13:MX_ADC1_Init	24	static
main.c:683:13:MX_ADC2_Init	24	static
main.c:757:13:MX_ADC3_Init	24	static
main.c:846:13:MX_I2C1_Init	8	static
main.c:892:13:MX_I2C2_Init	8	static
main.c:938:13:MX_I2C3_Init	8	static
main.c:984:13:MX_I2C4_Init	8	static
main.c:1030:13:MX_RTC_Init	8	static
main.c:1064:13:MX_SPI4_Init	8	static
main.c:1104:13:MX_SPI5_Init	8	static
main.c:1144:13:MX_TIM4_Init	64	static
main.c:1203:13:MX_TIM5_Init	64	static
main.c:1266:13:MX_UART4_Init	8	static
main.c:1301:13:MX_UART5_Init	8	static
main.c:1336:13:MX_UART7_Init	8	static
main.c:1371:13:MX_USB_OTG_FS_PCD_Init	8	static
main.c:1404:13:MX_DMA_Init	16	static
main.c:1432:13:MX_GPIO_Init	72	static
main.c:1578:6:outputGPIOBufInitialization	8	static
main.c:1582:6:setOutputGPIOState	16	static
main.c:1655:6:uartTransmitChar	224	static
main.c:1663:6:uartTransmitInt	104	static
main.c:1672:6:uartTransmitFloat	104	static
main.c:1682:11:readI2CRegister	40	static
main.c:1723:5:writeI2CRegister	64	static
main.c:1750:6:configureLEDDriver	24	static
main.c:1773:6:setErrorLED	48	static
main.c:1876:8:getADCValues	128	static
main.c:1974:6:HAL_ADC_ConvCpltCallback	16	static
main.c:1985:6:startHeartbeat	16	static
main.c:2005:6:startADCRead	16	static
main.c:2032:6:GetDaScreenBlink	32	static
main.c:2091:6:startGpioInputRead	24	static
main.c:2122:6:HAL_TIM_PeriodElapsedCallback	16	static
main.c:2139:6:Error_Handler	4	static,ignoring_inline_asm
