main.c:216:5:main	16	static
main.c:409:6:SystemClock_Config	232	static
main.c:477:13:MX_ADC1_Init	24	static
main.c:607:13:MX_ADC2_Init	24	static
main.c:681:13:MX_ADC3_Init	24	static
main.c:770:13:MX_I2C1_Init	8	static
main.c:816:13:MX_I2C2_Init	8	static
main.c:862:13:MX_I2C3_Init	8	static
main.c:911:13:MX_I2C4_Init	8	static
main.c:957:13:MX_RTC_Init	8	static
main.c:991:13:MX_SPI4_Init	8	static
main.c:1031:13:MX_SPI5_Init	8	static
main.c:1071:13:MX_TIM4_Init	64	static
main.c:1130:13:MX_TIM5_Init	64	static
main.c:1193:13:MX_UART4_Init	8	static
main.c:1228:13:MX_UART5_Init	8	static
main.c:1263:13:MX_UART7_Init	8	static
main.c:1298:13:MX_USB_OTG_FS_PCD_Init	8	static
main.c:1331:13:MX_DMA_Init	16	static
main.c:1359:13:MX_GPIO_Init	72	static
main.c:1506:5:__io_putchar	16	static
main.c:1513:6:outputGPIOBufInitialization	8	static
main.c:1521:6:setOutputGPIOState	16	static
main.c:1594:6:uartTransmitChar	224	static
main.c:1602:6:uartTransmitInt	104	static
main.c:1611:6:uartTransmitFloat	104	static
main.c:1621:11:readI2CRegister	40	static
main.c:1662:5:writeI2CRegister	64	static
main.c:1689:6:configureLEDDriver	24	static
main.c:1712:6:setErrorLED	48	static
main.c:1815:8:getADCValues	128	static
main.c:1936:6:setVoltageMux	48	static
main.c:1962:6:HAL_ADC_ConvCpltCallback	16	static
main.c:1973:6:startHeartbeat	16	static
main.c:1993:6:startADCRead	16	static
main.c:2020:6:GetDaScreenBlink	24	static
main.c:2123:6:startGpioInputRead	24	static
main.c:2153:6:startNavigationTask	24	static
main.c:2284:6:startErrorLEDs	32	static
main.c:2386:6:startZionRead	40	static
main.c:2487:6:startBootButtons	32	static
main.c:2683:6:HAL_TIM_PeriodElapsedCallback	16	static
main.c:2700:6:Error_Handler	4	static,ignoring_inline_asm
