ls027b7dh01.h:142:22:SMLCD_Enable	8	static
main.c:251:5:main	192	static
main.c:502:6:SystemClock_Config	232	static
main.c:570:13:MX_ADC1_Init	24	static
main.c:700:13:MX_ADC2_Init	24	static
main.c:774:13:MX_ADC3_Init	24	static
main.c:863:13:MX_I2C1_Init	8	static
main.c:909:13:MX_I2C2_Init	8	static
main.c:955:13:MX_I2C3_Init	8	static
main.c:1001:13:MX_I2C4_Init	8	static
main.c:1047:13:MX_RTC_Init	8	static
main.c:1081:13:MX_SPI4_Init	8	static
main.c:1121:13:MX_SPI5_Init	8	static
main.c:1161:13:MX_TIM4_Init	64	static
main.c:1220:13:MX_TIM5_Init	64	static
main.c:1283:13:MX_UART4_Init	8	static
main.c:1318:13:MX_UART5_Init	8	static
main.c:1353:13:MX_UART7_Init	8	static
main.c:1388:13:MX_USB_OTG_FS_PCD_Init	8	static
main.c:1421:13:MX_DMA_Init	16	static
main.c:1449:13:MX_GPIO_Init	72	static
main.c:1596:6:outputGPIOBufInitialization	8	static
main.c:1600:6:setOutputGPIOState	16	static
main.c:1673:6:uartTransmitChar	224	static
main.c:1681:6:uartTransmitInt	104	static
main.c:1690:6:uartTransmitFloat	104	static
main.c:1700:11:readI2CRegister	40	static
main.c:1741:5:writeI2CRegister	64	static
main.c:1768:6:configureLEDDriver	24	static
main.c:1951:6:setErrorLED	48	static
main.c:2054:8:getADCValues	128	static
main.c:2152:6:HAL_ADC_ConvCpltCallback	16	static
main.c:2163:6:startHeartbeat	16	static
main.c:2183:6:startADCRead	16	static
main.c:2210:6:GetDaScreenBlink	32	static
main.c:2267:6:startGpioInputRead	24	static
main.c:2298:6:HAL_TIM_PeriodElapsedCallback	16	static
main.c:2315:6:Error_Handler	4	static,ignoring_inline_asm
