main.c:182:5:main	16	static
main.c:335:6:SystemClock_Config	232	static
main.c:403:13:MX_ADC1_Init	24	static
main.c:533:13:MX_ADC2_Init	24	static
main.c:607:13:MX_ADC3_Init	24	static
main.c:696:13:MX_I2C1_Init	8	static
main.c:742:13:MX_I2C2_Init	8	static
main.c:788:13:MX_I2C3_Init	8	static
main.c:837:13:MX_I2C4_Init	8	static
main.c:883:13:MX_RTC_Init	8	static
main.c:917:13:MX_SPI4_Init	8	static
main.c:957:13:MX_SPI5_Init	8	static
main.c:997:13:MX_TIM4_Init	64	static
main.c:1056:13:MX_TIM5_Init	64	static
main.c:1119:13:MX_UART4_Init	8	static
main.c:1154:13:MX_UART5_Init	8	static
main.c:1189:13:MX_UART7_Init	8	static
main.c:1224:13:MX_USB_OTG_FS_PCD_Init	8	static
main.c:1257:13:MX_DMA_Init	16	static
main.c:1285:13:MX_GPIO_Init	72	static
main.c:1432:5:__io_putchar	16	static
main.c:1439:6:outputGPIOBufInitialization	8	static
main.c:1443:6:setOutputGPIOState	16	static
main.c:1516:6:uartTransmitChar	224	static
main.c:1524:6:uartTransmitInt	104	static
main.c:1533:6:uartTransmitFloat	104	static
main.c:1543:11:readI2CRegister	40	static
main.c:1584:5:writeI2CRegister	64	static
main.c:1611:6:configureLEDDriver	24	static
main.c:1634:6:setErrorLED	48	static
main.c:1737:8:getADCValues	128	static
main.c:1858:6:setVoltageMux	48	static
main.c:1884:6:HAL_ADC_ConvCpltCallback	16	static
main.c:1895:6:startHeartbeat	16	static
main.c:1915:6:startADCRead	16	static
main.c:1942:6:GetDaScreenBlink	32	static
main.c:2032:6:startGpioInputRead	24	static
main.c:2062:6:startNavigationTask	24	static
main.c:2191:6:HAL_TIM_PeriodElapsedCallback	16	static
main.c:2208:6:Error_Handler	4	static,ignoring_inline_asm
