main.c:275:5:main	24	static
main.c:539:6:SystemClock_Config	232	static
main.c:607:13:MX_ADC1_Init	24	static
main.c:737:13:MX_ADC2_Init	24	static
main.c:811:13:MX_ADC3_Init	24	static
main.c:900:13:MX_I2C1_Init	8	static
main.c:946:13:MX_I2C2_Init	8	static
main.c:992:13:MX_I2C3_Init	8	static
main.c:1041:13:MX_I2C4_Init	8	static
main.c:1087:13:MX_RTC_Init	8	static
main.c:1121:13:MX_SPI4_Init	8	static
main.c:1161:13:MX_SPI5_Init	8	static
main.c:1201:13:MX_TIM4_Init	64	static
main.c:1260:13:MX_TIM5_Init	64	static
main.c:1323:13:MX_UART4_Init	8	static
main.c:1358:13:MX_UART5_Init	8	static
main.c:1393:13:MX_UART7_Init	8	static
main.c:1428:13:MX_USB_OTG_FS_PCD_Init	8	static
main.c:1461:13:MX_DMA_Init	16	static
main.c:1495:13:MX_GPIO_Init	72	static
main.c:1647:6:DevUI_Error_Handler	24	static,ignoring_inline_asm
main.c:1671:5:__io_putchar	16	static
main.c:1678:6:outputGPIOBufInitialization	8	static
main.c:1686:6:setOutputGPIOState	16	static
main.c:1759:6:debugUartTransmitChar	224	static
main.c:1765:6:debugUartTransmitStuff	224	static
main.c:1771:6:uartTransmitInt	104	static
main.c:1780:6:uartTransmitFloat	104	static
main.c:1790:11:readI2CRegister	40	static
main.c:1842:5:writeI2CRegister	64	static
main.c:1877:6:configureLEDDriver	24	static
main.c:1900:6:setRGBLED	16	static
main.c:1910:6:setErrorLED	48	static
main.c:2013:8:getADCValues	128	static
main.c:2134:6:setVoltageMux	40	static
main.c:2153:5:detectSocVoltageMux	16	static
main.c:2166:6:HAL_ADC_ConvCpltCallback	16	static
main.c:2169:6:winbondSPIDeviceIDRead	24	static
main.c:2176:6:spareUartTransmitRead	424	static
main.c:2185:9:debugUartParser	24	static
main.c:2223:11:socUartParser	24	static
main.c:2282:6:startHeartbeat	16	static
main.c:2303:6:startADCRead	32	static
main.c:2348:6:GetDaScreenBlink	24	static
main.c:2451:6:startGpioInputRead	24	static
main.c:2481:6:startNavigationTask	24	static
main.c:2612:6:startErrorLEDs	72	static
main.c:2824:6:startZionRead	40	static
main.c:2925:6:startBootButtons	32	static
main.c:3137:6:startSocUart	40	static
main.c:3164:6:startDebugUart	48	static
main.c:3245:6:HAL_TIM_PeriodElapsedCallback	16	static
main.c:3262:6:Error_Handler	4	static,ignoring_inline_asm
