main.c:268:5:main	24	static
main.c:528:6:SystemClock_Config	232	static
main.c:596:13:MX_ADC1_Init	24	static
main.c:726:13:MX_ADC2_Init	24	static
main.c:800:13:MX_ADC3_Init	24	static
main.c:889:13:MX_I2C1_Init	8	static
main.c:935:13:MX_I2C2_Init	8	static
main.c:981:13:MX_I2C3_Init	8	static
main.c:1030:13:MX_I2C4_Init	8	static
main.c:1076:13:MX_RTC_Init	8	static
main.c:1110:13:MX_SPI4_Init	8	static
main.c:1150:13:MX_SPI5_Init	8	static
main.c:1190:13:MX_TIM4_Init	64	static
main.c:1249:13:MX_TIM5_Init	64	static
main.c:1312:13:MX_UART4_Init	8	static
main.c:1347:13:MX_UART5_Init	8	static
main.c:1382:13:MX_UART7_Init	8	static
main.c:1417:13:MX_USB_OTG_FS_PCD_Init	8	static
main.c:1450:13:MX_DMA_Init	16	static
main.c:1484:13:MX_GPIO_Init	72	static
main.c:1636:6:DevUI_Error_Handler	24	static,ignoring_inline_asm
main.c:1661:5:__io_putchar	16	static
main.c:1668:6:outputGPIOBufInitialization	8	static
main.c:1676:6:setOutputGPIOState	16	static
main.c:1749:6:debugUartTransmitChar	224	static
main.c:1755:6:debugUartTransmitStuff	224	static
main.c:1761:6:uartTransmitInt	104	static
main.c:1770:6:uartTransmitFloat	104	static
main.c:1780:11:readI2CRegister	40	static
main.c:1832:5:writeI2CRegister	64	static
main.c:1867:6:configureLEDDriver	24	static
main.c:1890:6:setRGBLED	16	static
main.c:1900:6:setErrorLED	48	static
main.c:2003:8:getADCValues	128	static
main.c:2124:6:setVoltageMux	48	static
main.c:2150:6:HAL_ADC_ConvCpltCallback	16	static
main.c:2153:6:winbondSPIDeviceIDRead	24	static
main.c:2161:6:spareUartTransmitRead	424	static
main.c:2171:9:debugUartParser	24	static
main.c:2217:6:startHeartbeat	16	static
main.c:2238:6:startADCRead	32	static
main.c:2280:6:GetDaScreenBlink	24	static
main.c:2383:6:startGpioInputRead	24	static
main.c:2413:6:startNavigationTask	24	static
main.c:2544:6:startErrorLEDs	40	static
main.c:2662:6:startZionRead	40	static
main.c:2763:6:startBootButtons	32	static
main.c:2958:6:startSocUart	16	static
main.c:2976:6:startDebugUart	48	static
main.c:3057:6:HAL_TIM_PeriodElapsedCallback	16	static
main.c:3074:6:Error_Handler	4	static,ignoring_inline_asm
