main.c:233:5:main	128	static
main.c:443:6:SystemClock_Config	232	static
main.c:511:13:MX_ADC1_Init	24	static
main.c:641:13:MX_ADC2_Init	24	static
main.c:715:13:MX_ADC3_Init	24	static
main.c:804:13:MX_I2C1_Init	8	static
main.c:850:13:MX_I2C2_Init	8	static
main.c:896:13:MX_I2C3_Init	8	static
main.c:945:13:MX_I2C4_Init	8	static
main.c:991:13:MX_RTC_Init	8	static
main.c:1025:13:MX_SPI4_Init	8	static
main.c:1065:13:MX_SPI5_Init	8	static
main.c:1105:13:MX_TIM4_Init	64	static
main.c:1164:13:MX_TIM5_Init	64	static
main.c:1227:13:MX_UART4_Init	8	static
main.c:1262:13:MX_UART5_Init	8	static
main.c:1297:13:MX_UART7_Init	8	static
main.c:1332:13:MX_USB_OTG_FS_PCD_Init	8	static
main.c:1365:13:MX_DMA_Init	16	static
main.c:1399:13:MX_GPIO_Init	72	static
main.c:1546:5:__io_putchar	16	static
main.c:1553:6:outputGPIOBufInitialization	8	static
main.c:1561:6:setOutputGPIOState	16	static
main.c:1634:6:uartTransmitChar	224	static
main.c:1642:6:uartTransmitInt	104	static
main.c:1651:6:uartTransmitFloat	104	static
main.c:1661:11:readI2CRegister	40	static
main.c:1702:5:writeI2CRegister	64	static
main.c:1729:6:configureLEDDriver	24	static
main.c:1752:6:setErrorLED	48	static
main.c:1855:8:getADCValues	128	static
main.c:1976:6:setVoltageMux	48	static
main.c:2002:6:HAL_ADC_ConvCpltCallback	16	static
main.c:2005:6:winbondSPIDeviceIDRead	24	static
main.c:2013:6:spareUartTransmitRead	424	static
main.c:2031:6:startHeartbeat	16	static
main.c:2051:6:startADCRead	16	static
main.c:2078:6:GetDaScreenBlink	24	static
main.c:2181:6:startGpioInputRead	24	static
main.c:2211:6:startNavigationTask	24	static
main.c:2342:6:startErrorLEDs	32	static
main.c:2444:6:startZionRead	40	static
main.c:2545:6:startBootButtons	32	static
main.c:2741:6:HAL_TIM_PeriodElapsedCallback	16	static
main.c:2758:6:Error_Handler	4	static,ignoring_inline_asm
