main.c:214:5:main	16	static
main.c:408:6:SystemClock_Config	232	static
main.c:476:13:MX_ADC1_Init	24	static
main.c:606:13:MX_ADC2_Init	24	static
main.c:680:13:MX_ADC3_Init	24	static
main.c:769:13:MX_I2C1_Init	8	static
main.c:815:13:MX_I2C2_Init	8	static
main.c:861:13:MX_I2C3_Init	8	static
main.c:910:13:MX_I2C4_Init	8	static
main.c:956:13:MX_RTC_Init	8	static
main.c:990:13:MX_SPI4_Init	8	static
main.c:1030:13:MX_SPI5_Init	8	static
main.c:1070:13:MX_TIM4_Init	64	static
main.c:1129:13:MX_TIM5_Init	64	static
main.c:1192:13:MX_UART4_Init	8	static
main.c:1227:13:MX_UART5_Init	8	static
main.c:1262:13:MX_UART7_Init	8	static
main.c:1297:13:MX_USB_OTG_FS_PCD_Init	8	static
main.c:1330:13:MX_DMA_Init	16	static
main.c:1358:13:MX_GPIO_Init	72	static
main.c:1505:5:__io_putchar	16	static
main.c:1512:6:outputGPIOBufInitialization	8	static
main.c:1520:6:setOutputGPIOState	16	static
main.c:1593:6:uartTransmitChar	224	static
main.c:1601:6:uartTransmitInt	104	static
main.c:1610:6:uartTransmitFloat	104	static
main.c:1620:11:readI2CRegister	40	static
main.c:1661:5:writeI2CRegister	64	static
main.c:1688:6:configureLEDDriver	24	static
main.c:1711:6:setErrorLED	48	static
main.c:1814:8:getADCValues	128	static
main.c:1935:6:setVoltageMux	48	static
main.c:1961:6:HAL_ADC_ConvCpltCallback	16	static
main.c:1972:6:startHeartbeat	16	static
main.c:1992:6:startADCRead	16	static
main.c:2019:6:GetDaScreenBlink	32	static
main.c:2126:6:startGpioInputRead	24	static
main.c:2156:6:startNavigationTask	32	static
main.c:2287:6:startErrorLEDs	24	static
main.c:2310:6:startZionRead	40	static
main.c:2411:6:startBootButtons	32	static
main.c:2602:6:HAL_TIM_PeriodElapsedCallback	16	static
main.c:2619:6:Error_Handler	4	static,ignoring_inline_asm
