main.c:221:5:main	128	static
main.c:429:6:SystemClock_Config	232	static
main.c:497:13:MX_ADC1_Init	24	static
main.c:627:13:MX_ADC2_Init	24	static
main.c:701:13:MX_ADC3_Init	24	static
main.c:790:13:MX_I2C1_Init	8	static
main.c:836:13:MX_I2C2_Init	8	static
main.c:882:13:MX_I2C3_Init	8	static
main.c:931:13:MX_I2C4_Init	8	static
main.c:977:13:MX_RTC_Init	8	static
main.c:1011:13:MX_SPI4_Init	8	static
main.c:1051:13:MX_SPI5_Init	8	static
main.c:1091:13:MX_TIM4_Init	64	static
main.c:1150:13:MX_TIM5_Init	64	static
main.c:1213:13:MX_UART4_Init	8	static
main.c:1248:13:MX_UART5_Init	8	static
main.c:1283:13:MX_UART7_Init	8	static
main.c:1318:13:MX_USB_OTG_FS_PCD_Init	8	static
main.c:1351:13:MX_DMA_Init	16	static
main.c:1379:13:MX_GPIO_Init	72	static
main.c:1526:5:__io_putchar	16	static
main.c:1533:6:outputGPIOBufInitialization	8	static
main.c:1541:6:setOutputGPIOState	16	static
main.c:1614:6:uartTransmitChar	224	static
main.c:1622:6:uartTransmitInt	104	static
main.c:1631:6:uartTransmitFloat	104	static
main.c:1641:11:readI2CRegister	40	static
main.c:1682:5:writeI2CRegister	64	static
main.c:1709:6:configureLEDDriver	24	static
main.c:1732:6:setErrorLED	48	static
main.c:1835:8:getADCValues	128	static
main.c:1956:6:setVoltageMux	48	static
main.c:1982:6:HAL_ADC_ConvCpltCallback	16	static
main.c:1985:6:winbondSPIDeviceIDRead	24	static
main.c:1993:6:spareUartTransmitRead	424	static
main.c:2011:6:startHeartbeat	16	static
main.c:2031:6:startADCRead	16	static
main.c:2058:6:GetDaScreenBlink	24	static
main.c:2161:6:startGpioInputRead	24	static
main.c:2191:6:startNavigationTask	24	static
main.c:2322:6:startErrorLEDs	32	static
main.c:2424:6:startZionRead	40	static
main.c:2525:6:startBootButtons	32	static
main.c:2721:6:HAL_TIM_PeriodElapsedCallback	16	static
main.c:2738:6:Error_Handler	4	static,ignoring_inline_asm
