main.c:214:5:main	16	static
main.c:408:6:SystemClock_Config	232	static
main.c:476:13:MX_ADC1_Init	24	static
main.c:606:13:MX_ADC2_Init	24	static
main.c:680:13:MX_ADC3_Init	24	static
main.c:769:13:MX_I2C1_Init	8	static
main.c:815:13:MX_I2C2_Init	8	static
main.c:861:13:MX_I2C3_Init	8	static
main.c:910:13:MX_I2C4_Init	8	static
main.c:956:13:MX_RTC_Init	8	static
main.c:990:13:MX_SPI4_Init	8	static
main.c:1030:13:MX_SPI5_Init	8	static
main.c:1070:13:MX_TIM4_Init	64	static
main.c:1129:13:MX_TIM5_Init	64	static
main.c:1192:13:MX_UART4_Init	8	static
main.c:1227:13:MX_UART5_Init	8	static
main.c:1262:13:MX_UART7_Init	8	static
main.c:1297:13:MX_USB_OTG_FS_PCD_Init	8	static
main.c:1330:13:MX_DMA_Init	16	static
main.c:1358:13:MX_GPIO_Init	72	static
main.c:1505:5:__io_putchar	16	static
main.c:1512:6:outputGPIOBufInitialization	8	static
main.c:1516:6:setOutputGPIOState	16	static
main.c:1589:6:uartTransmitChar	224	static
main.c:1597:6:uartTransmitInt	104	static
main.c:1606:6:uartTransmitFloat	104	static
main.c:1616:11:readI2CRegister	40	static
main.c:1657:5:writeI2CRegister	64	static
main.c:1684:6:configureLEDDriver	24	static
main.c:1707:6:setErrorLED	48	static
main.c:1810:8:getADCValues	128	static
main.c:1931:6:setVoltageMux	48	static
main.c:1957:6:HAL_ADC_ConvCpltCallback	16	static
main.c:1968:6:startHeartbeat	16	static
main.c:1988:6:startADCRead	16	static
main.c:2015:6:GetDaScreenBlink	32	static
main.c:2122:6:startGpioInputRead	24	static
main.c:2152:6:startNavigationTask	32	static
main.c:2281:6:startErrorLEDs	24	static
main.c:2304:6:startZionRead	40	static
main.c:2405:6:startBootButtons	32	static
main.c:2498:6:HAL_TIM_PeriodElapsedCallback	16	static
main.c:2515:6:Error_Handler	4	static,ignoring_inline_asm
