stm32f7xx_it.c:88:6:NMI_Handler	4	static
stm32f7xx_it.c:103:6:HardFault_Handler	4	static
stm32f7xx_it.c:118:6:MemManage_Handler	4	static
stm32f7xx_it.c:133:6:BusFault_Handler	4	static
stm32f7xx_it.c:148:6:UsageFault_Handler	4	static
stm32f7xx_it.c:163:6:DebugMon_Handler	4	static
stm32f7xx_it.c:183:6:EXTI4_IRQHandler	16	static
stm32f7xx_it.c:201:6:DMA1_Stream0_IRQHandler	8	static
stm32f7xx_it.c:215:6:ADC_IRQHandler	8	static
stm32f7xx_it.c:231:6:EXTI9_5_IRQHandler	24	static
stm32f7xx_it.c:267:6:TIM6_DAC_IRQHandler	8	static
stm32f7xx_it.c:281:6:DMA2_Stream0_IRQHandler	8	static
stm32f7xx_it.c:296:6:DMA2_Stream1_IRQHandler	8	static
stm32f7xx_it.c:311:6:DMA2_Stream2_IRQHandler	8	static
stm32f7xx_it.c:326:6:SPI4_IRQHandler	8	static
