stm32f7xx_it.c:91:6:NMI_Handler	4	static
stm32f7xx_it.c:106:6:HardFault_Handler	4	static
stm32f7xx_it.c:121:6:MemManage_Handler	4	static
stm32f7xx_it.c:136:6:BusFault_Handler	4	static
stm32f7xx_it.c:151:6:UsageFault_Handler	4	static
stm32f7xx_it.c:166:6:DebugMon_Handler	4	static
stm32f7xx_it.c:186:6:EXTI4_IRQHandler	16	static
stm32f7xx_it.c:204:6:DMA1_Stream0_IRQHandler	8	static
stm32f7xx_it.c:217:6:DMA1_Stream2_IRQHandler	8	static
stm32f7xx_it.c:231:6:DMA1_Stream3_IRQHandler	8	static
stm32f7xx_it.c:245:6:ADC_IRQHandler	8	static
stm32f7xx_it.c:261:6:EXTI9_5_IRQHandler	16	static
stm32f7xx_it.c:297:6:TIM6_DAC_IRQHandler	8	static
stm32f7xx_it.c:311:6:DMA2_Stream0_IRQHandler	8	static
stm32f7xx_it.c:326:6:DMA2_Stream1_IRQHandler	8	static
stm32f7xx_it.c:341:6:DMA2_Stream2_IRQHandler	8	static
stm32f7xx_it.c:356:6:SPI4_IRQHandler	8	static
